Archive member included because of file (symbol)

d:/cources/embededcources/enmbededd imt/new folder/00-tools/03-imt sdk/03- imt sdk/imt_sdk_win_64/winavr/bin/../lib/gcc/avr/4.3.3/avr5\libgcc.a(_udivmodhi4.o)
                              ./MCAL/UART_Driver/UART_Program.o (__udivmodhi4)
d:/cources/embededcources/enmbededd imt/new folder/00-tools/03-imt sdk/03- imt sdk/imt_sdk_win_64/winavr/bin/../lib/gcc/avr/4.3.3/avr5\libgcc.a(_divmodhi4.o)
                              ./MCAL/UART_Driver/UART_Program.o (__divmodhi4)
d:/cources/embededcources/enmbededd imt/new folder/00-tools/03-imt sdk/03- imt sdk/imt_sdk_win_64/winavr/bin/../lib/gcc/avr/4.3.3/avr5\libgcc.a(_exit.o)
                              d:/cources/embededcources/enmbededd imt/new folder/00-tools/03-imt sdk/03- imt sdk/imt_sdk_win_64/winavr/bin/../lib/gcc/avr/4.3.3/../../../../avr/lib/avr5/crtm32.o (exit)
d:/cources/embededcources/enmbededd imt/new folder/00-tools/03-imt sdk/03- imt sdk/imt_sdk_win_64/winavr/bin/../lib/gcc/avr/4.3.3/avr5\libgcc.a(_copy_data.o)
                              ./MCAL/ADC_Driver/ADC_Program.o (__do_copy_data)
d:/cources/embededcources/enmbededd imt/new folder/00-tools/03-imt sdk/03- imt sdk/imt_sdk_win_64/winavr/bin/../lib/gcc/avr/4.3.3/avr5\libgcc.a(_clear_bss.o)
                              ./MCAL/UART_Driver/UART_Program.o (__do_clear_bss)
d:/cources/embededcources/enmbededd imt/new folder/00-tools/03-imt sdk/03- imt sdk/imt_sdk_win_64/winavr/bin/../lib/gcc/avr/4.3.3/avr5\libgcc.a(_fixunssfsi.o)
                              ./MCAL/UART_Driver/UART_Program.o (__fixunssfsi)
d:/cources/embededcources/enmbededd imt/new folder/00-tools/03-imt sdk/03- imt sdk/imt_sdk_win_64/winavr/bin/../lib/gcc/avr/4.3.3/avr5\libgcc.a(_addsub_sf.o)
                              ./MCAL/UART_Driver/UART_Program.o (__subsf3)
d:/cources/embededcources/enmbededd imt/new folder/00-tools/03-imt sdk/03- imt sdk/imt_sdk_win_64/winavr/bin/../lib/gcc/avr/4.3.3/avr5\libgcc.a(_mul_sf.o)
                              ./MCAL/UART_Driver/UART_Program.o (__mulsf3)
d:/cources/embededcources/enmbededd imt/new folder/00-tools/03-imt sdk/03- imt sdk/imt_sdk_win_64/winavr/bin/../lib/gcc/avr/4.3.3/avr5\libgcc.a(_div_sf.o)
                              ./HAL/LM35_Module/LM35_Program.o (__divsf3)
d:/cources/embededcources/enmbededd imt/new folder/00-tools/03-imt sdk/03- imt sdk/imt_sdk_win_64/winavr/bin/../lib/gcc/avr/4.3.3/avr5\libgcc.a(_gt_sf.o)
                              ./HAL/ServoMotor_Handler/ServoMotor_Program.o (__gtsf2)
d:/cources/embededcources/enmbededd imt/new folder/00-tools/03-imt sdk/03- imt sdk/imt_sdk_win_64/winavr/bin/../lib/gcc/avr/4.3.3/avr5\libgcc.a(_ge_sf.o)
                              d:/cources/embededcources/enmbededd imt/new folder/00-tools/03-imt sdk/03- imt sdk/imt_sdk_win_64/winavr/bin/../lib/gcc/avr/4.3.3/avr5\libgcc.a(_fixunssfsi.o) (__gesf2)
d:/cources/embededcources/enmbededd imt/new folder/00-tools/03-imt sdk/03- imt sdk/imt_sdk_win_64/winavr/bin/../lib/gcc/avr/4.3.3/avr5\libgcc.a(_lt_sf.o)
                              ./MCAL/UART_Driver/UART_Program.o (__ltsf2)
d:/cources/embededcources/enmbededd imt/new folder/00-tools/03-imt sdk/03- imt sdk/imt_sdk_win_64/winavr/bin/../lib/gcc/avr/4.3.3/avr5\libgcc.a(_sf_to_si.o)
                              ./MCAL/UART_Driver/UART_Program.o (__fixsfsi)
d:/cources/embededcources/enmbededd imt/new folder/00-tools/03-imt sdk/03- imt sdk/imt_sdk_win_64/winavr/bin/../lib/gcc/avr/4.3.3/avr5\libgcc.a(_thenan_sf.o)
                              d:/cources/embededcources/enmbededd imt/new folder/00-tools/03-imt sdk/03- imt sdk/imt_sdk_win_64/winavr/bin/../lib/gcc/avr/4.3.3/avr5\libgcc.a(_addsub_sf.o) (__thenan_sf)
d:/cources/embededcources/enmbededd imt/new folder/00-tools/03-imt sdk/03- imt sdk/imt_sdk_win_64/winavr/bin/../lib/gcc/avr/4.3.3/avr5\libgcc.a(_usi_to_sf.o)
                              ./MCAL/UART_Driver/UART_Program.o (__floatunsisf)
d:/cources/embededcources/enmbededd imt/new folder/00-tools/03-imt sdk/03- imt sdk/imt_sdk_win_64/winavr/bin/../lib/gcc/avr/4.3.3/avr5\libgcc.a(_prologue.o)
                              d:/cources/embededcources/enmbededd imt/new folder/00-tools/03-imt sdk/03- imt sdk/imt_sdk_win_64/winavr/bin/../lib/gcc/avr/4.3.3/avr5\libgcc.a(_addsub_sf.o) (__prologue_saves__)
d:/cources/embededcources/enmbededd imt/new folder/00-tools/03-imt sdk/03- imt sdk/imt_sdk_win_64/winavr/bin/../lib/gcc/avr/4.3.3/avr5\libgcc.a(_epilogue.o)
                              d:/cources/embededcources/enmbededd imt/new folder/00-tools/03-imt sdk/03- imt sdk/imt_sdk_win_64/winavr/bin/../lib/gcc/avr/4.3.3/avr5\libgcc.a(_addsub_sf.o) (__epilogue_restores__)
d:/cources/embededcources/enmbededd imt/new folder/00-tools/03-imt sdk/03- imt sdk/imt_sdk_win_64/winavr/bin/../lib/gcc/avr/4.3.3/avr5\libgcc.a(_clzsi2.o)
                              d:/cources/embededcources/enmbededd imt/new folder/00-tools/03-imt sdk/03- imt sdk/imt_sdk_win_64/winavr/bin/../lib/gcc/avr/4.3.3/avr5\libgcc.a(_usi_to_sf.o) (__clzsi2)
d:/cources/embededcources/enmbededd imt/new folder/00-tools/03-imt sdk/03- imt sdk/imt_sdk_win_64/winavr/bin/../lib/gcc/avr/4.3.3/avr5\libgcc.a(_pack_sf.o)
                              d:/cources/embededcources/enmbededd imt/new folder/00-tools/03-imt sdk/03- imt sdk/imt_sdk_win_64/winavr/bin/../lib/gcc/avr/4.3.3/avr5\libgcc.a(_addsub_sf.o) (__pack_f)
d:/cources/embededcources/enmbededd imt/new folder/00-tools/03-imt sdk/03- imt sdk/imt_sdk_win_64/winavr/bin/../lib/gcc/avr/4.3.3/avr5\libgcc.a(_unpack_sf.o)
                              d:/cources/embededcources/enmbededd imt/new folder/00-tools/03-imt sdk/03- imt sdk/imt_sdk_win_64/winavr/bin/../lib/gcc/avr/4.3.3/avr5\libgcc.a(_addsub_sf.o) (__unpack_f)
d:/cources/embededcources/enmbededd imt/new folder/00-tools/03-imt sdk/03- imt sdk/imt_sdk_win_64/winavr/bin/../lib/gcc/avr/4.3.3/avr5\libgcc.a(_fpcmp_parts_sf.o)
                              d:/cources/embededcources/enmbededd imt/new folder/00-tools/03-imt sdk/03- imt sdk/imt_sdk_win_64/winavr/bin/../lib/gcc/avr/4.3.3/avr5\libgcc.a(_gt_sf.o) (__fpcmp_parts_f)
d:/cources/embededcources/enmbededd imt/new folder/00-tools/03-imt sdk/03- imt sdk/imt_sdk_win_64/winavr/bin/../lib/gcc/avr/4.3.3/avr5\libgcc.a(_clz.o)
                              d:/cources/embededcources/enmbededd imt/new folder/00-tools/03-imt sdk/03- imt sdk/imt_sdk_win_64/winavr/bin/../lib/gcc/avr/4.3.3/avr5\libgcc.a(_clzsi2.o) (__clz_tab)
d:/cources/embededcources/enmbededd imt/new folder/00-tools/03-imt sdk/03- imt sdk/imt_sdk_win_64/winavr/bin/../lib/gcc/avr/4.3.3/../../../../avr/lib/avr5\libc.a(strlen.o)
                              ./MCAL/UART_Driver/UART_Program.o (strlen)

Memory Configuration

Name             Origin             Length             Attributes
text             0x00000000         0x00020000         xr
data             0x00800060         0x0000ffa0         rw !x
eeprom           0x00810000         0x00010000         rw !x
fuse             0x00820000         0x00000400         rw !x
lock             0x00830000         0x00000400         rw !x
signature        0x00840000         0x00000400         rw !x
*default*        0x00000000         0xffffffff

Linker script and memory map

LOAD d:/cources/embededcources/enmbededd imt/new folder/00-tools/03-imt sdk/03- imt sdk/imt_sdk_win_64/winavr/bin/../lib/gcc/avr/4.3.3/../../../../avr/lib/avr5/crtm32.o
LOAD ./MCAL/UART_Driver/UART_Program.o
LOAD ./MCAL/Timer_Driver/Timer_Program.o
LOAD ./MCAL/PORT_Driver/PORT_Program.o
LOAD ./MCAL/GIE_Driver/GIE_Program.o
LOAD ./MCAL/External_Interrupt_Driver/External_Interrupt_Program.o
LOAD ./MCAL/DIO_Driver/DIO_Program.o
LOAD ./MCAL/ADC_Driver/ADC_Program.o
LOAD ./HAL/ServoMotor_Handler/ServoMotor_Program.o
LOAD ./HAL/LM35_Module/LM35_Program.o
LOAD ./HAL/LED_Module/LED1_Program.o
LOAD ./HAL/LCD_Module/LCD_Program.o
LOAD ./HAL/Keypad_Module/Keypad_Program.o
LOAD ./HAL/DC_MOTOR/DC_MOTOR_Program.o
LOAD ./APP/main.o
LOAD d:/cources/embededcources/enmbededd imt/new folder/00-tools/03-imt sdk/03- imt sdk/imt_sdk_win_64/winavr/bin/../lib/gcc/avr/4.3.3/avr5\libgcc.a
LOAD d:/cources/embededcources/enmbededd imt/new folder/00-tools/03-imt sdk/03- imt sdk/imt_sdk_win_64/winavr/bin/../lib/gcc/avr/4.3.3/../../../../avr/lib/avr5\libc.a
LOAD d:/cources/embededcources/enmbededd imt/new folder/00-tools/03-imt sdk/03- imt sdk/imt_sdk_win_64/winavr/bin/../lib/gcc/avr/4.3.3/avr5\libgcc.a

.hash
 *(.hash)

.dynsym
 *(.dynsym)

.dynstr
 *(.dynstr)

.gnu.version
 *(.gnu.version)

.gnu.version_d
 *(.gnu.version_d)

.gnu.version_r
 *(.gnu.version_r)

.rel.init
 *(.rel.init)

.rela.init
 *(.rela.init)

.rel.text
 *(.rel.text)
 *(.rel.text.*)
 *(.rel.gnu.linkonce.t*)

.rela.text
 *(.rela.text)
 *(.rela.text.*)
 *(.rela.gnu.linkonce.t*)

.rel.fini
 *(.rel.fini)

.rela.fini
 *(.rela.fini)

.rel.rodata
 *(.rel.rodata)
 *(.rel.rodata.*)
 *(.rel.gnu.linkonce.r*)

.rela.rodata
 *(.rela.rodata)
 *(.rela.rodata.*)
 *(.rela.gnu.linkonce.r*)

.rel.data
 *(.rel.data)
 *(.rel.data.*)
 *(.rel.gnu.linkonce.d*)

.rela.data
 *(.rela.data)
 *(.rela.data.*)
 *(.rela.gnu.linkonce.d*)

.rel.ctors
 *(.rel.ctors)

.rela.ctors
 *(.rela.ctors)

.rel.dtors
 *(.rel.dtors)

.rela.dtors
 *(.rela.dtors)

.rel.got
 *(.rel.got)

.rela.got
 *(.rela.got)

.rel.bss
 *(.rel.bss)

.rela.bss
 *(.rela.bss)

.rel.plt
 *(.rel.plt)

.rela.plt
 *(.rela.plt)

.text           0x00000000     0x3e9e
 *(.vectors)
 .vectors       0x00000000       0x54 d:/cources/embededcources/enmbededd imt/new folder/00-tools/03-imt sdk/03- imt sdk/imt_sdk_win_64/winavr/bin/../lib/gcc/avr/4.3.3/../../../../avr/lib/avr5/crtm32.o
                0x00000000                __vectors
                0x00000000                __vector_default
 *(.vectors)
 *(.progmem.gcc*)
 *(.progmem*)
                0x00000054                . = ALIGN (0x2)
                0x00000054                __trampolines_start = .
 *(.trampolines)
 .trampolines   0x00000054        0x0 linker stubs
 *(.trampolines*)
                0x00000054                __trampolines_end = .
 *(.jumptables)
 *(.jumptables*)
 *(.lowtext)
 *(.lowtext*)
                0x00000054                __ctors_start = .
 *(.ctors)
                0x00000054                __ctors_end = .
                0x00000054                __dtors_start = .
 *(.dtors)
                0x00000054                __dtors_end = .
 SORT(*)(.ctors)
 SORT(*)(.dtors)
 *(.init0)
 .init0         0x00000054        0x0 d:/cources/embededcources/enmbededd imt/new folder/00-tools/03-imt sdk/03- imt sdk/imt_sdk_win_64/winavr/bin/../lib/gcc/avr/4.3.3/../../../../avr/lib/avr5/crtm32.o
                0x00000054                __init
 *(.init0)
 *(.init1)
 *(.init1)
 *(.init2)
 .init2         0x00000054        0xc d:/cources/embededcources/enmbededd imt/new folder/00-tools/03-imt sdk/03- imt sdk/imt_sdk_win_64/winavr/bin/../lib/gcc/avr/4.3.3/../../../../avr/lib/avr5/crtm32.o
 *(.init2)
 *(.init3)
 *(.init3)
 *(.init4)
 .init4         0x00000060       0x16 d:/cources/embededcources/enmbededd imt/new folder/00-tools/03-imt sdk/03- imt sdk/imt_sdk_win_64/winavr/bin/../lib/gcc/avr/4.3.3/avr5\libgcc.a(_copy_data.o)
                0x00000060                __do_copy_data
 .init4         0x00000076       0x10 d:/cources/embededcources/enmbededd imt/new folder/00-tools/03-imt sdk/03- imt sdk/imt_sdk_win_64/winavr/bin/../lib/gcc/avr/4.3.3/avr5\libgcc.a(_clear_bss.o)
                0x00000076                __do_clear_bss
 *(.init4)
 *(.init5)
 *(.init5)
 *(.init6)
 *(.init6)
 *(.init7)
 *(.init7)
 *(.init8)
 *(.init8)
 *(.init9)
 .init9         0x00000086        0x8 d:/cources/embededcources/enmbededd imt/new folder/00-tools/03-imt sdk/03- imt sdk/imt_sdk_win_64/winavr/bin/../lib/gcc/avr/4.3.3/../../../../avr/lib/avr5/crtm32.o
 *(.init9)
 *(.text)
 .text          0x0000008e        0x4 d:/cources/embededcources/enmbededd imt/new folder/00-tools/03-imt sdk/03- imt sdk/imt_sdk_win_64/winavr/bin/../lib/gcc/avr/4.3.3/../../../../avr/lib/avr5/crtm32.o
                0x0000008e                __vector_12
                0x0000008e                __bad_interrupt
                0x0000008e                __vector_3
                0x0000008e                __vector_17
                0x0000008e                __vector_19
                0x0000008e                __vector_2
                0x0000008e                __vector_18
                0x0000008e                __vector_20
 .text          0x00000092        0x0 ./MCAL/UART_Driver/UART_Program.o
 .text          0x00000092        0x0 ./MCAL/Timer_Driver/Timer_Program.o
 .text          0x00000092        0x0 ./MCAL/PORT_Driver/PORT_Program.o
 .text          0x00000092        0x0 ./MCAL/GIE_Driver/GIE_Program.o
 .text          0x00000092        0x0 ./MCAL/External_Interrupt_Driver/External_Interrupt_Program.o
 .text          0x00000092        0x0 ./MCAL/DIO_Driver/DIO_Program.o
 .text          0x00000092        0x0 ./MCAL/ADC_Driver/ADC_Program.o
 .text          0x00000092        0x0 ./HAL/ServoMotor_Handler/ServoMotor_Program.o
 .text          0x00000092        0x0 ./HAL/LM35_Module/LM35_Program.o
 .text          0x00000092        0x0 ./HAL/LED_Module/LED1_Program.o
 .text          0x00000092        0x0 ./HAL/LCD_Module/LCD_Program.o
 .text          0x00000092        0x0 ./HAL/Keypad_Module/Keypad_Program.o
 .text          0x00000092        0x0 ./HAL/DC_MOTOR/DC_MOTOR_Program.o
 .text          0x00000092        0x0 ./APP/main.o
 .text          0x00000092        0x0 d:/cources/embededcources/enmbededd imt/new folder/00-tools/03-imt sdk/03- imt sdk/imt_sdk_win_64/winavr/bin/../lib/gcc/avr/4.3.3/avr5\libgcc.a(_udivmodhi4.o)
 .text          0x00000092        0x0 d:/cources/embededcources/enmbededd imt/new folder/00-tools/03-imt sdk/03- imt sdk/imt_sdk_win_64/winavr/bin/../lib/gcc/avr/4.3.3/avr5\libgcc.a(_divmodhi4.o)
 .text          0x00000092        0x0 d:/cources/embededcources/enmbededd imt/new folder/00-tools/03-imt sdk/03- imt sdk/imt_sdk_win_64/winavr/bin/../lib/gcc/avr/4.3.3/avr5\libgcc.a(_exit.o)
 .text          0x00000092        0x0 d:/cources/embededcources/enmbededd imt/new folder/00-tools/03-imt sdk/03- imt sdk/imt_sdk_win_64/winavr/bin/../lib/gcc/avr/4.3.3/avr5\libgcc.a(_copy_data.o)
 .text          0x00000092        0x0 d:/cources/embededcources/enmbededd imt/new folder/00-tools/03-imt sdk/03- imt sdk/imt_sdk_win_64/winavr/bin/../lib/gcc/avr/4.3.3/avr5\libgcc.a(_clear_bss.o)
 .text          0x00000092       0x58 d:/cources/embededcources/enmbededd imt/new folder/00-tools/03-imt sdk/03- imt sdk/imt_sdk_win_64/winavr/bin/../lib/gcc/avr/4.3.3/avr5\libgcc.a(_fixunssfsi.o)
                0x00000092                __fixunssfsi
 .text          0x000000ea      0x354 d:/cources/embededcources/enmbededd imt/new folder/00-tools/03-imt sdk/03- imt sdk/imt_sdk_win_64/winavr/bin/../lib/gcc/avr/4.3.3/avr5\libgcc.a(_addsub_sf.o)
                0x00000382                __subsf3
                0x000003e4                __addsf3
 .text          0x0000043e      0x1f4 d:/cources/embededcources/enmbededd imt/new folder/00-tools/03-imt sdk/03- imt sdk/imt_sdk_win_64/winavr/bin/../lib/gcc/avr/4.3.3/avr5\libgcc.a(_mul_sf.o)
                0x0000043e                __mulsf3
 .text          0x00000632      0x158 d:/cources/embededcources/enmbededd imt/new folder/00-tools/03-imt sdk/03- imt sdk/imt_sdk_win_64/winavr/bin/../lib/gcc/avr/4.3.3/avr5\libgcc.a(_div_sf.o)
                0x00000632                __divsf3
 .text          0x0000078a       0x60 d:/cources/embededcources/enmbededd imt/new folder/00-tools/03-imt sdk/03- imt sdk/imt_sdk_win_64/winavr/bin/../lib/gcc/avr/4.3.3/avr5\libgcc.a(_gt_sf.o)
                0x0000078a                __gtsf2
 .text          0x000007ea       0x60 d:/cources/embededcources/enmbededd imt/new folder/00-tools/03-imt sdk/03- imt sdk/imt_sdk_win_64/winavr/bin/../lib/gcc/avr/4.3.3/avr5\libgcc.a(_ge_sf.o)
                0x000007ea                __gesf2
 .text          0x0000084a       0x60 d:/cources/embededcources/enmbededd imt/new folder/00-tools/03-imt sdk/03- imt sdk/imt_sdk_win_64/winavr/bin/../lib/gcc/avr/4.3.3/avr5\libgcc.a(_lt_sf.o)
                0x0000084a                __ltsf2
 .text          0x000008aa       0xa8 d:/cources/embededcources/enmbededd imt/new folder/00-tools/03-imt sdk/03- imt sdk/imt_sdk_win_64/winavr/bin/../lib/gcc/avr/4.3.3/avr5\libgcc.a(_sf_to_si.o)
                0x000008aa                __fixsfsi
 .text          0x00000952        0x0 d:/cources/embededcources/enmbededd imt/new folder/00-tools/03-imt sdk/03- imt sdk/imt_sdk_win_64/winavr/bin/../lib/gcc/avr/4.3.3/avr5\libgcc.a(_thenan_sf.o)
 .text          0x00000952       0xf2 d:/cources/embededcources/enmbededd imt/new folder/00-tools/03-imt sdk/03- imt sdk/imt_sdk_win_64/winavr/bin/../lib/gcc/avr/4.3.3/avr5\libgcc.a(_usi_to_sf.o)
                0x00000952                __floatunsisf
 .text          0x00000a44        0x0 d:/cources/embededcources/enmbededd imt/new folder/00-tools/03-imt sdk/03- imt sdk/imt_sdk_win_64/winavr/bin/../lib/gcc/avr/4.3.3/avr5\libgcc.a(_prologue.o)
 .text          0x00000a44        0x0 d:/cources/embededcources/enmbededd imt/new folder/00-tools/03-imt sdk/03- imt sdk/imt_sdk_win_64/winavr/bin/../lib/gcc/avr/4.3.3/avr5\libgcc.a(_epilogue.o)
 .text          0x00000a44       0x9e d:/cources/embededcources/enmbededd imt/new folder/00-tools/03-imt sdk/03- imt sdk/imt_sdk_win_64/winavr/bin/../lib/gcc/avr/4.3.3/avr5\libgcc.a(_clzsi2.o)
                0x00000a44                __clzsi2
 .text          0x00000ae2      0x1aa d:/cources/embededcources/enmbededd imt/new folder/00-tools/03-imt sdk/03- imt sdk/imt_sdk_win_64/winavr/bin/../lib/gcc/avr/4.3.3/avr5\libgcc.a(_pack_sf.o)
                0x00000ae2                __pack_f
 .text          0x00000c8c       0xf0 d:/cources/embededcources/enmbededd imt/new folder/00-tools/03-imt sdk/03- imt sdk/imt_sdk_win_64/winavr/bin/../lib/gcc/avr/4.3.3/avr5\libgcc.a(_unpack_sf.o)
                0x00000c8c                __unpack_f
 .text          0x00000d7c       0xb2 d:/cources/embededcources/enmbededd imt/new folder/00-tools/03-imt sdk/03- imt sdk/imt_sdk_win_64/winavr/bin/../lib/gcc/avr/4.3.3/avr5\libgcc.a(_fpcmp_parts_sf.o)
                0x00000d7c                __fpcmp_parts_f
 .text          0x00000e2e        0x0 d:/cources/embededcources/enmbededd imt/new folder/00-tools/03-imt sdk/03- imt sdk/imt_sdk_win_64/winavr/bin/../lib/gcc/avr/4.3.3/avr5\libgcc.a(_clz.o)
 .text          0x00000e2e        0x0 d:/cources/embededcources/enmbededd imt/new folder/00-tools/03-imt sdk/03- imt sdk/imt_sdk_win_64/winavr/bin/../lib/gcc/avr/4.3.3/../../../../avr/lib/avr5\libc.a(strlen.o)
                0x00000e2e                . = ALIGN (0x2)
 *(.text.*)
 .text.UART_VoidInit
                0x00000e2e       0xf0 ./MCAL/UART_Driver/UART_Program.o
                0x00000e2e                UART_VoidInit
 .text.UART_u8FrameErrorDetection
                0x00000f1e       0x30 ./MCAL/UART_Driver/UART_Program.o
                0x00000f1e                UART_u8FrameErrorDetection
 .text.UART_u8DataOverRunDetection
                0x00000f4e       0x32 ./MCAL/UART_Driver/UART_Program.o
                0x00000f4e                UART_u8DataOverRunDetection
 .text.UART_u8ParityErrorDetection
                0x00000f80       0x30 ./MCAL/UART_Driver/UART_Program.o
                0x00000f80                UART_u8ParityErrorDetection
 .text.UART_u8SetBaudRate
                0x00000fb0       0x6e ./MCAL/UART_Driver/UART_Program.o
                0x00000fb0                UART_u8SetBaudRate
 .text.UART_VoidTXSendData
                0x0000101e       0x38 ./MCAL/UART_Driver/UART_Program.o
                0x0000101e                UART_VoidTXSendData
 .text.UART_u16RXRecieveData
                0x00001056       0x30 ./MCAL/UART_Driver/UART_Program.o
                0x00001056                UART_u16RXRecieveData
 .text.UART_VoidTxSendFloatNumber
                0x00001086       0xa2 ./MCAL/UART_Driver/UART_Program.o
                0x00001086                UART_VoidTxSendFloatNumber
 .text.UART_VoidSendNumber
                0x00001128       0xe0 ./MCAL/UART_Driver/UART_Program.o
                0x00001128                UART_VoidSendNumber
 .text.CountParameters
                0x00001208       0x6a ./MCAL/UART_Driver/UART_Program.o
                0x00001208                CountParameters
 .text.log_print
                0x00001272      0x2ea ./MCAL/UART_Driver/UART_Program.o
                0x00001272                log_print
 .text.SendAddressUART_Callback
                0x0000155c       0x5a ./MCAL/UART_Driver/UART_Program.o
                0x0000155c                SendAddressUART_Callback
 .text.__vector_13
                0x000015b6       0x5a ./MCAL/UART_Driver/UART_Program.o
                0x000015b6                __vector_13
 .text.__vector_14
                0x00001610       0x5a ./MCAL/UART_Driver/UART_Program.o
                0x00001610                __vector_14
 .text.__vector_15
                0x0000166a       0x5a ./MCAL/UART_Driver/UART_Program.o
                0x0000166a                __vector_15
 .text.TMR0_VoidInit_Prebuild
                0x000016c4       0x6e ./MCAL/Timer_Driver/Timer_Program.o
                0x000016c4                TMR0_VoidInit_Prebuild
 .text.TMR0_VoidClkSelection
                0x00001732       0x32 ./MCAL/Timer_Driver/Timer_Program.o
                0x00001732                TMR0_VoidClkSelection
 .text.TMR0_VoidStartTimer
                0x00001764       0x22 ./MCAL/Timer_Driver/Timer_Program.o
                0x00001764                TMR0_VoidStartTimer
 .text.TMR0_VoidStopTimer
                0x00001786       0x1c ./MCAL/Timer_Driver/Timer_Program.o
                0x00001786                TMR0_VoidStopTimer
 .text.TMR0_VoidSetPreLoadValue
                0x000017a2       0x1c ./MCAL/Timer_Driver/Timer_Program.o
                0x000017a2                TMR0_VoidSetPreLoadValue
 .text.TMR0_VoidSetCTCValue
                0x000017be       0x1c ./MCAL/Timer_Driver/Timer_Program.o
                0x000017be                TMR0_VoidSetCTCValue
 .text.TMR0_VoidEnableINT_OVF
                0x000017da       0x1c ./MCAL/Timer_Driver/Timer_Program.o
                0x000017da                TMR0_VoidEnableINT_OVF
 .text.TMR0_VoidDisableINT_OVF
                0x000017f6       0x1c ./MCAL/Timer_Driver/Timer_Program.o
                0x000017f6                TMR0_VoidDisableINT_OVF
 .text.TMR0_VoidEnableINT_CTC
                0x00001812       0x1c ./MCAL/Timer_Driver/Timer_Program.o
                0x00001812                TMR0_VoidEnableINT_CTC
 .text.TMR0_VoidDisableINT_CTC
                0x0000182e       0x1c ./MCAL/Timer_Driver/Timer_Program.o
                0x0000182e                TMR0_VoidDisableINT_CTC
 .text.TMR0_VoidResetTimer
                0x0000184a       0x14 ./MCAL/Timer_Driver/Timer_Program.o
                0x0000184a                TMR0_VoidResetTimer
 .text.TMR1_VoidInit_Prebuild
                0x0000185e       0xe0 ./MCAL/Timer_Driver/Timer_Program.o
                0x0000185e                TMR1_VoidInit_Prebuild
 .text.TMR1_VoidSetInputCaptureEdge
                0x0000193e       0x3e ./MCAL/Timer_Driver/Timer_Program.o
                0x0000193e                TMR1_VoidSetInputCaptureEdge
 .text.TMR1_VoidReadInputCapture
                0x0000197c       0x16 ./MCAL/Timer_Driver/Timer_Program.o
                0x0000197c                TMR1_VoidReadInputCapture
 .text.TMR1_VoidClkSelection
                0x00001992       0x32 ./MCAL/Timer_Driver/Timer_Program.o
                0x00001992                TMR1_VoidClkSelection
 .text.TMR1_VoidResetTimer
                0x000019c4       0x16 ./MCAL/Timer_Driver/Timer_Program.o
                0x000019c4                TMR1_VoidResetTimer
 .text.TMR1_VoidSetCompareMathChannelA
                0x000019da       0x24 ./MCAL/Timer_Driver/Timer_Program.o
                0x000019da                TMR1_VoidSetCompareMathChannelA
 .text.TMR1_VoidSetCompareMathChannelB
                0x000019fe       0x24 ./MCAL/Timer_Driver/Timer_Program.o
                0x000019fe                TMR1_VoidSetCompareMathChannelB
 .text.TMR1_VoidSetTopVal
                0x00001a22       0x24 ./MCAL/Timer_Driver/Timer_Program.o
                0x00001a22                TMR1_VoidSetTopVal
 .text.TMR1_VoidEnableINT_OVF
                0x00001a46       0x1c ./MCAL/Timer_Driver/Timer_Program.o
                0x00001a46                TMR1_VoidEnableINT_OVF
 .text.TMR1_VoidDisableINT_OVF
                0x00001a62       0x1c ./MCAL/Timer_Driver/Timer_Program.o
                0x00001a62                TMR1_VoidDisableINT_OVF
 .text.TMR1_VoidEnableINT_CTC_ChannelA
                0x00001a7e       0x1c ./MCAL/Timer_Driver/Timer_Program.o
                0x00001a7e                TMR1_VoidEnableINT_CTC_ChannelA
 .text.TMR1_VoidDisableINT_CTC_ChannelA
                0x00001a9a       0x1c ./MCAL/Timer_Driver/Timer_Program.o
                0x00001a9a                TMR1_VoidDisableINT_CTC_ChannelA
 .text.TMR1_VoidEnableINT_CTC_ChannelB
                0x00001ab6       0x1c ./MCAL/Timer_Driver/Timer_Program.o
                0x00001ab6                TMR1_VoidEnableINT_CTC_ChannelB
 .text.TMR1_VoidDisableINT_CTC_ChannelB
                0x00001ad2       0x1c ./MCAL/Timer_Driver/Timer_Program.o
                0x00001ad2                TMR1_VoidDisableINT_CTC_ChannelB
 .text.TMR1_VoidEnableINT_CaptureMode
                0x00001aee       0x1c ./MCAL/Timer_Driver/Timer_Program.o
                0x00001aee                TMR1_VoidEnableINT_CaptureMode
 .text.TMR1_VoidDisableINT_CaptureMode
                0x00001b0a       0x1c ./MCAL/Timer_Driver/Timer_Program.o
                0x00001b0a                TMR1_VoidDisableINT_CaptureMode
 .text.TMR1_VoidSetTimerVal
                0x00001b26       0x24 ./MCAL/Timer_Driver/Timer_Program.o
                0x00001b26                TMR1_VoidSetTimerVal
 .text.TMR1_VoidGetTimerVal
                0x00001b4a       0x16 ./MCAL/Timer_Driver/Timer_Program.o
                0x00001b4a                TMR1_VoidGetTimerVal
 .text.SendAddressTimer_Callback
                0x00001b60       0x5a ./MCAL/Timer_Driver/Timer_Program.o
                0x00001b60                SendAddressTimer_Callback
 .text.__vector_11
                0x00001bba       0x5a ./MCAL/Timer_Driver/Timer_Program.o
                0x00001bba                __vector_11
 .text.__vector_10
                0x00001c14       0x5a ./MCAL/Timer_Driver/Timer_Program.o
                0x00001c14                __vector_10
 .text.__vector_9
                0x00001c6e       0x5a ./MCAL/Timer_Driver/Timer_Program.o
                0x00001c6e                __vector_9
 .text.__vector_8
                0x00001cc8       0x5a ./MCAL/Timer_Driver/Timer_Program.o
                0x00001cc8                __vector_8
 .text.__vector_7
                0x00001d22       0x5a ./MCAL/Timer_Driver/Timer_Program.o
                0x00001d22                __vector_7
 .text.__vector_6
                0x00001d7c       0x5a ./MCAL/Timer_Driver/Timer_Program.o
                0x00001d7c                __vector_6
 .text.__vector_5
                0x00001dd6       0x5a ./MCAL/Timer_Driver/Timer_Program.o
                0x00001dd6                __vector_5
 .text.__vector_4
                0x00001e30       0x5a ./MCAL/Timer_Driver/Timer_Program.o
                0x00001e30                __vector_4
 .text.PORT_VoidInit
                0x00001e8a       0x48 ./MCAL/PORT_Driver/PORT_Program.o
                0x00001e8a                PORT_VoidInit
 .text.EXTI_VidEnableOrDisableGIE
                0x00001ed2       0x3e ./MCAL/GIE_Driver/GIE_Program.o
                0x00001ed2                EXTI_VidEnableOrDisableGIE
 .text.EXTI_u8EnableOrDisableInterruptPin_Postbuild
                0x00001f10      0x104 ./MCAL/External_Interrupt_Driver/External_Interrupt_Program.o
                0x00001f10                EXTI_u8EnableOrDisableInterruptPin_Postbuild
 .text.EXTI_voidEnableOrDisableInterruptPin_Prebuild
                0x00002014       0x38 ./MCAL/External_Interrupt_Driver/External_Interrupt_Program.o
                0x00002014                EXTI_voidEnableOrDisableInterruptPin_Prebuild
 .text.EXTI_u8ControlSense_Postbuild
                0x0000204c      0x1b0 ./MCAL/External_Interrupt_Driver/External_Interrupt_Program.o
                0x0000204c                EXTI_u8ControlSense_Postbuild
 .text.EXTI_VidControlSense_Prebuild
                0x000021fc       0x34 ./MCAL/External_Interrupt_Driver/External_Interrupt_Program.o
                0x000021fc                EXTI_VidControlSense_Prebuild
 .text.SendAddress_Callback
                0x00002230       0x3e ./MCAL/External_Interrupt_Driver/External_Interrupt_Program.o
                0x00002230                SendAddress_Callback
 .text.__vector_1
                0x0000226e       0x5a ./MCAL/External_Interrupt_Driver/External_Interrupt_Program.o
                0x0000226e                __vector_1
 .text.DIO_U8SetPortDir
                0x000022c8       0x96 ./MCAL/DIO_Driver/DIO_Program.o
                0x000022c8                DIO_U8SetPortDir
 .text.DIO_U8SetPortVal
                0x0000235e       0x96 ./MCAL/DIO_Driver/DIO_Program.o
                0x0000235e                DIO_U8SetPortVal
 .text.DIO_U8GetPortVal
                0x000023f4       0xaa ./MCAL/DIO_Driver/DIO_Program.o
                0x000023f4                DIO_U8GetPortVal
 .text.DIO_U8SetPinDir
                0x0000249e      0x20a ./MCAL/DIO_Driver/DIO_Program.o
                0x0000249e                DIO_U8SetPinDir
 .text.DIO_U8SetPinVal
                0x000026a8      0x20a ./MCAL/DIO_Driver/DIO_Program.o
                0x000026a8                DIO_U8SetPinVal
 .text.DIO_U8GetPinVal
                0x000028b2      0x112 ./MCAL/DIO_Driver/DIO_Program.o
                0x000028b2                DIO_U8GetPinVal
 .text.ADC_VoidInit_PreBuild
                0x000029c4       0x1e ./MCAL/ADC_Driver/ADC_Program.o
                0x000029c4                ADC_VoidInit_PreBuild
 .text.ADC_u8AdjustmentSelect_Postbuild
                0x000029e2       0x4a ./MCAL/ADC_Driver/ADC_Program.o
                0x000029e2                ADC_u8AdjustmentSelect_Postbuild
 .text.ADC_VoidVrefSelect_Postbuild
                0x00002a2c       0x34 ./MCAL/ADC_Driver/ADC_Program.o
                0x00002a2c                ADC_VoidVrefSelect_Postbuild
 .text.ADC_VoidPrescalerSelect_Postbuild
                0x00002a60       0x34 ./MCAL/ADC_Driver/ADC_Program.o
                0x00002a60                ADC_VoidPrescalerSelect_Postbuild
 .text.ADC_u8ONO_OFFStateSelect_Postbuild
                0x00002a94       0x4a ./MCAL/ADC_Driver/ADC_Program.o
                0x00002a94                ADC_u8ONO_OFFStateSelect_Postbuild
 .text.ADC_u8AutoTriggerEnable_Postbuild
                0x00002ade       0x70 ./MCAL/ADC_Driver/ADC_Program.o
                0x00002ade                ADC_u8AutoTriggerEnable_Postbuild
 .text.ADC_u8GetDigitalValChannel
                0x00002b4e      0x126 ./MCAL/ADC_Driver/ADC_Program.o
                0x00002b4e                ADC_u8GetDigitalValChannel
 .text.ADC_u8GetDigitalValChannelAsynchronus
                0x00002c74       0xb2 ./MCAL/ADC_Driver/ADC_Program.o
                0x00002c74                ADC_u8GetDigitalValChannelAsynchronus
 .text.__vector_16
                0x00002d26       0xcc ./MCAL/ADC_Driver/ADC_Program.o
                0x00002d26                __vector_16
 .text.ServoMotor_VoidInit
                0x00002df2       0x12 ./HAL/ServoMotor_Handler/ServoMotor_Program.o
                0x00002df2                ServoMotor_VoidInit
 .text.ServoMotor_u16SetAngle
                0x00002e04      0x21e ./HAL/ServoMotor_Handler/ServoMotor_Program.o
                0x00002e04                ServoMotor_u16SetAngle
 .text.LM35_VoidInit
                0x00003022       0x12 ./HAL/LM35_Module/LM35_Program.o
                0x00003022                LM35_VoidInit
 .text.LM35_u16GetTempretureWithUnit
                0x00003034      0x138 ./HAL/LM35_Module/LM35_Program.o
                0x00003034                LM35_u16GetTempretureWithUnit
 .text.LED_U8ON_OFF
                0x0000316c      0x2ac ./HAL/LED_Module/LED1_Program.o
                0x0000316c                LED_U8ON_OFF
 .text.LCD_VoidSendCommand
                0x00003418      0x13c ./HAL/LCD_Module/LCD_Program.o
                0x00003418                LCD_VoidSendCommand
 .text.LCD_VoidSendData
                0x00003554      0x13c ./HAL/LCD_Module/LCD_Program.o
                0x00003554                LCD_VoidSendData
 .text.LCD_VoidInit
                0x00003690      0x298 ./HAL/LCD_Module/LCD_Program.o
                0x00003690                LCD_VoidInit
 .text.LCD_VoidGoToPos
                0x00003928       0x4e ./HAL/LCD_Module/LCD_Program.o
                0x00003928                LCD_VoidGoToPos
 .text.LCD_VoidClearDisplay
                0x00003976       0x1a ./HAL/LCD_Module/LCD_Program.o
                0x00003976                LCD_VoidClearDisplay
 .text.LCD_VoidCursorON
                0x00003990       0x14 ./HAL/LCD_Module/LCD_Program.o
                0x00003990                LCD_VoidCursorON
 .text.LCD_VoidCursorOFF
                0x000039a4       0x14 ./HAL/LCD_Module/LCD_Program.o
                0x000039a4                LCD_VoidCursorOFF
 .text.LCD_VoidBlinkingCursorON
                0x000039b8       0x14 ./HAL/LCD_Module/LCD_Program.o
                0x000039b8                LCD_VoidBlinkingCursorON
 .text.LCD_VoidDisplayON
                0x000039cc       0x14 ./HAL/LCD_Module/LCD_Program.o
                0x000039cc                LCD_VoidDisplayON
 .text.LCD_VoidDisplayOFF
                0x000039e0       0x14 ./HAL/LCD_Module/LCD_Program.o
                0x000039e0                LCD_VoidDisplayOFF
 .text.LCD_VoidShiftLeft
                0x000039f4       0x62 ./HAL/LCD_Module/LCD_Program.o
                0x000039f4                LCD_VoidShiftLeft
 .text.LCD_VoidShiftRight
                0x00003a56       0x58 ./HAL/LCD_Module/LCD_Program.o
                0x00003a56                LCD_VoidShiftRight
 .text.LCD_VoidSendNumber
                0x00003aae       0xdc ./HAL/LCD_Module/LCD_Program.o
                0x00003aae                LCD_VoidSendNumber
 .text.LCD_VoidSendString
                0x00003b8a       0x52 ./HAL/LCD_Module/LCD_Program.o
                0x00003b8a                LCD_VoidSendString
 .text.LCD_VoidCreateSpecialChar
                0x00003bdc       0x82 ./HAL/LCD_Module/LCD_Program.o
                0x00003bdc                LCD_VoidCreateSpecialChar
 .text.Keypad_u8GetPressedKey
                0x00003c5e       0xe4 ./HAL/Keypad_Module/Keypad_Program.o
                0x00003c5e                Keypad_u8GetPressedKey
 .text.DC_MOTOR_VidRotateClockWise
                0x00003d42       0x22 ./HAL/DC_MOTOR/DC_MOTOR_Program.o
                0x00003d42                DC_MOTOR_VidRotateClockWise
 .text.DC_MOTOR_VidRotateUntiClockWise
                0x00003d64       0x22 ./HAL/DC_MOTOR/DC_MOTOR_Program.o
                0x00003d64                DC_MOTOR_VidRotateUntiClockWise
 .text.DC_MOTOR_VidStop
                0x00003d86       0x22 ./HAL/DC_MOTOR/DC_MOTOR_Program.o
                0x00003d86                DC_MOTOR_VidStop
 .text.main     0x00003da8       0x24 ./APP/main.o
                0x00003da8                main
 .text.libgcc   0x00003dcc       0x28 d:/cources/embededcources/enmbededd imt/new folder/00-tools/03-imt sdk/03- imt sdk/imt_sdk_win_64/winavr/bin/../lib/gcc/avr/4.3.3/avr5\libgcc.a(_udivmodhi4.o)
                0x00003dcc                __udivmodhi4
 .text.libgcc   0x00003df4       0x26 d:/cources/embededcources/enmbededd imt/new folder/00-tools/03-imt sdk/03- imt sdk/imt_sdk_win_64/winavr/bin/../lib/gcc/avr/4.3.3/avr5\libgcc.a(_divmodhi4.o)
                0x00003df4                __divmodhi4
                0x00003df4                _div
 .text.libgcc   0x00003e1a        0x0 d:/cources/embededcources/enmbededd imt/new folder/00-tools/03-imt sdk/03- imt sdk/imt_sdk_win_64/winavr/bin/../lib/gcc/avr/4.3.3/avr5\libgcc.a(_exit.o)
 .text.libgcc   0x00003e1a        0x0 d:/cources/embededcources/enmbededd imt/new folder/00-tools/03-imt sdk/03- imt sdk/imt_sdk_win_64/winavr/bin/../lib/gcc/avr/4.3.3/avr5\libgcc.a(_copy_data.o)
 .text.libgcc   0x00003e1a        0x0 d:/cources/embededcources/enmbededd imt/new folder/00-tools/03-imt sdk/03- imt sdk/imt_sdk_win_64/winavr/bin/../lib/gcc/avr/4.3.3/avr5\libgcc.a(_clear_bss.o)
 .text.libgcc   0x00003e1a       0x38 d:/cources/embededcources/enmbededd imt/new folder/00-tools/03-imt sdk/03- imt sdk/imt_sdk_win_64/winavr/bin/../lib/gcc/avr/4.3.3/avr5\libgcc.a(_prologue.o)
                0x00003e1a                __prologue_saves__
 .text.libgcc   0x00003e52       0x36 d:/cources/embededcources/enmbededd imt/new folder/00-tools/03-imt sdk/03- imt sdk/imt_sdk_win_64/winavr/bin/../lib/gcc/avr/4.3.3/avr5\libgcc.a(_epilogue.o)
                0x00003e52                __epilogue_restores__
 .text.avr-libc
                0x00003e88       0x12 d:/cources/embededcources/enmbededd imt/new folder/00-tools/03-imt sdk/03- imt sdk/imt_sdk_win_64/winavr/bin/../lib/gcc/avr/4.3.3/../../../../avr/lib/avr5\libc.a(strlen.o)
                0x00003e88                strlen
                0x00003e9a                . = ALIGN (0x2)
 *(.fini9)
 .fini9         0x00003e9a        0x0 d:/cources/embededcources/enmbededd imt/new folder/00-tools/03-imt sdk/03- imt sdk/imt_sdk_win_64/winavr/bin/../lib/gcc/avr/4.3.3/avr5\libgcc.a(_exit.o)
                0x00003e9a                exit
                0x00003e9a                _exit
 *(.fini9)
 *(.fini8)
 *(.fini8)
 *(.fini7)
 *(.fini7)
 *(.fini6)
 *(.fini6)
 *(.fini5)
 *(.fini5)
 *(.fini4)
 *(.fini4)
 *(.fini3)
 *(.fini3)
 *(.fini2)
 *(.fini2)
 *(.fini1)
 *(.fini1)
 *(.fini0)
 .fini0         0x00003e9a        0x4 d:/cources/embededcources/enmbededd imt/new folder/00-tools/03-imt sdk/03- imt sdk/imt_sdk_win_64/winavr/bin/../lib/gcc/avr/4.3.3/avr5\libgcc.a(_exit.o)
 *(.fini0)
                0x00003e9e                _etext = .

.data           0x00800060      0x12a load address 0x00003e9e
                0x00800060                PROVIDE (__data_start, .)
 *(.data)
 .data          0x00800060        0x0 d:/cources/embededcources/enmbededd imt/new folder/00-tools/03-imt sdk/03- imt sdk/imt_sdk_win_64/winavr/bin/../lib/gcc/avr/4.3.3/../../../../avr/lib/avr5/crtm32.o
 .data          0x00800060        0x0 ./MCAL/UART_Driver/UART_Program.o
 .data          0x00800060        0x0 ./MCAL/Timer_Driver/Timer_Program.o
 .data          0x00800060        0x0 ./MCAL/PORT_Driver/PORT_Program.o
 .data          0x00800060        0x0 ./MCAL/GIE_Driver/GIE_Program.o
 .data          0x00800060        0x0 ./MCAL/External_Interrupt_Driver/External_Interrupt_Program.o
 .data          0x00800060        0x0 ./MCAL/DIO_Driver/DIO_Program.o
 .data          0x00800060        0x0 ./MCAL/ADC_Driver/ADC_Program.o
 .data          0x00800060        0x0 ./HAL/ServoMotor_Handler/ServoMotor_Program.o
 .data          0x00800060        0x0 ./HAL/LM35_Module/LM35_Program.o
 .data          0x00800060        0x0 ./HAL/LED_Module/LED1_Program.o
 .data          0x00800060        0x0 ./HAL/LCD_Module/LCD_Program.o
 .data          0x00800060        0x0 ./HAL/Keypad_Module/Keypad_Program.o
 .data          0x00800060        0x0 ./HAL/DC_MOTOR/DC_MOTOR_Program.o
 .data          0x00800060        0x0 ./APP/main.o
 .data          0x00800060        0x0 d:/cources/embededcources/enmbededd imt/new folder/00-tools/03-imt sdk/03- imt sdk/imt_sdk_win_64/winavr/bin/../lib/gcc/avr/4.3.3/avr5\libgcc.a(_udivmodhi4.o)
 .data          0x00800060        0x0 d:/cources/embededcources/enmbededd imt/new folder/00-tools/03-imt sdk/03- imt sdk/imt_sdk_win_64/winavr/bin/../lib/gcc/avr/4.3.3/avr5\libgcc.a(_divmodhi4.o)
 .data          0x00800060        0x0 d:/cources/embededcources/enmbededd imt/new folder/00-tools/03-imt sdk/03- imt sdk/imt_sdk_win_64/winavr/bin/../lib/gcc/avr/4.3.3/avr5\libgcc.a(_exit.o)
 .data          0x00800060        0x0 d:/cources/embededcources/enmbededd imt/new folder/00-tools/03-imt sdk/03- imt sdk/imt_sdk_win_64/winavr/bin/../lib/gcc/avr/4.3.3/avr5\libgcc.a(_copy_data.o)
 .data          0x00800060        0x0 d:/cources/embededcources/enmbededd imt/new folder/00-tools/03-imt sdk/03- imt sdk/imt_sdk_win_64/winavr/bin/../lib/gcc/avr/4.3.3/avr5\libgcc.a(_clear_bss.o)
 .data          0x00800060        0x0 d:/cources/embededcources/enmbededd imt/new folder/00-tools/03-imt sdk/03- imt sdk/imt_sdk_win_64/winavr/bin/../lib/gcc/avr/4.3.3/avr5\libgcc.a(_fixunssfsi.o)
 .data          0x00800060        0x0 d:/cources/embededcources/enmbededd imt/new folder/00-tools/03-imt sdk/03- imt sdk/imt_sdk_win_64/winavr/bin/../lib/gcc/avr/4.3.3/avr5\libgcc.a(_addsub_sf.o)
 .data          0x00800060        0x0 d:/cources/embededcources/enmbededd imt/new folder/00-tools/03-imt sdk/03- imt sdk/imt_sdk_win_64/winavr/bin/../lib/gcc/avr/4.3.3/avr5\libgcc.a(_mul_sf.o)
 .data          0x00800060        0x0 d:/cources/embededcources/enmbededd imt/new folder/00-tools/03-imt sdk/03- imt sdk/imt_sdk_win_64/winavr/bin/../lib/gcc/avr/4.3.3/avr5\libgcc.a(_div_sf.o)
 .data          0x00800060        0x0 d:/cources/embededcources/enmbededd imt/new folder/00-tools/03-imt sdk/03- imt sdk/imt_sdk_win_64/winavr/bin/../lib/gcc/avr/4.3.3/avr5\libgcc.a(_gt_sf.o)
 .data          0x00800060        0x0 d:/cources/embededcources/enmbededd imt/new folder/00-tools/03-imt sdk/03- imt sdk/imt_sdk_win_64/winavr/bin/../lib/gcc/avr/4.3.3/avr5\libgcc.a(_ge_sf.o)
 .data          0x00800060        0x0 d:/cources/embededcources/enmbededd imt/new folder/00-tools/03-imt sdk/03- imt sdk/imt_sdk_win_64/winavr/bin/../lib/gcc/avr/4.3.3/avr5\libgcc.a(_lt_sf.o)
 .data          0x00800060        0x0 d:/cources/embededcources/enmbededd imt/new folder/00-tools/03-imt sdk/03- imt sdk/imt_sdk_win_64/winavr/bin/../lib/gcc/avr/4.3.3/avr5\libgcc.a(_sf_to_si.o)
 .data          0x00800060        0x8 d:/cources/embededcources/enmbededd imt/new folder/00-tools/03-imt sdk/03- imt sdk/imt_sdk_win_64/winavr/bin/../lib/gcc/avr/4.3.3/avr5\libgcc.a(_thenan_sf.o)
                0x00800060                __thenan_sf
 .data          0x00800068        0x0 d:/cources/embededcources/enmbededd imt/new folder/00-tools/03-imt sdk/03- imt sdk/imt_sdk_win_64/winavr/bin/../lib/gcc/avr/4.3.3/avr5\libgcc.a(_usi_to_sf.o)
 .data          0x00800068        0x0 d:/cources/embededcources/enmbededd imt/new folder/00-tools/03-imt sdk/03- imt sdk/imt_sdk_win_64/winavr/bin/../lib/gcc/avr/4.3.3/avr5\libgcc.a(_prologue.o)
 .data          0x00800068        0x0 d:/cources/embededcources/enmbededd imt/new folder/00-tools/03-imt sdk/03- imt sdk/imt_sdk_win_64/winavr/bin/../lib/gcc/avr/4.3.3/avr5\libgcc.a(_epilogue.o)
 .data          0x00800068        0x0 d:/cources/embededcources/enmbededd imt/new folder/00-tools/03-imt sdk/03- imt sdk/imt_sdk_win_64/winavr/bin/../lib/gcc/avr/4.3.3/avr5\libgcc.a(_clzsi2.o)
 .data          0x00800068        0x0 d:/cources/embededcources/enmbededd imt/new folder/00-tools/03-imt sdk/03- imt sdk/imt_sdk_win_64/winavr/bin/../lib/gcc/avr/4.3.3/avr5\libgcc.a(_pack_sf.o)
 .data          0x00800068        0x0 d:/cources/embededcources/enmbededd imt/new folder/00-tools/03-imt sdk/03- imt sdk/imt_sdk_win_64/winavr/bin/../lib/gcc/avr/4.3.3/avr5\libgcc.a(_unpack_sf.o)
 .data          0x00800068        0x0 d:/cources/embededcources/enmbededd imt/new folder/00-tools/03-imt sdk/03- imt sdk/imt_sdk_win_64/winavr/bin/../lib/gcc/avr/4.3.3/avr5\libgcc.a(_fpcmp_parts_sf.o)
 .data          0x00800068      0x100 d:/cources/embededcources/enmbededd imt/new folder/00-tools/03-imt sdk/03- imt sdk/imt_sdk_win_64/winavr/bin/../lib/gcc/avr/4.3.3/avr5\libgcc.a(_clz.o)
                0x00800068                __clz_tab
 .data          0x00800168        0x0 d:/cources/embededcources/enmbededd imt/new folder/00-tools/03-imt sdk/03- imt sdk/imt_sdk_win_64/winavr/bin/../lib/gcc/avr/4.3.3/../../../../avr/lib/avr5\libc.a(strlen.o)
 *(.data*)
 .data.Global_u8State
                0x00800168        0x1 ./MCAL/ADC_Driver/ADC_Program.o
                0x00800168                Global_u8State
 .data.Local_u8KeypadRows.1295
                0x00800169        0x4 ./HAL/Keypad_Module/Keypad_Program.o
 .data.Local_u8KeypadCoulums.1294
                0x0080016d        0x4 ./HAL/Keypad_Module/Keypad_Program.o
 .data.Local__u8KeypadValues.1293
                0x00800171       0x10 ./HAL/Keypad_Module/Keypad_Program.o
 *(.rodata)
 *(.rodata*)
 .rodata.Step   0x00800181        0x4 ./MCAL/ADC_Driver/ADC_Program.o
                0x00800181                Step
 .rodata.ADC_STEP
                0x00800185        0x4 ./HAL/LM35_Module/LM35_Program.o
                0x00800185                ADC_STEP
 *(.gnu.linkonce.d*)
                0x0080018a                . = ALIGN (0x2)
 *fill*         0x00800189        0x1 00
                0x0080018a                _edata = .
                0x0080018a                PROVIDE (__data_end, .)

.bss            0x0080018a       0x22
                0x0080018a                PROVIDE (__bss_start, .)
 *(.bss)
 .bss           0x0080018a        0x0 d:/cources/embededcources/enmbededd imt/new folder/00-tools/03-imt sdk/03- imt sdk/imt_sdk_win_64/winavr/bin/../lib/gcc/avr/4.3.3/../../../../avr/lib/avr5/crtm32.o
 .bss           0x0080018a        0x0 ./MCAL/UART_Driver/UART_Program.o
 .bss           0x0080018a        0x0 ./MCAL/Timer_Driver/Timer_Program.o
 .bss           0x0080018a        0x0 ./MCAL/PORT_Driver/PORT_Program.o
 .bss           0x0080018a        0x0 ./MCAL/GIE_Driver/GIE_Program.o
 .bss           0x0080018a        0x0 ./MCAL/External_Interrupt_Driver/External_Interrupt_Program.o
 .bss           0x0080018a        0x0 ./MCAL/DIO_Driver/DIO_Program.o
 .bss           0x0080018a        0x0 ./MCAL/ADC_Driver/ADC_Program.o
 .bss           0x0080018a        0x0 ./HAL/ServoMotor_Handler/ServoMotor_Program.o
 .bss           0x0080018a        0x0 ./HAL/LM35_Module/LM35_Program.o
 .bss           0x0080018a        0x0 ./HAL/LED_Module/LED1_Program.o
 .bss           0x0080018a        0x0 ./HAL/LCD_Module/LCD_Program.o
 .bss           0x0080018a        0x0 ./HAL/Keypad_Module/Keypad_Program.o
 .bss           0x0080018a        0x0 ./HAL/DC_MOTOR/DC_MOTOR_Program.o
 .bss           0x0080018a        0x0 ./APP/main.o
 .bss           0x0080018a        0x0 d:/cources/embededcources/enmbededd imt/new folder/00-tools/03-imt sdk/03- imt sdk/imt_sdk_win_64/winavr/bin/../lib/gcc/avr/4.3.3/avr5\libgcc.a(_udivmodhi4.o)
 .bss           0x0080018a        0x0 d:/cources/embededcources/enmbededd imt/new folder/00-tools/03-imt sdk/03- imt sdk/imt_sdk_win_64/winavr/bin/../lib/gcc/avr/4.3.3/avr5\libgcc.a(_divmodhi4.o)
 .bss           0x0080018a        0x0 d:/cources/embededcources/enmbededd imt/new folder/00-tools/03-imt sdk/03- imt sdk/imt_sdk_win_64/winavr/bin/../lib/gcc/avr/4.3.3/avr5\libgcc.a(_exit.o)
 .bss           0x0080018a        0x0 d:/cources/embededcources/enmbededd imt/new folder/00-tools/03-imt sdk/03- imt sdk/imt_sdk_win_64/winavr/bin/../lib/gcc/avr/4.3.3/avr5\libgcc.a(_copy_data.o)
 .bss           0x0080018a        0x0 d:/cources/embededcources/enmbededd imt/new folder/00-tools/03-imt sdk/03- imt sdk/imt_sdk_win_64/winavr/bin/../lib/gcc/avr/4.3.3/avr5\libgcc.a(_clear_bss.o)
 .bss           0x0080018a        0x0 d:/cources/embededcources/enmbededd imt/new folder/00-tools/03-imt sdk/03- imt sdk/imt_sdk_win_64/winavr/bin/../lib/gcc/avr/4.3.3/avr5\libgcc.a(_fixunssfsi.o)
 .bss           0x0080018a        0x0 d:/cources/embededcources/enmbededd imt/new folder/00-tools/03-imt sdk/03- imt sdk/imt_sdk_win_64/winavr/bin/../lib/gcc/avr/4.3.3/avr5\libgcc.a(_addsub_sf.o)
 .bss           0x0080018a        0x0 d:/cources/embededcources/enmbededd imt/new folder/00-tools/03-imt sdk/03- imt sdk/imt_sdk_win_64/winavr/bin/../lib/gcc/avr/4.3.3/avr5\libgcc.a(_mul_sf.o)
 .bss           0x0080018a        0x0 d:/cources/embededcources/enmbededd imt/new folder/00-tools/03-imt sdk/03- imt sdk/imt_sdk_win_64/winavr/bin/../lib/gcc/avr/4.3.3/avr5\libgcc.a(_div_sf.o)
 .bss           0x0080018a        0x0 d:/cources/embededcources/enmbededd imt/new folder/00-tools/03-imt sdk/03- imt sdk/imt_sdk_win_64/winavr/bin/../lib/gcc/avr/4.3.3/avr5\libgcc.a(_gt_sf.o)
 .bss           0x0080018a        0x0 d:/cources/embededcources/enmbededd imt/new folder/00-tools/03-imt sdk/03- imt sdk/imt_sdk_win_64/winavr/bin/../lib/gcc/avr/4.3.3/avr5\libgcc.a(_ge_sf.o)
 .bss           0x0080018a        0x0 d:/cources/embededcources/enmbededd imt/new folder/00-tools/03-imt sdk/03- imt sdk/imt_sdk_win_64/winavr/bin/../lib/gcc/avr/4.3.3/avr5\libgcc.a(_lt_sf.o)
 .bss           0x0080018a        0x0 d:/cources/embededcources/enmbededd imt/new folder/00-tools/03-imt sdk/03- imt sdk/imt_sdk_win_64/winavr/bin/../lib/gcc/avr/4.3.3/avr5\libgcc.a(_sf_to_si.o)
 .bss           0x0080018a        0x0 d:/cources/embededcources/enmbededd imt/new folder/00-tools/03-imt sdk/03- imt sdk/imt_sdk_win_64/winavr/bin/../lib/gcc/avr/4.3.3/avr5\libgcc.a(_thenan_sf.o)
 .bss           0x0080018a        0x0 d:/cources/embededcources/enmbededd imt/new folder/00-tools/03-imt sdk/03- imt sdk/imt_sdk_win_64/winavr/bin/../lib/gcc/avr/4.3.3/avr5\libgcc.a(_usi_to_sf.o)
 .bss           0x0080018a        0x0 d:/cources/embededcources/enmbededd imt/new folder/00-tools/03-imt sdk/03- imt sdk/imt_sdk_win_64/winavr/bin/../lib/gcc/avr/4.3.3/avr5\libgcc.a(_prologue.o)
 .bss           0x0080018a        0x0 d:/cources/embededcources/enmbededd imt/new folder/00-tools/03-imt sdk/03- imt sdk/imt_sdk_win_64/winavr/bin/../lib/gcc/avr/4.3.3/avr5\libgcc.a(_epilogue.o)
 .bss           0x0080018a        0x0 d:/cources/embededcources/enmbededd imt/new folder/00-tools/03-imt sdk/03- imt sdk/imt_sdk_win_64/winavr/bin/../lib/gcc/avr/4.3.3/avr5\libgcc.a(_clzsi2.o)
 .bss           0x0080018a        0x0 d:/cources/embededcources/enmbededd imt/new folder/00-tools/03-imt sdk/03- imt sdk/imt_sdk_win_64/winavr/bin/../lib/gcc/avr/4.3.3/avr5\libgcc.a(_pack_sf.o)
 .bss           0x0080018a        0x0 d:/cources/embededcources/enmbededd imt/new folder/00-tools/03-imt sdk/03- imt sdk/imt_sdk_win_64/winavr/bin/../lib/gcc/avr/4.3.3/avr5\libgcc.a(_unpack_sf.o)
 .bss           0x0080018a        0x0 d:/cources/embededcources/enmbededd imt/new folder/00-tools/03-imt sdk/03- imt sdk/imt_sdk_win_64/winavr/bin/../lib/gcc/avr/4.3.3/avr5\libgcc.a(_fpcmp_parts_sf.o)
 .bss           0x0080018a        0x0 d:/cources/embededcources/enmbededd imt/new folder/00-tools/03-imt sdk/03- imt sdk/imt_sdk_win_64/winavr/bin/../lib/gcc/avr/4.3.3/avr5\libgcc.a(_clz.o)
 .bss           0x0080018a        0x0 d:/cources/embededcources/enmbededd imt/new folder/00-tools/03-imt sdk/03- imt sdk/imt_sdk_win_64/winavr/bin/../lib/gcc/avr/4.3.3/../../../../avr/lib/avr5\libc.a(strlen.o)
 *(.bss*)
 .bss.UART_VidCallBack_ISR_Funtion
                0x0080018a        0x6 ./MCAL/UART_Driver/UART_Program.o
 .bss.iterator.1808
                0x00800190        0x2 ./MCAL/UART_Driver/UART_Program.o
 .bss.Timer_VidCallBack_ISR_Funtion
                0x00800192       0x10 ./MCAL/Timer_Driver/Timer_Program.o
 .bss.EXTI_VidCallBack_ISR_Funtion
                0x008001a2        0x2 ./MCAL/External_Interrupt_Driver/External_Interrupt_Program.o
                0x008001a2                EXTI_VidCallBack_ISR_Funtion
 .bss.ADC_VidCallBack_ISR_Funtion
                0x008001a4        0x2 ./MCAL/ADC_Driver/ADC_Program.o
 .bss.Global_pu16ADC_Reading
                0x008001a6        0x2 ./MCAL/ADC_Driver/ADC_Program.o
 .bss.Global_u8Clear
                0x008001a8        0x1 ./HAL/LCD_Module/LCD_Program.o
                0x008001a8                Global_u8Clear
 .bss.Global_u8XPos
                0x008001a9        0x1 ./HAL/LCD_Module/LCD_Program.o
                0x008001a9                Global_u8XPos
 .bss.Global_u8YPos
                0x008001aa        0x1 ./HAL/LCD_Module/LCD_Program.o
                0x008001aa                Global_u8YPos
 .bss.Global_u8EnterGoToFunc
                0x008001ab        0x1 ./HAL/LCD_Module/LCD_Program.o
                0x008001ab                Global_u8EnterGoToFunc
 *(COMMON)
                0x008001ac                PROVIDE (__bss_end, .)
                0x00003e9e                __data_load_start = LOADADDR (.data)
                0x00003fc8                __data_load_end = (__data_load_start + SIZEOF (.data))

.noinit         0x008001ac        0x0
                0x008001ac                PROVIDE (__noinit_start, .)
 *(.noinit*)
                0x008001ac                PROVIDE (__noinit_end, .)
                0x008001ac                _end = .
                0x008001ac                PROVIDE (__heap_start, .)

.eeprom         0x00810000        0x0
 *(.eeprom*)
                0x00810000                __eeprom_end = .

.fuse
 *(.fuse)
 *(.lfuse)
 *(.hfuse)
 *(.efuse)

.lock
 *(.lock*)

.signature
 *(.signature*)

.stab           0x00000000     0x4fbc
 *(.stab)
 .stab          0x00000000      0xf00 ./MCAL/UART_Driver/UART_Program.o
 .stab          0x00000f00      0xb10 ./MCAL/Timer_Driver/Timer_Program.o
                                0xb1c (size before relaxing)
 .stab          0x00001a10      0x1f8 ./MCAL/PORT_Driver/PORT_Program.o
                                0x390 (size before relaxing)
 .stab          0x00001c08      0x1b0 ./MCAL/GIE_Driver/GIE_Program.o
                                0x1bc (size before relaxing)
 .stab          0x00001db8      0x534 ./MCAL/External_Interrupt_Driver/External_Interrupt_Program.o
                                0x540 (size before relaxing)
 .stab          0x000022ec      0x6e4 ./MCAL/DIO_Driver/DIO_Program.o
                                0x6f0 (size before relaxing)
 .stab          0x000029d0      0x8b8 ./MCAL/ADC_Driver/ADC_Program.o
                                0x8c4 (size before relaxing)
 .stab          0x00003288      0x3a8 ./HAL/ServoMotor_Handler/ServoMotor_Program.o
                                0x540 (size before relaxing)
 .stab          0x00003630      0x2d0 ./HAL/LM35_Module/LM35_Program.o
                                0x2dc (size before relaxing)
 .stab          0x00003900      0x2d0 ./HAL/LED_Module/LED1_Program.o
                                0x2dc (size before relaxing)
 .stab          0x00003bd0      0xc54 ./HAL/LCD_Module/LCD_Program.o
                                0xe04 (size before relaxing)
 .stab          0x00004824      0x30c ./HAL/Keypad_Module/Keypad_Program.o
                                0x4a4 (size before relaxing)
 .stab          0x00004b30      0x234 ./HAL/DC_MOTOR/DC_MOTOR_Program.o
                                0x240 (size before relaxing)
 .stab          0x00004d64      0x258 ./APP/main.o
                                0x3f0 (size before relaxing)

.stabstr        0x00000000     0x38b0
 *(.stabstr)
 .stabstr       0x00000000     0x38b0 ./MCAL/UART_Driver/UART_Program.o

.stab.excl
 *(.stab.excl)

.stab.exclstr
 *(.stab.exclstr)

.stab.index
 *(.stab.index)

.stab.indexstr
 *(.stab.indexstr)

.comment
 *(.comment)

.debug
 *(.debug)

.line
 *(.line)

.debug_srcinfo
 *(.debug_srcinfo)

.debug_sfnames
 *(.debug_sfnames)

.debug_aranges  0x00000000      0x1a0
 *(.debug_aranges)
 .debug_aranges
                0x00000000       0x20 d:/cources/embededcources/enmbededd imt/new folder/00-tools/03-imt sdk/03- imt sdk/imt_sdk_win_64/winavr/bin/../lib/gcc/avr/4.3.3/avr5\libgcc.a(_fixunssfsi.o)
 .debug_aranges
                0x00000020       0x20 d:/cources/embededcources/enmbededd imt/new folder/00-tools/03-imt sdk/03- imt sdk/imt_sdk_win_64/winavr/bin/../lib/gcc/avr/4.3.3/avr5\libgcc.a(_addsub_sf.o)
 .debug_aranges
                0x00000040       0x20 d:/cources/embededcources/enmbededd imt/new folder/00-tools/03-imt sdk/03- imt sdk/imt_sdk_win_64/winavr/bin/../lib/gcc/avr/4.3.3/avr5\libgcc.a(_mul_sf.o)
 .debug_aranges
                0x00000060       0x20 d:/cources/embededcources/enmbededd imt/new folder/00-tools/03-imt sdk/03- imt sdk/imt_sdk_win_64/winavr/bin/../lib/gcc/avr/4.3.3/avr5\libgcc.a(_div_sf.o)
 .debug_aranges
                0x00000080       0x20 d:/cources/embededcources/enmbededd imt/new folder/00-tools/03-imt sdk/03- imt sdk/imt_sdk_win_64/winavr/bin/../lib/gcc/avr/4.3.3/avr5\libgcc.a(_gt_sf.o)
 .debug_aranges
                0x000000a0       0x20 d:/cources/embededcources/enmbededd imt/new folder/00-tools/03-imt sdk/03- imt sdk/imt_sdk_win_64/winavr/bin/../lib/gcc/avr/4.3.3/avr5\libgcc.a(_ge_sf.o)
 .debug_aranges
                0x000000c0       0x20 d:/cources/embededcources/enmbededd imt/new folder/00-tools/03-imt sdk/03- imt sdk/imt_sdk_win_64/winavr/bin/../lib/gcc/avr/4.3.3/avr5\libgcc.a(_lt_sf.o)
 .debug_aranges
                0x000000e0       0x20 d:/cources/embededcources/enmbededd imt/new folder/00-tools/03-imt sdk/03- imt sdk/imt_sdk_win_64/winavr/bin/../lib/gcc/avr/4.3.3/avr5\libgcc.a(_sf_to_si.o)
 .debug_aranges
                0x00000100       0x20 d:/cources/embededcources/enmbededd imt/new folder/00-tools/03-imt sdk/03- imt sdk/imt_sdk_win_64/winavr/bin/../lib/gcc/avr/4.3.3/avr5\libgcc.a(_usi_to_sf.o)
 .debug_aranges
                0x00000120       0x20 d:/cources/embededcources/enmbededd imt/new folder/00-tools/03-imt sdk/03- imt sdk/imt_sdk_win_64/winavr/bin/../lib/gcc/avr/4.3.3/avr5\libgcc.a(_clzsi2.o)
 .debug_aranges
                0x00000140       0x20 d:/cources/embededcources/enmbededd imt/new folder/00-tools/03-imt sdk/03- imt sdk/imt_sdk_win_64/winavr/bin/../lib/gcc/avr/4.3.3/avr5\libgcc.a(_pack_sf.o)
 .debug_aranges
                0x00000160       0x20 d:/cources/embededcources/enmbededd imt/new folder/00-tools/03-imt sdk/03- imt sdk/imt_sdk_win_64/winavr/bin/../lib/gcc/avr/4.3.3/avr5\libgcc.a(_unpack_sf.o)
 .debug_aranges
                0x00000180       0x20 d:/cources/embededcources/enmbededd imt/new folder/00-tools/03-imt sdk/03- imt sdk/imt_sdk_win_64/winavr/bin/../lib/gcc/avr/4.3.3/avr5\libgcc.a(_fpcmp_parts_sf.o)

.debug_pubnames
                0x00000000      0x1f2
 *(.debug_pubnames)
 .debug_pubnames
                0x00000000       0x23 d:/cources/embededcources/enmbededd imt/new folder/00-tools/03-imt sdk/03- imt sdk/imt_sdk_win_64/winavr/bin/../lib/gcc/avr/4.3.3/avr5\libgcc.a(_fixunssfsi.o)
 .debug_pubnames
                0x00000023       0x2c d:/cources/embededcources/enmbededd imt/new folder/00-tools/03-imt sdk/03- imt sdk/imt_sdk_win_64/winavr/bin/../lib/gcc/avr/4.3.3/avr5\libgcc.a(_addsub_sf.o)
 .debug_pubnames
                0x0000004f       0x1f d:/cources/embededcources/enmbededd imt/new folder/00-tools/03-imt sdk/03- imt sdk/imt_sdk_win_64/winavr/bin/../lib/gcc/avr/4.3.3/avr5\libgcc.a(_mul_sf.o)
 .debug_pubnames
                0x0000006e       0x1f d:/cources/embededcources/enmbededd imt/new folder/00-tools/03-imt sdk/03- imt sdk/imt_sdk_win_64/winavr/bin/../lib/gcc/avr/4.3.3/avr5\libgcc.a(_div_sf.o)
 .debug_pubnames
                0x0000008d       0x1e d:/cources/embededcources/enmbededd imt/new folder/00-tools/03-imt sdk/03- imt sdk/imt_sdk_win_64/winavr/bin/../lib/gcc/avr/4.3.3/avr5\libgcc.a(_gt_sf.o)
 .debug_pubnames
                0x000000ab       0x1e d:/cources/embededcources/enmbededd imt/new folder/00-tools/03-imt sdk/03- imt sdk/imt_sdk_win_64/winavr/bin/../lib/gcc/avr/4.3.3/avr5\libgcc.a(_ge_sf.o)
 .debug_pubnames
                0x000000c9       0x1e d:/cources/embededcources/enmbededd imt/new folder/00-tools/03-imt sdk/03- imt sdk/imt_sdk_win_64/winavr/bin/../lib/gcc/avr/4.3.3/avr5\libgcc.a(_lt_sf.o)
 .debug_pubnames
                0x000000e7       0x20 d:/cources/embededcources/enmbededd imt/new folder/00-tools/03-imt sdk/03- imt sdk/imt_sdk_win_64/winavr/bin/../lib/gcc/avr/4.3.3/avr5\libgcc.a(_sf_to_si.o)
 .debug_pubnames
                0x00000107       0x22 d:/cources/embededcources/enmbededd imt/new folder/00-tools/03-imt sdk/03- imt sdk/imt_sdk_win_64/winavr/bin/../lib/gcc/avr/4.3.3/avr5\libgcc.a(_thenan_sf.o)
 .debug_pubnames
                0x00000129       0x24 d:/cources/embededcources/enmbededd imt/new folder/00-tools/03-imt sdk/03- imt sdk/imt_sdk_win_64/winavr/bin/../lib/gcc/avr/4.3.3/avr5\libgcc.a(_usi_to_sf.o)
 .debug_pubnames
                0x0000014d       0x1f d:/cources/embededcources/enmbededd imt/new folder/00-tools/03-imt sdk/03- imt sdk/imt_sdk_win_64/winavr/bin/../lib/gcc/avr/4.3.3/avr5\libgcc.a(_clzsi2.o)
 .debug_pubnames
                0x0000016c       0x1f d:/cources/embededcources/enmbededd imt/new folder/00-tools/03-imt sdk/03- imt sdk/imt_sdk_win_64/winavr/bin/../lib/gcc/avr/4.3.3/avr5\libgcc.a(_pack_sf.o)
 .debug_pubnames
                0x0000018b       0x21 d:/cources/embededcources/enmbededd imt/new folder/00-tools/03-imt sdk/03- imt sdk/imt_sdk_win_64/winavr/bin/../lib/gcc/avr/4.3.3/avr5\libgcc.a(_unpack_sf.o)
 .debug_pubnames
                0x000001ac       0x26 d:/cources/embededcources/enmbededd imt/new folder/00-tools/03-imt sdk/03- imt sdk/imt_sdk_win_64/winavr/bin/../lib/gcc/avr/4.3.3/avr5\libgcc.a(_fpcmp_parts_sf.o)
 .debug_pubnames
                0x000001d2       0x20 d:/cources/embededcources/enmbededd imt/new folder/00-tools/03-imt sdk/03- imt sdk/imt_sdk_win_64/winavr/bin/../lib/gcc/avr/4.3.3/avr5\libgcc.a(_clz.o)

.debug_info     0x00000000     0x240b
 *(.debug_info)
 .debug_info    0x00000000       0xb1 d:/cources/embededcources/enmbededd imt/new folder/00-tools/03-imt sdk/03- imt sdk/imt_sdk_win_64/winavr/bin/../lib/gcc/avr/4.3.3/avr5\libgcc.a(_fixunssfsi.o)
 .debug_info    0x000000b1      0x47a d:/cources/embededcources/enmbededd imt/new folder/00-tools/03-imt sdk/03- imt sdk/imt_sdk_win_64/winavr/bin/../lib/gcc/avr/4.3.3/avr5\libgcc.a(_addsub_sf.o)
 .debug_info    0x0000052b      0x485 d:/cources/embededcources/enmbededd imt/new folder/00-tools/03-imt sdk/03- imt sdk/imt_sdk_win_64/winavr/bin/../lib/gcc/avr/4.3.3/avr5\libgcc.a(_mul_sf.o)
 .debug_info    0x000009b0      0x3fc d:/cources/embededcources/enmbededd imt/new folder/00-tools/03-imt sdk/03- imt sdk/imt_sdk_win_64/winavr/bin/../lib/gcc/avr/4.3.3/avr5\libgcc.a(_div_sf.o)
 .debug_info    0x00000dac      0x27f d:/cources/embededcources/enmbededd imt/new folder/00-tools/03-imt sdk/03- imt sdk/imt_sdk_win_64/winavr/bin/../lib/gcc/avr/4.3.3/avr5\libgcc.a(_gt_sf.o)
 .debug_info    0x0000102b      0x27f d:/cources/embededcources/enmbededd imt/new folder/00-tools/03-imt sdk/03- imt sdk/imt_sdk_win_64/winavr/bin/../lib/gcc/avr/4.3.3/avr5\libgcc.a(_ge_sf.o)
 .debug_info    0x000012aa      0x27f d:/cources/embededcources/enmbededd imt/new folder/00-tools/03-imt sdk/03- imt sdk/imt_sdk_win_64/winavr/bin/../lib/gcc/avr/4.3.3/avr5\libgcc.a(_lt_sf.o)
 .debug_info    0x00001529      0x2b0 d:/cources/embededcources/enmbededd imt/new folder/00-tools/03-imt sdk/03- imt sdk/imt_sdk_win_64/winavr/bin/../lib/gcc/avr/4.3.3/avr5\libgcc.a(_sf_to_si.o)
 .debug_info    0x000017d9      0x12c d:/cources/embededcources/enmbededd imt/new folder/00-tools/03-imt sdk/03- imt sdk/imt_sdk_win_64/winavr/bin/../lib/gcc/avr/4.3.3/avr5\libgcc.a(_thenan_sf.o)
 .debug_info    0x00001905      0x206 d:/cources/embededcources/enmbededd imt/new folder/00-tools/03-imt sdk/03- imt sdk/imt_sdk_win_64/winavr/bin/../lib/gcc/avr/4.3.3/avr5\libgcc.a(_usi_to_sf.o)
 .debug_info    0x00001b0b      0x117 d:/cources/embededcources/enmbededd imt/new folder/00-tools/03-imt sdk/03- imt sdk/imt_sdk_win_64/winavr/bin/../lib/gcc/avr/4.3.3/avr5\libgcc.a(_clzsi2.o)
 .debug_info    0x00001c22      0x2df d:/cources/embededcources/enmbededd imt/new folder/00-tools/03-imt sdk/03- imt sdk/imt_sdk_win_64/winavr/bin/../lib/gcc/avr/4.3.3/avr5\libgcc.a(_pack_sf.o)
 .debug_info    0x00001f01      0x251 d:/cources/embededcources/enmbededd imt/new folder/00-tools/03-imt sdk/03- imt sdk/imt_sdk_win_64/winavr/bin/../lib/gcc/avr/4.3.3/avr5\libgcc.a(_unpack_sf.o)
 .debug_info    0x00002152      0x210 d:/cources/embededcources/enmbededd imt/new folder/00-tools/03-imt sdk/03- imt sdk/imt_sdk_win_64/winavr/bin/../lib/gcc/avr/4.3.3/avr5\libgcc.a(_fpcmp_parts_sf.o)
 .debug_info    0x00002362       0xa9 d:/cources/embededcources/enmbededd imt/new folder/00-tools/03-imt sdk/03- imt sdk/imt_sdk_win_64/winavr/bin/../lib/gcc/avr/4.3.3/avr5\libgcc.a(_clz.o)
 *(.gnu.linkonce.wi.*)

.debug_abbrev   0x00000000     0x1386
 *(.debug_abbrev)
 .debug_abbrev  0x00000000       0x5d d:/cources/embededcources/enmbededd imt/new folder/00-tools/03-imt sdk/03- imt sdk/imt_sdk_win_64/winavr/bin/../lib/gcc/avr/4.3.3/avr5\libgcc.a(_fixunssfsi.o)
 .debug_abbrev  0x0000005d      0x1ea d:/cources/embededcources/enmbededd imt/new folder/00-tools/03-imt sdk/03- imt sdk/imt_sdk_win_64/winavr/bin/../lib/gcc/avr/4.3.3/avr5\libgcc.a(_addsub_sf.o)
 .debug_abbrev  0x00000247      0x21b d:/cources/embededcources/enmbededd imt/new folder/00-tools/03-imt sdk/03- imt sdk/imt_sdk_win_64/winavr/bin/../lib/gcc/avr/4.3.3/avr5\libgcc.a(_mul_sf.o)
 .debug_abbrev  0x00000462      0x216 d:/cources/embededcources/enmbededd imt/new folder/00-tools/03-imt sdk/03- imt sdk/imt_sdk_win_64/winavr/bin/../lib/gcc/avr/4.3.3/avr5\libgcc.a(_div_sf.o)
 .debug_abbrev  0x00000678      0x15a d:/cources/embededcources/enmbededd imt/new folder/00-tools/03-imt sdk/03- imt sdk/imt_sdk_win_64/winavr/bin/../lib/gcc/avr/4.3.3/avr5\libgcc.a(_gt_sf.o)
 .debug_abbrev  0x000007d2      0x15a d:/cources/embededcources/enmbededd imt/new folder/00-tools/03-imt sdk/03- imt sdk/imt_sdk_win_64/winavr/bin/../lib/gcc/avr/4.3.3/avr5\libgcc.a(_ge_sf.o)
 .debug_abbrev  0x0000092c      0x15a d:/cources/embededcources/enmbededd imt/new folder/00-tools/03-imt sdk/03- imt sdk/imt_sdk_win_64/winavr/bin/../lib/gcc/avr/4.3.3/avr5\libgcc.a(_lt_sf.o)
 .debug_abbrev  0x00000a86      0x17f d:/cources/embededcources/enmbededd imt/new folder/00-tools/03-imt sdk/03- imt sdk/imt_sdk_win_64/winavr/bin/../lib/gcc/avr/4.3.3/avr5\libgcc.a(_sf_to_si.o)
 .debug_abbrev  0x00000c05       0xad d:/cources/embededcources/enmbededd imt/new folder/00-tools/03-imt sdk/03- imt sdk/imt_sdk_win_64/winavr/bin/../lib/gcc/avr/4.3.3/avr5\libgcc.a(_thenan_sf.o)
 .debug_abbrev  0x00000cb2      0x157 d:/cources/embededcources/enmbededd imt/new folder/00-tools/03-imt sdk/03- imt sdk/imt_sdk_win_64/winavr/bin/../lib/gcc/avr/4.3.3/avr5\libgcc.a(_usi_to_sf.o)
 .debug_abbrev  0x00000e09       0xc4 d:/cources/embededcources/enmbededd imt/new folder/00-tools/03-imt sdk/03- imt sdk/imt_sdk_win_64/winavr/bin/../lib/gcc/avr/4.3.3/avr5\libgcc.a(_clzsi2.o)
 .debug_abbrev  0x00000ecd      0x1c0 d:/cources/embededcources/enmbededd imt/new folder/00-tools/03-imt sdk/03- imt sdk/imt_sdk_win_64/winavr/bin/../lib/gcc/avr/4.3.3/avr5\libgcc.a(_pack_sf.o)
 .debug_abbrev  0x0000108d      0x154 d:/cources/embededcources/enmbededd imt/new folder/00-tools/03-imt sdk/03- imt sdk/imt_sdk_win_64/winavr/bin/../lib/gcc/avr/4.3.3/avr5\libgcc.a(_unpack_sf.o)
 .debug_abbrev  0x000011e1      0x13b d:/cources/embededcources/enmbededd imt/new folder/00-tools/03-imt sdk/03- imt sdk/imt_sdk_win_64/winavr/bin/../lib/gcc/avr/4.3.3/avr5\libgcc.a(_fpcmp_parts_sf.o)
 .debug_abbrev  0x0000131c       0x6a d:/cources/embededcources/enmbededd imt/new folder/00-tools/03-imt sdk/03- imt sdk/imt_sdk_win_64/winavr/bin/../lib/gcc/avr/4.3.3/avr5\libgcc.a(_clz.o)

.debug_line     0x00000000     0x11d6
 *(.debug_line)
 .debug_line    0x00000000       0xa7 d:/cources/embededcources/enmbededd imt/new folder/00-tools/03-imt sdk/03- imt sdk/imt_sdk_win_64/winavr/bin/../lib/gcc/avr/4.3.3/avr5\libgcc.a(_fixunssfsi.o)
 .debug_line    0x000000a7      0x2af d:/cources/embededcources/enmbededd imt/new folder/00-tools/03-imt sdk/03- imt sdk/imt_sdk_win_64/winavr/bin/../lib/gcc/avr/4.3.3/avr5\libgcc.a(_addsub_sf.o)
 .debug_line    0x00000356      0x239 d:/cources/embededcources/enmbededd imt/new folder/00-tools/03-imt sdk/03- imt sdk/imt_sdk_win_64/winavr/bin/../lib/gcc/avr/4.3.3/avr5\libgcc.a(_mul_sf.o)
 .debug_line    0x0000058f      0x1d5 d:/cources/embededcources/enmbededd imt/new folder/00-tools/03-imt sdk/03- imt sdk/imt_sdk_win_64/winavr/bin/../lib/gcc/avr/4.3.3/avr5\libgcc.a(_div_sf.o)
 .debug_line    0x00000764       0xd3 d:/cources/embededcources/enmbededd imt/new folder/00-tools/03-imt sdk/03- imt sdk/imt_sdk_win_64/winavr/bin/../lib/gcc/avr/4.3.3/avr5\libgcc.a(_gt_sf.o)
 .debug_line    0x00000837       0xd3 d:/cources/embededcources/enmbededd imt/new folder/00-tools/03-imt sdk/03- imt sdk/imt_sdk_win_64/winavr/bin/../lib/gcc/avr/4.3.3/avr5\libgcc.a(_ge_sf.o)
 .debug_line    0x0000090a       0xd3 d:/cources/embededcources/enmbededd imt/new folder/00-tools/03-imt sdk/03- imt sdk/imt_sdk_win_64/winavr/bin/../lib/gcc/avr/4.3.3/avr5\libgcc.a(_lt_sf.o)
 .debug_line    0x000009dd      0x109 d:/cources/embededcources/enmbededd imt/new folder/00-tools/03-imt sdk/03- imt sdk/imt_sdk_win_64/winavr/bin/../lib/gcc/avr/4.3.3/avr5\libgcc.a(_sf_to_si.o)
 .debug_line    0x00000ae6       0x90 d:/cources/embededcources/enmbededd imt/new folder/00-tools/03-imt sdk/03- imt sdk/imt_sdk_win_64/winavr/bin/../lib/gcc/avr/4.3.3/avr5\libgcc.a(_thenan_sf.o)
 .debug_line    0x00000b76      0x133 d:/cources/embededcources/enmbededd imt/new folder/00-tools/03-imt sdk/03- imt sdk/imt_sdk_win_64/winavr/bin/../lib/gcc/avr/4.3.3/avr5\libgcc.a(_usi_to_sf.o)
 .debug_line    0x00000ca9       0xa5 d:/cources/embededcources/enmbededd imt/new folder/00-tools/03-imt sdk/03- imt sdk/imt_sdk_win_64/winavr/bin/../lib/gcc/avr/4.3.3/avr5\libgcc.a(_clzsi2.o)
 .debug_line    0x00000d4e      0x18a d:/cources/embededcources/enmbededd imt/new folder/00-tools/03-imt sdk/03- imt sdk/imt_sdk_win_64/winavr/bin/../lib/gcc/avr/4.3.3/avr5\libgcc.a(_pack_sf.o)
 .debug_line    0x00000ed8      0x14b d:/cources/embededcources/enmbededd imt/new folder/00-tools/03-imt sdk/03- imt sdk/imt_sdk_win_64/winavr/bin/../lib/gcc/avr/4.3.3/avr5\libgcc.a(_unpack_sf.o)
 .debug_line    0x00001023      0x137 d:/cources/embededcources/enmbededd imt/new folder/00-tools/03-imt sdk/03- imt sdk/imt_sdk_win_64/winavr/bin/../lib/gcc/avr/4.3.3/avr5\libgcc.a(_fpcmp_parts_sf.o)
 .debug_line    0x0000115a       0x7c d:/cources/embededcources/enmbededd imt/new folder/00-tools/03-imt sdk/03- imt sdk/imt_sdk_win_64/winavr/bin/../lib/gcc/avr/4.3.3/avr5\libgcc.a(_clz.o)

.debug_frame    0x00000000      0x1c0
 *(.debug_frame)
 .debug_frame   0x00000000       0x20 d:/cources/embededcources/enmbededd imt/new folder/00-tools/03-imt sdk/03- imt sdk/imt_sdk_win_64/winavr/bin/../lib/gcc/avr/4.3.3/avr5\libgcc.a(_fixunssfsi.o)
 .debug_frame   0x00000020       0x40 d:/cources/embededcources/enmbededd imt/new folder/00-tools/03-imt sdk/03- imt sdk/imt_sdk_win_64/winavr/bin/../lib/gcc/avr/4.3.3/avr5\libgcc.a(_addsub_sf.o)
 .debug_frame   0x00000060       0x20 d:/cources/embededcources/enmbededd imt/new folder/00-tools/03-imt sdk/03- imt sdk/imt_sdk_win_64/winavr/bin/../lib/gcc/avr/4.3.3/avr5\libgcc.a(_mul_sf.o)
 .debug_frame   0x00000080       0x20 d:/cources/embededcources/enmbededd imt/new folder/00-tools/03-imt sdk/03- imt sdk/imt_sdk_win_64/winavr/bin/../lib/gcc/avr/4.3.3/avr5\libgcc.a(_div_sf.o)
 .debug_frame   0x000000a0       0x20 d:/cources/embededcources/enmbededd imt/new folder/00-tools/03-imt sdk/03- imt sdk/imt_sdk_win_64/winavr/bin/../lib/gcc/avr/4.3.3/avr5\libgcc.a(_gt_sf.o)
 .debug_frame   0x000000c0       0x20 d:/cources/embededcources/enmbededd imt/new folder/00-tools/03-imt sdk/03- imt sdk/imt_sdk_win_64/winavr/bin/../lib/gcc/avr/4.3.3/avr5\libgcc.a(_ge_sf.o)
 .debug_frame   0x000000e0       0x20 d:/cources/embededcources/enmbededd imt/new folder/00-tools/03-imt sdk/03- imt sdk/imt_sdk_win_64/winavr/bin/../lib/gcc/avr/4.3.3/avr5\libgcc.a(_lt_sf.o)
 .debug_frame   0x00000100       0x20 d:/cources/embededcources/enmbededd imt/new folder/00-tools/03-imt sdk/03- imt sdk/imt_sdk_win_64/winavr/bin/../lib/gcc/avr/4.3.3/avr5\libgcc.a(_sf_to_si.o)
 .debug_frame   0x00000120       0x20 d:/cources/embededcources/enmbededd imt/new folder/00-tools/03-imt sdk/03- imt sdk/imt_sdk_win_64/winavr/bin/../lib/gcc/avr/4.3.3/avr5\libgcc.a(_usi_to_sf.o)
 .debug_frame   0x00000140       0x20 d:/cources/embededcources/enmbededd imt/new folder/00-tools/03-imt sdk/03- imt sdk/imt_sdk_win_64/winavr/bin/../lib/gcc/avr/4.3.3/avr5\libgcc.a(_clzsi2.o)
 .debug_frame   0x00000160       0x20 d:/cources/embededcources/enmbededd imt/new folder/00-tools/03-imt sdk/03- imt sdk/imt_sdk_win_64/winavr/bin/../lib/gcc/avr/4.3.3/avr5\libgcc.a(_pack_sf.o)
 .debug_frame   0x00000180       0x20 d:/cources/embededcources/enmbededd imt/new folder/00-tools/03-imt sdk/03- imt sdk/imt_sdk_win_64/winavr/bin/../lib/gcc/avr/4.3.3/avr5\libgcc.a(_unpack_sf.o)
 .debug_frame   0x000001a0       0x20 d:/cources/embededcources/enmbededd imt/new folder/00-tools/03-imt sdk/03- imt sdk/imt_sdk_win_64/winavr/bin/../lib/gcc/avr/4.3.3/avr5\libgcc.a(_fpcmp_parts_sf.o)

.debug_str      0x00000000      0x2f6
 *(.debug_str)
 .debug_str     0x00000000       0xbf d:/cources/embededcources/enmbededd imt/new folder/00-tools/03-imt sdk/03- imt sdk/imt_sdk_win_64/winavr/bin/../lib/gcc/avr/4.3.3/avr5\libgcc.a(_fixunssfsi.o)
                                 0xfe (size before relaxing)
 .debug_str     0x000000bf      0x14d d:/cources/embededcources/enmbededd imt/new folder/00-tools/03-imt sdk/03- imt sdk/imt_sdk_win_64/winavr/bin/../lib/gcc/avr/4.3.3/avr5\libgcc.a(_addsub_sf.o)
                                0x206 (size before relaxing)
 .debug_str     0x0000020c       0x27 d:/cources/embededcources/enmbededd imt/new folder/00-tools/03-imt sdk/03- imt sdk/imt_sdk_win_64/winavr/bin/../lib/gcc/avr/4.3.3/avr5\libgcc.a(_mul_sf.o)
                                0x1bf (size before relaxing)
 .debug_str     0x00000233       0x35 d:/cources/embededcources/enmbededd imt/new folder/00-tools/03-imt sdk/03- imt sdk/imt_sdk_win_64/winavr/bin/../lib/gcc/avr/4.3.3/avr5\libgcc.a(_div_sf.o)
                                0x1c8 (size before relaxing)
 .debug_str     0x00000268        0x8 d:/cources/embededcources/enmbededd imt/new folder/00-tools/03-imt sdk/03- imt sdk/imt_sdk_win_64/winavr/bin/../lib/gcc/avr/4.3.3/avr5\libgcc.a(_gt_sf.o)
                                0x195 (size before relaxing)
 .debug_str     0x00000270        0x8 d:/cources/embededcources/enmbededd imt/new folder/00-tools/03-imt sdk/03- imt sdk/imt_sdk_win_64/winavr/bin/../lib/gcc/avr/4.3.3/avr5\libgcc.a(_ge_sf.o)
                                0x195 (size before relaxing)
 .debug_str     0x00000278        0x8 d:/cources/embededcources/enmbededd imt/new folder/00-tools/03-imt sdk/03- imt sdk/imt_sdk_win_64/winavr/bin/../lib/gcc/avr/4.3.3/avr5\libgcc.a(_lt_sf.o)
                                0x195 (size before relaxing)
 .debug_str     0x00000280        0xa d:/cources/embededcources/enmbededd imt/new folder/00-tools/03-imt sdk/03- imt sdk/imt_sdk_win_64/winavr/bin/../lib/gcc/avr/4.3.3/avr5\libgcc.a(_sf_to_si.o)
                                0x19e (size before relaxing)
 .debug_str     0x00000000      0x103 d:/cources/embededcources/enmbededd imt/new folder/00-tools/03-imt sdk/03- imt sdk/imt_sdk_win_64/winavr/bin/../lib/gcc/avr/4.3.3/avr5\libgcc.a(_thenan_sf.o)
 .debug_str     0x0000028a       0x21 d:/cources/embededcources/enmbededd imt/new folder/00-tools/03-imt sdk/03- imt sdk/imt_sdk_win_64/winavr/bin/../lib/gcc/avr/4.3.3/avr5\libgcc.a(_usi_to_sf.o)
                                0x177 (size before relaxing)
 .debug_str     0x000002ab       0x20 d:/cources/embededcources/enmbededd imt/new folder/00-tools/03-imt sdk/03- imt sdk/imt_sdk_win_64/winavr/bin/../lib/gcc/avr/4.3.3/avr5\libgcc.a(_clzsi2.o)
                                0x111 (size before relaxing)
 .debug_str     0x000002cb       0x10 d:/cources/embededcources/enmbededd imt/new folder/00-tools/03-imt sdk/03- imt sdk/imt_sdk_win_64/winavr/bin/../lib/gcc/avr/4.3.3/avr5\libgcc.a(_pack_sf.o)
                                0x19d (size before relaxing)
 .debug_str     0x000002db        0xb d:/cources/embededcources/enmbededd imt/new folder/00-tools/03-imt sdk/03- imt sdk/imt_sdk_win_64/winavr/bin/../lib/gcc/avr/4.3.3/avr5\libgcc.a(_unpack_sf.o)
                                0x17f (size before relaxing)
 .debug_str     0x000002e6       0x10 d:/cources/embededcources/enmbededd imt/new folder/00-tools/03-imt sdk/03- imt sdk/imt_sdk_win_64/winavr/bin/../lib/gcc/avr/4.3.3/avr5\libgcc.a(_fpcmp_parts_sf.o)
                                0x163 (size before relaxing)
 .debug_str     0x00000000       0xf4 d:/cources/embededcources/enmbededd imt/new folder/00-tools/03-imt sdk/03- imt sdk/imt_sdk_win_64/winavr/bin/../lib/gcc/avr/4.3.3/avr5\libgcc.a(_clz.o)

.debug_loc      0x00000000      0x96e
 *(.debug_loc)
 .debug_loc     0x00000000       0x34 d:/cources/embededcources/enmbededd imt/new folder/00-tools/03-imt sdk/03- imt sdk/imt_sdk_win_64/winavr/bin/../lib/gcc/avr/4.3.3/avr5\libgcc.a(_fixunssfsi.o)
 .debug_loc     0x00000034      0x32a d:/cources/embededcources/enmbededd imt/new folder/00-tools/03-imt sdk/03- imt sdk/imt_sdk_win_64/winavr/bin/../lib/gcc/avr/4.3.3/avr5\libgcc.a(_addsub_sf.o)
 .debug_loc     0x0000035e      0x104 d:/cources/embededcources/enmbededd imt/new folder/00-tools/03-imt sdk/03- imt sdk/imt_sdk_win_64/winavr/bin/../lib/gcc/avr/4.3.3/avr5\libgcc.a(_mul_sf.o)
 .debug_loc     0x00000462       0xc0 d:/cources/embededcources/enmbededd imt/new folder/00-tools/03-imt sdk/03- imt sdk/imt_sdk_win_64/winavr/bin/../lib/gcc/avr/4.3.3/avr5\libgcc.a(_div_sf.o)
 .debug_loc     0x00000522       0x3c d:/cources/embededcources/enmbededd imt/new folder/00-tools/03-imt sdk/03- imt sdk/imt_sdk_win_64/winavr/bin/../lib/gcc/avr/4.3.3/avr5\libgcc.a(_gt_sf.o)
 .debug_loc     0x0000055e       0x3c d:/cources/embededcources/enmbededd imt/new folder/00-tools/03-imt sdk/03- imt sdk/imt_sdk_win_64/winavr/bin/../lib/gcc/avr/4.3.3/avr5\libgcc.a(_ge_sf.o)
 .debug_loc     0x0000059a       0x3c d:/cources/embededcources/enmbededd imt/new folder/00-tools/03-imt sdk/03- imt sdk/imt_sdk_win_64/winavr/bin/../lib/gcc/avr/4.3.3/avr5\libgcc.a(_lt_sf.o)
 .debug_loc     0x000005d6       0x7e d:/cources/embededcources/enmbededd imt/new folder/00-tools/03-imt sdk/03- imt sdk/imt_sdk_win_64/winavr/bin/../lib/gcc/avr/4.3.3/avr5\libgcc.a(_sf_to_si.o)
 .debug_loc     0x00000654       0x4c d:/cources/embededcources/enmbededd imt/new folder/00-tools/03-imt sdk/03- imt sdk/imt_sdk_win_64/winavr/bin/../lib/gcc/avr/4.3.3/avr5\libgcc.a(_usi_to_sf.o)
 .debug_loc     0x000006a0       0x94 d:/cources/embededcources/enmbededd imt/new folder/00-tools/03-imt sdk/03- imt sdk/imt_sdk_win_64/winavr/bin/../lib/gcc/avr/4.3.3/avr5\libgcc.a(_clzsi2.o)
 .debug_loc     0x00000734      0x13e d:/cources/embededcources/enmbededd imt/new folder/00-tools/03-imt sdk/03- imt sdk/imt_sdk_win_64/winavr/bin/../lib/gcc/avr/4.3.3/avr5\libgcc.a(_pack_sf.o)
 .debug_loc     0x00000872       0xac d:/cources/embededcources/enmbededd imt/new folder/00-tools/03-imt sdk/03- imt sdk/imt_sdk_win_64/winavr/bin/../lib/gcc/avr/4.3.3/avr5\libgcc.a(_unpack_sf.o)
 .debug_loc     0x0000091e       0x50 d:/cources/embededcources/enmbededd imt/new folder/00-tools/03-imt sdk/03- imt sdk/imt_sdk_win_64/winavr/bin/../lib/gcc/avr/4.3.3/avr5\libgcc.a(_fpcmp_parts_sf.o)

.debug_macinfo
 *(.debug_macinfo)
OUTPUT(UART_Driver.elf elf32-avr)
LOAD linker stubs

.debug_ranges   0x00000000       0x50
 .debug_ranges  0x00000000       0x50 d:/cources/embededcources/enmbededd imt/new folder/00-tools/03-imt sdk/03- imt sdk/imt_sdk_win_64/winavr/bin/../lib/gcc/avr/4.3.3/avr5\libgcc.a(_mul_sf.o)
