Archive member included because of file (symbol)

d:/cources/enmbededd_imt/new folder/00-tools/03-imt sdk/03- imt sdk/imt_sdk_win_64/winavr/bin/../lib/gcc/avr/4.3.3/avr5\libgcc.a(_exit.o)
                              d:/cources/enmbededd_imt/new folder/00-tools/03-imt sdk/03- imt sdk/imt_sdk_win_64/winavr/bin/../lib/gcc/avr/4.3.3/../../../../avr/lib/avr5/crtm32.o (exit)
d:/cources/enmbededd_imt/new folder/00-tools/03-imt sdk/03- imt sdk/imt_sdk_win_64/winavr/bin/../lib/gcc/avr/4.3.3/avr5\libgcc.a(_clear_bss.o)
                              ./MCAL/External_Interrupt_Driver/External_Interrupt_Program.o (__do_clear_bss)

Memory Configuration

Name             Origin             Length             Attributes
text             0x00000000         0x00020000         xr
data             0x00800060         0x0000ffa0         rw !x
eeprom           0x00810000         0x00010000         rw !x
fuse             0x00820000         0x00000400         rw !x
lock             0x00830000         0x00000400         rw !x
signature        0x00840000         0x00000400         rw !x
*default*        0x00000000         0xffffffff

Linker script and memory map

LOAD d:/cources/enmbededd_imt/new folder/00-tools/03-imt sdk/03- imt sdk/imt_sdk_win_64/winavr/bin/../lib/gcc/avr/4.3.3/../../../../avr/lib/avr5/crtm32.o
LOAD ./MCAL/PORT_Driver/PORT_Program.o
LOAD ./MCAL/GIE_Driver/GIE_Program.o
LOAD ./MCAL/External_Interrupt_Driver/External_Interrupt_Program.o
LOAD ./MCAL/DIO_Driver/DIO_Program.o
LOAD ./APP/main.o
LOAD d:/cources/enmbededd_imt/new folder/00-tools/03-imt sdk/03- imt sdk/imt_sdk_win_64/winavr/bin/../lib/gcc/avr/4.3.3/avr5\libgcc.a
LOAD d:/cources/enmbededd_imt/new folder/00-tools/03-imt sdk/03- imt sdk/imt_sdk_win_64/winavr/bin/../lib/gcc/avr/4.3.3/../../../../avr/lib/avr5\libc.a
LOAD d:/cources/enmbededd_imt/new folder/00-tools/03-imt sdk/03- imt sdk/imt_sdk_win_64/winavr/bin/../lib/gcc/avr/4.3.3/avr5\libgcc.a

.hash
 *(.hash)

.dynsym
 *(.dynsym)

.dynstr
 *(.dynstr)

.gnu.version
 *(.gnu.version)

.gnu.version_d
 *(.gnu.version_d)

.gnu.version_r
 *(.gnu.version_r)

.rel.init
 *(.rel.init)

.rela.init
 *(.rela.init)

.rel.text
 *(.rel.text)
 *(.rel.text.*)
 *(.rel.gnu.linkonce.t*)

.rela.text
 *(.rela.text)
 *(.rela.text.*)
 *(.rela.gnu.linkonce.t*)

.rel.fini
 *(.rel.fini)

.rela.fini
 *(.rela.fini)

.rel.rodata
 *(.rel.rodata)
 *(.rel.rodata.*)
 *(.rel.gnu.linkonce.r*)

.rela.rodata
 *(.rela.rodata)
 *(.rela.rodata.*)
 *(.rela.gnu.linkonce.r*)

.rel.data
 *(.rel.data)
 *(.rel.data.*)
 *(.rel.gnu.linkonce.d*)

.rela.data
 *(.rela.data)
 *(.rela.data.*)
 *(.rela.gnu.linkonce.d*)

.rel.ctors
 *(.rel.ctors)

.rela.ctors
 *(.rela.ctors)

.rel.dtors
 *(.rel.dtors)

.rela.dtors
 *(.rela.dtors)

.rel.got
 *(.rel.got)

.rela.got
 *(.rela.got)

.rel.bss
 *(.rel.bss)

.rela.bss
 *(.rela.bss)

.rel.plt
 *(.rel.plt)

.rela.plt
 *(.rela.plt)

.text           0x00000000      0xd1c
 *(.vectors)
 .vectors       0x00000000       0x54 d:/cources/enmbededd_imt/new folder/00-tools/03-imt sdk/03- imt sdk/imt_sdk_win_64/winavr/bin/../lib/gcc/avr/4.3.3/../../../../avr/lib/avr5/crtm32.o
                0x00000000                __vectors
                0x00000000                __vector_default
 *(.vectors)
 *(.progmem.gcc*)
 *(.progmem*)
                0x00000054                . = ALIGN (0x2)
                0x00000054                __trampolines_start = .
 *(.trampolines)
 .trampolines   0x00000054        0x0 linker stubs
 *(.trampolines*)
                0x00000054                __trampolines_end = .
 *(.jumptables)
 *(.jumptables*)
 *(.lowtext)
 *(.lowtext*)
                0x00000054                __ctors_start = .
 *(.ctors)
                0x00000054                __ctors_end = .
                0x00000054                __dtors_start = .
 *(.dtors)
                0x00000054                __dtors_end = .
 SORT(*)(.ctors)
 SORT(*)(.dtors)
 *(.init0)
 .init0         0x00000054        0x0 d:/cources/enmbededd_imt/new folder/00-tools/03-imt sdk/03- imt sdk/imt_sdk_win_64/winavr/bin/../lib/gcc/avr/4.3.3/../../../../avr/lib/avr5/crtm32.o
                0x00000054                __init
 *(.init0)
 *(.init1)
 *(.init1)
 *(.init2)
 .init2         0x00000054        0xc d:/cources/enmbededd_imt/new folder/00-tools/03-imt sdk/03- imt sdk/imt_sdk_win_64/winavr/bin/../lib/gcc/avr/4.3.3/../../../../avr/lib/avr5/crtm32.o
 *(.init2)
 *(.init3)
 *(.init3)
 *(.init4)
 .init4         0x00000060       0x10 d:/cources/enmbededd_imt/new folder/00-tools/03-imt sdk/03- imt sdk/imt_sdk_win_64/winavr/bin/../lib/gcc/avr/4.3.3/avr5\libgcc.a(_clear_bss.o)
                0x00000060                __do_clear_bss
 *(.init4)
 *(.init5)
 *(.init5)
 *(.init6)
 *(.init6)
 *(.init7)
 *(.init7)
 *(.init8)
 *(.init8)
 *(.init9)
 .init9         0x00000070        0x8 d:/cources/enmbededd_imt/new folder/00-tools/03-imt sdk/03- imt sdk/imt_sdk_win_64/winavr/bin/../lib/gcc/avr/4.3.3/../../../../avr/lib/avr5/crtm32.o
 *(.init9)
 *(.text)
 .text          0x00000078        0x4 d:/cources/enmbededd_imt/new folder/00-tools/03-imt sdk/03- imt sdk/imt_sdk_win_64/winavr/bin/../lib/gcc/avr/4.3.3/../../../../avr/lib/avr5/crtm32.o
                0x00000078                __vector_12
                0x00000078                __bad_interrupt
                0x00000078                __vector_6
                0x00000078                __vector_11
                0x00000078                __vector_13
                0x00000078                __vector_17
                0x00000078                __vector_19
                0x00000078                __vector_7
                0x00000078                __vector_5
                0x00000078                __vector_4
                0x00000078                __vector_9
                0x00000078                __vector_15
                0x00000078                __vector_8
                0x00000078                __vector_14
                0x00000078                __vector_10
                0x00000078                __vector_16
                0x00000078                __vector_18
                0x00000078                __vector_20
 .text          0x0000007c        0x0 ./MCAL/PORT_Driver/PORT_Program.o
 .text          0x0000007c        0x0 ./MCAL/GIE_Driver/GIE_Program.o
 .text          0x0000007c        0x0 ./MCAL/External_Interrupt_Driver/External_Interrupt_Program.o
 .text          0x0000007c        0x0 ./MCAL/DIO_Driver/DIO_Program.o
 .text          0x0000007c        0x0 ./APP/main.o
 .text          0x0000007c        0x0 d:/cources/enmbededd_imt/new folder/00-tools/03-imt sdk/03- imt sdk/imt_sdk_win_64/winavr/bin/../lib/gcc/avr/4.3.3/avr5\libgcc.a(_exit.o)
 .text          0x0000007c        0x0 d:/cources/enmbededd_imt/new folder/00-tools/03-imt sdk/03- imt sdk/imt_sdk_win_64/winavr/bin/../lib/gcc/avr/4.3.3/avr5\libgcc.a(_clear_bss.o)
                0x0000007c                . = ALIGN (0x2)
 *(.text.*)
 .text.PORT_VoidInit
                0x0000007c       0x48 ./MCAL/PORT_Driver/PORT_Program.o
                0x0000007c                PORT_VoidInit
 .text.EXTI_VidEnableOrDisableGIE
                0x000000c4       0x3e ./MCAL/GIE_Driver/GIE_Program.o
                0x000000c4                EXTI_VidEnableOrDisableGIE
 .text.EXTI_u8EnableOrDisableInterruptPin_Postbuild
                0x00000102      0x104 ./MCAL/External_Interrupt_Driver/External_Interrupt_Program.o
                0x00000102                EXTI_u8EnableOrDisableInterruptPin_Postbuild
 .text.EXTI_voidEnableOrDisableInterruptPin_Prebuild
                0x00000206       0x46 ./MCAL/External_Interrupt_Driver/External_Interrupt_Program.o
                0x00000206                EXTI_voidEnableOrDisableInterruptPin_Prebuild
 .text.EXTI_u8ControlSense_Postbuild
                0x0000024c      0x1e0 ./MCAL/External_Interrupt_Driver/External_Interrupt_Program.o
                0x0000024c                EXTI_u8ControlSense_Postbuild
 .text.EXTI_VidControlSense_Prebuild
                0x0000042c       0x54 ./MCAL/External_Interrupt_Driver/External_Interrupt_Program.o
                0x0000042c                EXTI_VidControlSense_Prebuild
 .text.SendAddress_Callback
                0x00000480       0x4a ./MCAL/External_Interrupt_Driver/External_Interrupt_Program.o
                0x00000480                SendAddress_Callback
 .text.__vector_1
                0x000004ca       0x5a ./MCAL/External_Interrupt_Driver/External_Interrupt_Program.o
                0x000004ca                __vector_1
 .text.__vector_2
                0x00000524       0x5a ./MCAL/External_Interrupt_Driver/External_Interrupt_Program.o
                0x00000524                __vector_2
 .text.__vector_3
                0x0000057e       0x5a ./MCAL/External_Interrupt_Driver/External_Interrupt_Program.o
                0x0000057e                __vector_3
 .text.DIO_U8SetPortDir
                0x000005d8       0x96 ./MCAL/DIO_Driver/DIO_Program.o
                0x000005d8                DIO_U8SetPortDir
 .text.DIO_U8SetPortVal
                0x0000066e       0x96 ./MCAL/DIO_Driver/DIO_Program.o
                0x0000066e                DIO_U8SetPortVal
 .text.DIO_U8GetPortVal
                0x00000704       0xaa ./MCAL/DIO_Driver/DIO_Program.o
                0x00000704                DIO_U8GetPortVal
 .text.DIO_U8SetPinDir
                0x000007ae      0x20a ./MCAL/DIO_Driver/DIO_Program.o
                0x000007ae                DIO_U8SetPinDir
 .text.DIO_U8SetPinVal
                0x000009b8      0x20a ./MCAL/DIO_Driver/DIO_Program.o
                0x000009b8                DIO_U8SetPinVal
 .text.DIO_U8GetPinVal
                0x00000bc2      0x112 ./MCAL/DIO_Driver/DIO_Program.o
                0x00000bc2                DIO_U8GetPinVal
 .text.main     0x00000cd4       0x26 ./APP/main.o
                0x00000cd4                main
 .text.INT0_INTERRUPT
                0x00000cfa       0x1e ./APP/main.o
                0x00000cfa                INT0_INTERRUPT
 .text.libgcc   0x00000d18        0x0 d:/cources/enmbededd_imt/new folder/00-tools/03-imt sdk/03- imt sdk/imt_sdk_win_64/winavr/bin/../lib/gcc/avr/4.3.3/avr5\libgcc.a(_exit.o)
 .text.libgcc   0x00000d18        0x0 d:/cources/enmbededd_imt/new folder/00-tools/03-imt sdk/03- imt sdk/imt_sdk_win_64/winavr/bin/../lib/gcc/avr/4.3.3/avr5\libgcc.a(_clear_bss.o)
                0x00000d18                . = ALIGN (0x2)
 *(.fini9)
 .fini9         0x00000d18        0x0 d:/cources/enmbededd_imt/new folder/00-tools/03-imt sdk/03- imt sdk/imt_sdk_win_64/winavr/bin/../lib/gcc/avr/4.3.3/avr5\libgcc.a(_exit.o)
                0x00000d18                exit
                0x00000d18                _exit
 *(.fini9)
 *(.fini8)
 *(.fini8)
 *(.fini7)
 *(.fini7)
 *(.fini6)
 *(.fini6)
 *(.fini5)
 *(.fini5)
 *(.fini4)
 *(.fini4)
 *(.fini3)
 *(.fini3)
 *(.fini2)
 *(.fini2)
 *(.fini1)
 *(.fini1)
 *(.fini0)
 .fini0         0x00000d18        0x4 d:/cources/enmbededd_imt/new folder/00-tools/03-imt sdk/03- imt sdk/imt_sdk_win_64/winavr/bin/../lib/gcc/avr/4.3.3/avr5\libgcc.a(_exit.o)
 *(.fini0)
                0x00000d1c                _etext = .

.data           0x00800060        0x0 load address 0x00000d1c
                0x00800060                PROVIDE (__data_start, .)
 *(.data)
 .data          0x00800060        0x0 d:/cources/enmbededd_imt/new folder/00-tools/03-imt sdk/03- imt sdk/imt_sdk_win_64/winavr/bin/../lib/gcc/avr/4.3.3/../../../../avr/lib/avr5/crtm32.o
 .data          0x00800060        0x0 ./MCAL/PORT_Driver/PORT_Program.o
 .data          0x00800060        0x0 ./MCAL/GIE_Driver/GIE_Program.o
 .data          0x00800060        0x0 ./MCAL/External_Interrupt_Driver/External_Interrupt_Program.o
 .data          0x00800060        0x0 ./MCAL/DIO_Driver/DIO_Program.o
 .data          0x00800060        0x0 ./APP/main.o
 .data          0x00800060        0x0 d:/cources/enmbededd_imt/new folder/00-tools/03-imt sdk/03- imt sdk/imt_sdk_win_64/winavr/bin/../lib/gcc/avr/4.3.3/avr5\libgcc.a(_exit.o)
 .data          0x00800060        0x0 d:/cources/enmbededd_imt/new folder/00-tools/03-imt sdk/03- imt sdk/imt_sdk_win_64/winavr/bin/../lib/gcc/avr/4.3.3/avr5\libgcc.a(_clear_bss.o)
 *(.data*)
 *(.rodata)
 *(.rodata*)
 *(.gnu.linkonce.d*)
                0x00800060                . = ALIGN (0x2)
                0x00800060                _edata = .
                0x00800060                PROVIDE (__data_end, .)

.bss            0x00800060        0x6
                0x00800060                PROVIDE (__bss_start, .)
 *(.bss)
 .bss           0x00800060        0x0 d:/cources/enmbededd_imt/new folder/00-tools/03-imt sdk/03- imt sdk/imt_sdk_win_64/winavr/bin/../lib/gcc/avr/4.3.3/../../../../avr/lib/avr5/crtm32.o
 .bss           0x00800060        0x0 ./MCAL/PORT_Driver/PORT_Program.o
 .bss           0x00800060        0x0 ./MCAL/GIE_Driver/GIE_Program.o
 .bss           0x00800060        0x0 ./MCAL/External_Interrupt_Driver/External_Interrupt_Program.o
 .bss           0x00800060        0x0 ./MCAL/DIO_Driver/DIO_Program.o
 .bss           0x00800060        0x0 ./APP/main.o
 .bss           0x00800060        0x0 d:/cources/enmbededd_imt/new folder/00-tools/03-imt sdk/03- imt sdk/imt_sdk_win_64/winavr/bin/../lib/gcc/avr/4.3.3/avr5\libgcc.a(_exit.o)
 .bss           0x00800060        0x0 d:/cources/enmbededd_imt/new folder/00-tools/03-imt sdk/03- imt sdk/imt_sdk_win_64/winavr/bin/../lib/gcc/avr/4.3.3/avr5\libgcc.a(_clear_bss.o)
 *(.bss*)
 .bss.EXTI_VidCallBack_ISR_Funtion
                0x00800060        0x6 ./MCAL/External_Interrupt_Driver/External_Interrupt_Program.o
 *(COMMON)
                0x00800066                PROVIDE (__bss_end, .)
                0x00000d1c                __data_load_start = LOADADDR (.data)
                0x00000d1c                __data_load_end = (__data_load_start + SIZEOF (.data))

.noinit         0x00800066        0x0
                0x00800066                PROVIDE (__noinit_start, .)
 *(.noinit*)
                0x00800066                PROVIDE (__noinit_end, .)
                0x00800066                _end = .
                0x00800066                PROVIDE (__heap_start, .)

.eeprom         0x00810000        0x0
 *(.eeprom*)
                0x00810000                __eeprom_end = .

.fuse
 *(.fuse)
 *(.lfuse)
 *(.hfuse)
 *(.efuse)

.lock
 *(.lock*)

.signature
 *(.signature*)

.stab           0x00000000     0x1500
 *(.stab)
 .stab          0x00000000      0x390 ./MCAL/PORT_Driver/PORT_Program.o
 .stab          0x00000390      0x1b0 ./MCAL/GIE_Driver/GIE_Program.o
                                0x1bc (size before relaxing)
 .stab          0x00000540      0x6b4 ./MCAL/External_Interrupt_Driver/External_Interrupt_Program.o
                                0x6c0 (size before relaxing)
 .stab          0x00000bf4      0x6e4 ./MCAL/DIO_Driver/DIO_Program.o
                                0x6f0 (size before relaxing)
 .stab          0x000012d8      0x228 ./APP/main.o
                                0x3c0 (size before relaxing)

.stabstr        0x00000000      0xe29
 *(.stabstr)
 .stabstr       0x00000000      0xe29 ./MCAL/PORT_Driver/PORT_Program.o

.stab.excl
 *(.stab.excl)

.stab.exclstr
 *(.stab.exclstr)

.stab.index
 *(.stab.index)

.stab.indexstr
 *(.stab.indexstr)

.comment
 *(.comment)

.debug
 *(.debug)

.line
 *(.line)

.debug_srcinfo
 *(.debug_srcinfo)

.debug_sfnames
 *(.debug_sfnames)

.debug_aranges
 *(.debug_aranges)

.debug_pubnames
 *(.debug_pubnames)

.debug_info
 *(.debug_info)
 *(.gnu.linkonce.wi.*)

.debug_abbrev
 *(.debug_abbrev)

.debug_line
 *(.debug_line)

.debug_frame
 *(.debug_frame)

.debug_str
 *(.debug_str)

.debug_loc
 *(.debug_loc)

.debug_macinfo
 *(.debug_macinfo)
OUTPUT(Interrupt_Driver.elf elf32-avr)
LOAD linker stubs
