Archive member included because of file (symbol)

d:/cources/enmbededd_imt/new folder/00-tools/03-imt sdk/03- imt sdk/imt_sdk_win_64/winavr/bin/../lib/gcc/avr/4.3.3/avr5\libgcc.a(_udivmodhi4.o)
                              ./HAL/LCD_Module/LCD_Program.o (__udivmodhi4)
d:/cources/enmbededd_imt/new folder/00-tools/03-imt sdk/03- imt sdk/imt_sdk_win_64/winavr/bin/../lib/gcc/avr/4.3.3/avr5\libgcc.a(_exit.o)
                              d:/cources/enmbededd_imt/new folder/00-tools/03-imt sdk/03- imt sdk/imt_sdk_win_64/winavr/bin/../lib/gcc/avr/4.3.3/../../../../avr/lib/avr5/crtm32.o (exit)
d:/cources/enmbededd_imt/new folder/00-tools/03-imt sdk/03- imt sdk/imt_sdk_win_64/winavr/bin/../lib/gcc/avr/4.3.3/avr5\libgcc.a(_copy_data.o)
                              ./MCAL/ADC_Driver/ADC_Program.o (__do_copy_data)
d:/cources/enmbededd_imt/new folder/00-tools/03-imt sdk/03- imt sdk/imt_sdk_win_64/winavr/bin/../lib/gcc/avr/4.3.3/avr5\libgcc.a(_clear_bss.o)
                              ./MCAL/ADC_Driver/ADC_Program.o (__do_clear_bss)
d:/cources/enmbededd_imt/new folder/00-tools/03-imt sdk/03- imt sdk/imt_sdk_win_64/winavr/bin/../lib/gcc/avr/4.3.3/avr5\libgcc.a(_fixunssfsi.o)
                              ./HAL/LM35_Module/LM35_Program.o (__fixunssfsi)
d:/cources/enmbededd_imt/new folder/00-tools/03-imt sdk/03- imt sdk/imt_sdk_win_64/winavr/bin/../lib/gcc/avr/4.3.3/avr5\libgcc.a(_addsub_sf.o)
                              d:/cources/enmbededd_imt/new folder/00-tools/03-imt sdk/03- imt sdk/imt_sdk_win_64/winavr/bin/../lib/gcc/avr/4.3.3/avr5\libgcc.a(_fixunssfsi.o) (__subsf3)
d:/cources/enmbededd_imt/new folder/00-tools/03-imt sdk/03- imt sdk/imt_sdk_win_64/winavr/bin/../lib/gcc/avr/4.3.3/avr5\libgcc.a(_mul_sf.o)
                              ./HAL/LM35_Module/LM35_Program.o (__mulsf3)
d:/cources/enmbededd_imt/new folder/00-tools/03-imt sdk/03- imt sdk/imt_sdk_win_64/winavr/bin/../lib/gcc/avr/4.3.3/avr5\libgcc.a(_div_sf.o)
                              ./HAL/LM35_Module/LM35_Program.o (__divsf3)
d:/cources/enmbededd_imt/new folder/00-tools/03-imt sdk/03- imt sdk/imt_sdk_win_64/winavr/bin/../lib/gcc/avr/4.3.3/avr5\libgcc.a(_gt_sf.o)
                              ./HAL/LCD_Module/LCD_Program.o (__gtsf2)
d:/cources/enmbededd_imt/new folder/00-tools/03-imt sdk/03- imt sdk/imt_sdk_win_64/winavr/bin/../lib/gcc/avr/4.3.3/avr5\libgcc.a(_ge_sf.o)
                              d:/cources/enmbededd_imt/new folder/00-tools/03-imt sdk/03- imt sdk/imt_sdk_win_64/winavr/bin/../lib/gcc/avr/4.3.3/avr5\libgcc.a(_fixunssfsi.o) (__gesf2)
d:/cources/enmbededd_imt/new folder/00-tools/03-imt sdk/03- imt sdk/imt_sdk_win_64/winavr/bin/../lib/gcc/avr/4.3.3/avr5\libgcc.a(_lt_sf.o)
                              ./HAL/LCD_Module/LCD_Program.o (__ltsf2)
d:/cources/enmbededd_imt/new folder/00-tools/03-imt sdk/03- imt sdk/imt_sdk_win_64/winavr/bin/../lib/gcc/avr/4.3.3/avr5\libgcc.a(_sf_to_si.o)
                              d:/cources/enmbededd_imt/new folder/00-tools/03-imt sdk/03- imt sdk/imt_sdk_win_64/winavr/bin/../lib/gcc/avr/4.3.3/avr5\libgcc.a(_fixunssfsi.o) (__fixsfsi)
d:/cources/enmbededd_imt/new folder/00-tools/03-imt sdk/03- imt sdk/imt_sdk_win_64/winavr/bin/../lib/gcc/avr/4.3.3/avr5\libgcc.a(_thenan_sf.o)
                              d:/cources/enmbededd_imt/new folder/00-tools/03-imt sdk/03- imt sdk/imt_sdk_win_64/winavr/bin/../lib/gcc/avr/4.3.3/avr5\libgcc.a(_addsub_sf.o) (__thenan_sf)
d:/cources/enmbededd_imt/new folder/00-tools/03-imt sdk/03- imt sdk/imt_sdk_win_64/winavr/bin/../lib/gcc/avr/4.3.3/avr5\libgcc.a(_usi_to_sf.o)
                              ./HAL/LM35_Module/LM35_Program.o (__floatunsisf)
d:/cources/enmbededd_imt/new folder/00-tools/03-imt sdk/03- imt sdk/imt_sdk_win_64/winavr/bin/../lib/gcc/avr/4.3.3/avr5\libgcc.a(_prologue.o)
                              d:/cources/enmbededd_imt/new folder/00-tools/03-imt sdk/03- imt sdk/imt_sdk_win_64/winavr/bin/../lib/gcc/avr/4.3.3/avr5\libgcc.a(_addsub_sf.o) (__prologue_saves__)
d:/cources/enmbededd_imt/new folder/00-tools/03-imt sdk/03- imt sdk/imt_sdk_win_64/winavr/bin/../lib/gcc/avr/4.3.3/avr5\libgcc.a(_epilogue.o)
                              d:/cources/enmbededd_imt/new folder/00-tools/03-imt sdk/03- imt sdk/imt_sdk_win_64/winavr/bin/../lib/gcc/avr/4.3.3/avr5\libgcc.a(_addsub_sf.o) (__epilogue_restores__)
d:/cources/enmbededd_imt/new folder/00-tools/03-imt sdk/03- imt sdk/imt_sdk_win_64/winavr/bin/../lib/gcc/avr/4.3.3/avr5\libgcc.a(_clzsi2.o)
                              d:/cources/enmbededd_imt/new folder/00-tools/03-imt sdk/03- imt sdk/imt_sdk_win_64/winavr/bin/../lib/gcc/avr/4.3.3/avr5\libgcc.a(_usi_to_sf.o) (__clzsi2)
d:/cources/enmbededd_imt/new folder/00-tools/03-imt sdk/03- imt sdk/imt_sdk_win_64/winavr/bin/../lib/gcc/avr/4.3.3/avr5\libgcc.a(_pack_sf.o)
                              d:/cources/enmbededd_imt/new folder/00-tools/03-imt sdk/03- imt sdk/imt_sdk_win_64/winavr/bin/../lib/gcc/avr/4.3.3/avr5\libgcc.a(_addsub_sf.o) (__pack_f)
d:/cources/enmbededd_imt/new folder/00-tools/03-imt sdk/03- imt sdk/imt_sdk_win_64/winavr/bin/../lib/gcc/avr/4.3.3/avr5\libgcc.a(_unpack_sf.o)
                              d:/cources/enmbededd_imt/new folder/00-tools/03-imt sdk/03- imt sdk/imt_sdk_win_64/winavr/bin/../lib/gcc/avr/4.3.3/avr5\libgcc.a(_addsub_sf.o) (__unpack_f)
d:/cources/enmbededd_imt/new folder/00-tools/03-imt sdk/03- imt sdk/imt_sdk_win_64/winavr/bin/../lib/gcc/avr/4.3.3/avr5\libgcc.a(_fpcmp_parts_sf.o)
                              d:/cources/enmbededd_imt/new folder/00-tools/03-imt sdk/03- imt sdk/imt_sdk_win_64/winavr/bin/../lib/gcc/avr/4.3.3/avr5\libgcc.a(_gt_sf.o) (__fpcmp_parts_f)
d:/cources/enmbededd_imt/new folder/00-tools/03-imt sdk/03- imt sdk/imt_sdk_win_64/winavr/bin/../lib/gcc/avr/4.3.3/avr5\libgcc.a(_clz.o)
                              d:/cources/enmbededd_imt/new folder/00-tools/03-imt sdk/03- imt sdk/imt_sdk_win_64/winavr/bin/../lib/gcc/avr/4.3.3/avr5\libgcc.a(_clzsi2.o) (__clz_tab)

Allocating common symbols
Common symbol       size              file

Local_u8KeyPressed  0x1               ./APP/main.o
item                0x3               ./APP/main.o

Memory Configuration

Name             Origin             Length             Attributes
text             0x00000000         0x00020000         xr
data             0x00800060         0x0000ffa0         rw !x
eeprom           0x00810000         0x00010000         rw !x
fuse             0x00820000         0x00000400         rw !x
lock             0x00830000         0x00000400         rw !x
signature        0x00840000         0x00000400         rw !x
*default*        0x00000000         0xffffffff

Linker script and memory map

LOAD d:/cources/enmbededd_imt/new folder/00-tools/03-imt sdk/03- imt sdk/imt_sdk_win_64/winavr/bin/../lib/gcc/avr/4.3.3/../../../../avr/lib/avr5/crtm32.o
LOAD ./MCAL/PORT_Driver/PORT_Program.o
LOAD ./MCAL/GIE_Driver/GIE_Program.o
LOAD ./MCAL/External_Interrupt_Driver/External_Interrupt_Program.o
LOAD ./MCAL/DIO_Driver/DIO_Program.o
LOAD ./MCAL/ADC_Driver/ADC_Program.o
LOAD ./HAL/LM35_Module/LM35_Program.o
LOAD ./HAL/LED_Module/LED1_Program.o
LOAD ./HAL/LCD_Module/LCD_Program.o
LOAD ./HAL/Keypad_Module/Keypad_Program.o
LOAD ./HAL/DC_MOTOR/DC_MOTOR_Program.o
LOAD ./APP/main.o
LOAD d:/cources/enmbededd_imt/new folder/00-tools/03-imt sdk/03- imt sdk/imt_sdk_win_64/winavr/bin/../lib/gcc/avr/4.3.3/avr5\libgcc.a
LOAD d:/cources/enmbededd_imt/new folder/00-tools/03-imt sdk/03- imt sdk/imt_sdk_win_64/winavr/bin/../lib/gcc/avr/4.3.3/../../../../avr/lib/avr5\libc.a
LOAD d:/cources/enmbededd_imt/new folder/00-tools/03-imt sdk/03- imt sdk/imt_sdk_win_64/winavr/bin/../lib/gcc/avr/4.3.3/avr5\libgcc.a

.hash
 *(.hash)

.dynsym
 *(.dynsym)

.dynstr
 *(.dynstr)

.gnu.version
 *(.gnu.version)

.gnu.version_d
 *(.gnu.version_d)

.gnu.version_r
 *(.gnu.version_r)

.rel.init
 *(.rel.init)

.rela.init
 *(.rela.init)

.rel.text
 *(.rel.text)
 *(.rel.text.*)
 *(.rel.gnu.linkonce.t*)

.rela.text
 *(.rela.text)
 *(.rela.text.*)
 *(.rela.gnu.linkonce.t*)

.rel.fini
 *(.rel.fini)

.rela.fini
 *(.rela.fini)

.rel.rodata
 *(.rel.rodata)
 *(.rel.rodata.*)
 *(.rel.gnu.linkonce.r*)

.rela.rodata
 *(.rela.rodata)
 *(.rela.rodata.*)
 *(.rela.gnu.linkonce.r*)

.rel.data
 *(.rel.data)
 *(.rel.data.*)
 *(.rel.gnu.linkonce.d*)

.rela.data
 *(.rela.data)
 *(.rela.data.*)
 *(.rela.gnu.linkonce.d*)

.rel.ctors
 *(.rel.ctors)

.rela.ctors
 *(.rela.ctors)

.rel.dtors
 *(.rel.dtors)

.rela.dtors
 *(.rela.dtors)

.rel.got
 *(.rel.got)

.rela.got
 *(.rela.got)

.rel.bss
 *(.rel.bss)

.rela.bss
 *(.rela.bss)

.rel.plt
 *(.rel.plt)

.rela.plt
 *(.rela.plt)

.text           0x00000000     0x365e
 *(.vectors)
 .vectors       0x00000000       0x54 d:/cources/enmbededd_imt/new folder/00-tools/03-imt sdk/03- imt sdk/imt_sdk_win_64/winavr/bin/../lib/gcc/avr/4.3.3/../../../../avr/lib/avr5/crtm32.o
                0x00000000                __vectors
                0x00000000                __vector_default
 *(.vectors)
 *(.progmem.gcc*)
 *(.progmem*)
                0x00000054                . = ALIGN (0x2)
                0x00000054                __trampolines_start = .
 *(.trampolines)
 .trampolines   0x00000054        0x0 linker stubs
 *(.trampolines*)
                0x00000054                __trampolines_end = .
 *(.jumptables)
 *(.jumptables*)
 *(.lowtext)
 *(.lowtext*)
                0x00000054                __ctors_start = .
 *(.ctors)
                0x00000054                __ctors_end = .
                0x00000054                __dtors_start = .
 *(.dtors)
                0x00000054                __dtors_end = .
 SORT(*)(.ctors)
 SORT(*)(.dtors)
 *(.init0)
 .init0         0x00000054        0x0 d:/cources/enmbededd_imt/new folder/00-tools/03-imt sdk/03- imt sdk/imt_sdk_win_64/winavr/bin/../lib/gcc/avr/4.3.3/../../../../avr/lib/avr5/crtm32.o
                0x00000054                __init
 *(.init0)
 *(.init1)
 *(.init1)
 *(.init2)
 .init2         0x00000054        0xc d:/cources/enmbededd_imt/new folder/00-tools/03-imt sdk/03- imt sdk/imt_sdk_win_64/winavr/bin/../lib/gcc/avr/4.3.3/../../../../avr/lib/avr5/crtm32.o
 *(.init2)
 *(.init3)
 *(.init3)
 *(.init4)
 .init4         0x00000060       0x16 d:/cources/enmbededd_imt/new folder/00-tools/03-imt sdk/03- imt sdk/imt_sdk_win_64/winavr/bin/../lib/gcc/avr/4.3.3/avr5\libgcc.a(_copy_data.o)
                0x00000060                __do_copy_data
 .init4         0x00000076       0x10 d:/cources/enmbededd_imt/new folder/00-tools/03-imt sdk/03- imt sdk/imt_sdk_win_64/winavr/bin/../lib/gcc/avr/4.3.3/avr5\libgcc.a(_clear_bss.o)
                0x00000076                __do_clear_bss
 *(.init4)
 *(.init5)
 *(.init5)
 *(.init6)
 *(.init6)
 *(.init7)
 *(.init7)
 *(.init8)
 *(.init8)
 *(.init9)
 .init9         0x00000086        0x8 d:/cources/enmbededd_imt/new folder/00-tools/03-imt sdk/03- imt sdk/imt_sdk_win_64/winavr/bin/../lib/gcc/avr/4.3.3/../../../../avr/lib/avr5/crtm32.o
 *(.init9)
 *(.text)
 .text          0x0000008e        0x4 d:/cources/enmbededd_imt/new folder/00-tools/03-imt sdk/03- imt sdk/imt_sdk_win_64/winavr/bin/../lib/gcc/avr/4.3.3/../../../../avr/lib/avr5/crtm32.o
                0x0000008e                __vector_1
                0x0000008e                __vector_12
                0x0000008e                __bad_interrupt
                0x0000008e                __vector_6
                0x0000008e                __vector_3
                0x0000008e                __vector_11
                0x0000008e                __vector_13
                0x0000008e                __vector_17
                0x0000008e                __vector_19
                0x0000008e                __vector_7
                0x0000008e                __vector_5
                0x0000008e                __vector_4
                0x0000008e                __vector_9
                0x0000008e                __vector_2
                0x0000008e                __vector_15
                0x0000008e                __vector_8
                0x0000008e                __vector_14
                0x0000008e                __vector_10
                0x0000008e                __vector_18
                0x0000008e                __vector_20
 .text          0x00000092        0x0 ./MCAL/PORT_Driver/PORT_Program.o
 .text          0x00000092        0x0 ./MCAL/GIE_Driver/GIE_Program.o
 .text          0x00000092        0x0 ./MCAL/External_Interrupt_Driver/External_Interrupt_Program.o
 .text          0x00000092        0x0 ./MCAL/DIO_Driver/DIO_Program.o
 .text          0x00000092        0x0 ./MCAL/ADC_Driver/ADC_Program.o
 .text          0x00000092        0x0 ./HAL/LM35_Module/LM35_Program.o
 .text          0x00000092        0x0 ./HAL/LED_Module/LED1_Program.o
 .text          0x00000092        0x0 ./HAL/LCD_Module/LCD_Program.o
 .text          0x00000092        0x0 ./HAL/Keypad_Module/Keypad_Program.o
 .text          0x00000092        0x0 ./HAL/DC_MOTOR/DC_MOTOR_Program.o
 .text          0x00000092        0x0 ./APP/main.o
 .text          0x00000092        0x0 d:/cources/enmbededd_imt/new folder/00-tools/03-imt sdk/03- imt sdk/imt_sdk_win_64/winavr/bin/../lib/gcc/avr/4.3.3/avr5\libgcc.a(_udivmodhi4.o)
 .text          0x00000092        0x0 d:/cources/enmbededd_imt/new folder/00-tools/03-imt sdk/03- imt sdk/imt_sdk_win_64/winavr/bin/../lib/gcc/avr/4.3.3/avr5\libgcc.a(_exit.o)
 .text          0x00000092        0x0 d:/cources/enmbededd_imt/new folder/00-tools/03-imt sdk/03- imt sdk/imt_sdk_win_64/winavr/bin/../lib/gcc/avr/4.3.3/avr5\libgcc.a(_copy_data.o)
 .text          0x00000092        0x0 d:/cources/enmbededd_imt/new folder/00-tools/03-imt sdk/03- imt sdk/imt_sdk_win_64/winavr/bin/../lib/gcc/avr/4.3.3/avr5\libgcc.a(_clear_bss.o)
 .text          0x00000092       0x58 d:/cources/enmbededd_imt/new folder/00-tools/03-imt sdk/03- imt sdk/imt_sdk_win_64/winavr/bin/../lib/gcc/avr/4.3.3/avr5\libgcc.a(_fixunssfsi.o)
                0x00000092                __fixunssfsi
 .text          0x000000ea      0x354 d:/cources/enmbededd_imt/new folder/00-tools/03-imt sdk/03- imt sdk/imt_sdk_win_64/winavr/bin/../lib/gcc/avr/4.3.3/avr5\libgcc.a(_addsub_sf.o)
                0x00000382                __subsf3
                0x000003e4                __addsf3
 .text          0x0000043e      0x1f4 d:/cources/enmbededd_imt/new folder/00-tools/03-imt sdk/03- imt sdk/imt_sdk_win_64/winavr/bin/../lib/gcc/avr/4.3.3/avr5\libgcc.a(_mul_sf.o)
                0x0000043e                __mulsf3
 .text          0x00000632      0x158 d:/cources/enmbededd_imt/new folder/00-tools/03-imt sdk/03- imt sdk/imt_sdk_win_64/winavr/bin/../lib/gcc/avr/4.3.3/avr5\libgcc.a(_div_sf.o)
                0x00000632                __divsf3
 .text          0x0000078a       0x60 d:/cources/enmbededd_imt/new folder/00-tools/03-imt sdk/03- imt sdk/imt_sdk_win_64/winavr/bin/../lib/gcc/avr/4.3.3/avr5\libgcc.a(_gt_sf.o)
                0x0000078a                __gtsf2
 .text          0x000007ea       0x60 d:/cources/enmbededd_imt/new folder/00-tools/03-imt sdk/03- imt sdk/imt_sdk_win_64/winavr/bin/../lib/gcc/avr/4.3.3/avr5\libgcc.a(_ge_sf.o)
                0x000007ea                __gesf2
 .text          0x0000084a       0x60 d:/cources/enmbededd_imt/new folder/00-tools/03-imt sdk/03- imt sdk/imt_sdk_win_64/winavr/bin/../lib/gcc/avr/4.3.3/avr5\libgcc.a(_lt_sf.o)
                0x0000084a                __ltsf2
 .text          0x000008aa       0xa8 d:/cources/enmbededd_imt/new folder/00-tools/03-imt sdk/03- imt sdk/imt_sdk_win_64/winavr/bin/../lib/gcc/avr/4.3.3/avr5\libgcc.a(_sf_to_si.o)
                0x000008aa                __fixsfsi
 .text          0x00000952        0x0 d:/cources/enmbededd_imt/new folder/00-tools/03-imt sdk/03- imt sdk/imt_sdk_win_64/winavr/bin/../lib/gcc/avr/4.3.3/avr5\libgcc.a(_thenan_sf.o)
 .text          0x00000952       0xf2 d:/cources/enmbededd_imt/new folder/00-tools/03-imt sdk/03- imt sdk/imt_sdk_win_64/winavr/bin/../lib/gcc/avr/4.3.3/avr5\libgcc.a(_usi_to_sf.o)
                0x00000952                __floatunsisf
 .text          0x00000a44        0x0 d:/cources/enmbededd_imt/new folder/00-tools/03-imt sdk/03- imt sdk/imt_sdk_win_64/winavr/bin/../lib/gcc/avr/4.3.3/avr5\libgcc.a(_prologue.o)
 .text          0x00000a44        0x0 d:/cources/enmbededd_imt/new folder/00-tools/03-imt sdk/03- imt sdk/imt_sdk_win_64/winavr/bin/../lib/gcc/avr/4.3.3/avr5\libgcc.a(_epilogue.o)
 .text          0x00000a44       0x9e d:/cources/enmbededd_imt/new folder/00-tools/03-imt sdk/03- imt sdk/imt_sdk_win_64/winavr/bin/../lib/gcc/avr/4.3.3/avr5\libgcc.a(_clzsi2.o)
                0x00000a44                __clzsi2
 .text          0x00000ae2      0x1aa d:/cources/enmbededd_imt/new folder/00-tools/03-imt sdk/03- imt sdk/imt_sdk_win_64/winavr/bin/../lib/gcc/avr/4.3.3/avr5\libgcc.a(_pack_sf.o)
                0x00000ae2                __pack_f
 .text          0x00000c8c       0xf0 d:/cources/enmbededd_imt/new folder/00-tools/03-imt sdk/03- imt sdk/imt_sdk_win_64/winavr/bin/../lib/gcc/avr/4.3.3/avr5\libgcc.a(_unpack_sf.o)
                0x00000c8c                __unpack_f
 .text          0x00000d7c       0xb2 d:/cources/enmbededd_imt/new folder/00-tools/03-imt sdk/03- imt sdk/imt_sdk_win_64/winavr/bin/../lib/gcc/avr/4.3.3/avr5\libgcc.a(_fpcmp_parts_sf.o)
                0x00000d7c                __fpcmp_parts_f
 .text          0x00000e2e        0x0 d:/cources/enmbededd_imt/new folder/00-tools/03-imt sdk/03- imt sdk/imt_sdk_win_64/winavr/bin/../lib/gcc/avr/4.3.3/avr5\libgcc.a(_clz.o)
                0x00000e2e                . = ALIGN (0x2)
 *(.text.*)
 .text.PORT_VoidInit
                0x00000e2e       0x4a ./MCAL/PORT_Driver/PORT_Program.o
                0x00000e2e                PORT_VoidInit
 .text.EXTI_VidEnableOrDisableGIE
                0x00000e78       0x3e ./MCAL/GIE_Driver/GIE_Program.o
                0x00000e78                EXTI_VidEnableOrDisableGIE
 .text.EXTI_u8EnableOrDisableInterruptPin_Postbuild
                0x00000eb6      0x104 ./MCAL/External_Interrupt_Driver/External_Interrupt_Program.o
                0x00000eb6                EXTI_u8EnableOrDisableInterruptPin_Postbuild
 .text.EXTI_voidEnableOrDisableInterruptPin_Prebuild
                0x00000fba       0x38 ./MCAL/External_Interrupt_Driver/External_Interrupt_Program.o
                0x00000fba                EXTI_voidEnableOrDisableInterruptPin_Prebuild
 .text.EXTI_u8ControlSense_Postbuild
                0x00000ff2      0x1b0 ./MCAL/External_Interrupt_Driver/External_Interrupt_Program.o
                0x00000ff2                EXTI_u8ControlSense_Postbuild
 .text.EXTI_VidControlSense_Prebuild
                0x000011a2       0x34 ./MCAL/External_Interrupt_Driver/External_Interrupt_Program.o
                0x000011a2                EXTI_VidControlSense_Prebuild
 .text.DIO_U8SetPortDir
                0x000011d6       0x96 ./MCAL/DIO_Driver/DIO_Program.o
                0x000011d6                DIO_U8SetPortDir
 .text.DIO_U8SetPortVal
                0x0000126c       0x96 ./MCAL/DIO_Driver/DIO_Program.o
                0x0000126c                DIO_U8SetPortVal
 .text.DIO_U8GetPortVal
                0x00001302       0xaa ./MCAL/DIO_Driver/DIO_Program.o
                0x00001302                DIO_U8GetPortVal
 .text.DIO_U8SetPinDir
                0x000013ac      0x20a ./MCAL/DIO_Driver/DIO_Program.o
                0x000013ac                DIO_U8SetPinDir
 .text.DIO_U8SetPinVal
                0x000015b6      0x20a ./MCAL/DIO_Driver/DIO_Program.o
                0x000015b6                DIO_U8SetPinVal
 .text.DIO_U8GetPinVal
                0x000017c0      0x112 ./MCAL/DIO_Driver/DIO_Program.o
                0x000017c0                DIO_U8GetPinVal
 .text.ADC_VoidInit_PreBuild
                0x000018d2       0x1e ./MCAL/ADC_Driver/ADC_Program.o
                0x000018d2                ADC_VoidInit_PreBuild
 .text.ADC_u8AdjustmentSelect_Postbuild
                0x000018f0       0x4a ./MCAL/ADC_Driver/ADC_Program.o
                0x000018f0                ADC_u8AdjustmentSelect_Postbuild
 .text.ADC_VoidVrefSelect_Postbuild
                0x0000193a       0x34 ./MCAL/ADC_Driver/ADC_Program.o
                0x0000193a                ADC_VoidVrefSelect_Postbuild
 .text.ADC_VoidPrescalerSelect_Postbuild
                0x0000196e       0x34 ./MCAL/ADC_Driver/ADC_Program.o
                0x0000196e                ADC_VoidPrescalerSelect_Postbuild
 .text.ADC_u8ONO_OFFStateSelect_Postbuild
                0x000019a2       0x4a ./MCAL/ADC_Driver/ADC_Program.o
                0x000019a2                ADC_u8ONO_OFFStateSelect_Postbuild
 .text.ADC_u8AutoTriggerEnable_Postbuild
                0x000019ec       0x70 ./MCAL/ADC_Driver/ADC_Program.o
                0x000019ec                ADC_u8AutoTriggerEnable_Postbuild
 .text.ADC_u8GetDigitalValChannel
                0x00001a5c      0x126 ./MCAL/ADC_Driver/ADC_Program.o
                0x00001a5c                ADC_u8GetDigitalValChannel
 .text.ADC_u8GetDigitalValChannelAsynchronus
                0x00001b82       0xb2 ./MCAL/ADC_Driver/ADC_Program.o
                0x00001b82                ADC_u8GetDigitalValChannelAsynchronus
 .text.SendAddress_Callback
                0x00001c34       0x40 ./MCAL/ADC_Driver/ADC_Program.o
                0x00001c34                SendAddress_Callback
 .text.__vector_16
                0x00001c74       0xcc ./MCAL/ADC_Driver/ADC_Program.o
                0x00001c74                __vector_16
 .text.LM35_VoidInit
                0x00001d40       0x12 ./HAL/LM35_Module/LM35_Program.o
                0x00001d40                LM35_VoidInit
 .text.LM35_u16GetTempretureWithUnit
                0x00001d52      0x138 ./HAL/LM35_Module/LM35_Program.o
                0x00001d52                LM35_u16GetTempretureWithUnit
 .text.LED_U8ON_OFF
                0x00001e8a      0x2ac ./HAL/LED_Module/LED1_Program.o
                0x00001e8a                LED_U8ON_OFF
 .text.LCD_VoidSendCommand
                0x00002136      0x13c ./HAL/LCD_Module/LCD_Program.o
                0x00002136                LCD_VoidSendCommand
 .text.LCD_VoidSendData
                0x00002272      0x13c ./HAL/LCD_Module/LCD_Program.o
                0x00002272                LCD_VoidSendData
 .text.LCD_VoidInit
                0x000023ae      0x298 ./HAL/LCD_Module/LCD_Program.o
                0x000023ae                LCD_VoidInit
 .text.LCD_VoidGoToPos
                0x00002646       0x4e ./HAL/LCD_Module/LCD_Program.o
                0x00002646                LCD_VoidGoToPos
 .text.LCD_VoidClearDisplay
                0x00002694       0x1a ./HAL/LCD_Module/LCD_Program.o
                0x00002694                LCD_VoidClearDisplay
 .text.LCD_VoidCursorON
                0x000026ae       0x14 ./HAL/LCD_Module/LCD_Program.o
                0x000026ae                LCD_VoidCursorON
 .text.LCD_VoidCursorOFF
                0x000026c2       0x14 ./HAL/LCD_Module/LCD_Program.o
                0x000026c2                LCD_VoidCursorOFF
 .text.LCD_VoidBlinkingCursorON
                0x000026d6       0x14 ./HAL/LCD_Module/LCD_Program.o
                0x000026d6                LCD_VoidBlinkingCursorON
 .text.LCD_VoidDisplayON
                0x000026ea       0x14 ./HAL/LCD_Module/LCD_Program.o
                0x000026ea                LCD_VoidDisplayON
 .text.LCD_VoidDisplayOFF
                0x000026fe       0x14 ./HAL/LCD_Module/LCD_Program.o
                0x000026fe                LCD_VoidDisplayOFF
 .text.LCD_VoidShiftLeft
                0x00002712       0x62 ./HAL/LCD_Module/LCD_Program.o
                0x00002712                LCD_VoidShiftLeft
 .text.LCD_VoidShiftRight
                0x00002774       0x58 ./HAL/LCD_Module/LCD_Program.o
                0x00002774                LCD_VoidShiftRight
 .text.LCD_VoidSendNumber
                0x000027cc       0xdc ./HAL/LCD_Module/LCD_Program.o
                0x000027cc                LCD_VoidSendNumber
 .text.LCD_VoidSendString
                0x000028a8       0x52 ./HAL/LCD_Module/LCD_Program.o
                0x000028a8                LCD_VoidSendString
 .text.LCD_VoidCreateSpecialChar
                0x000028fa       0x82 ./HAL/LCD_Module/LCD_Program.o
                0x000028fa                LCD_VoidCreateSpecialChar
 .text.Keypad_u8GetPressedKey
                0x0000297c       0xe4 ./HAL/Keypad_Module/Keypad_Program.o
                0x0000297c                Keypad_u8GetPressedKey
 .text.DC_MOTOR_VidRotateClockWise
                0x00002a60       0x22 ./HAL/DC_MOTOR/DC_MOTOR_Program.o
                0x00002a60                DC_MOTOR_VidRotateClockWise
 .text.DC_MOTOR_VidRotateUntiClockWise
                0x00002a82       0x22 ./HAL/DC_MOTOR/DC_MOTOR_Program.o
                0x00002a82                DC_MOTOR_VidRotateUntiClockWise
 .text.DC_MOTOR_VidStop
                0x00002aa4       0x22 ./HAL/DC_MOTOR/DC_MOTOR_Program.o
                0x00002aa4                DC_MOTOR_VidStop
 .text.main     0x00002ac6      0x9cc ./APP/main.o
                0x00002ac6                main
 .text.power    0x00003492       0x84 ./APP/main.o
                0x00003492                power
 .text.isEmpty  0x00003516       0x22 ./APP/main.o
                0x00003516                isEmpty
 .text.push     0x00003538       0x44 ./APP/main.o
                0x00003538                push
 .text.pop      0x0000357c       0x2a ./APP/main.o
                0x0000357c                pop
 .text.INT17_INTERRUPT
                0x000035a6       0x1e ./APP/main.o
                0x000035a6                INT17_INTERRUPT
 .text.libgcc   0x000035c4       0x28 d:/cources/enmbededd_imt/new folder/00-tools/03-imt sdk/03- imt sdk/imt_sdk_win_64/winavr/bin/../lib/gcc/avr/4.3.3/avr5\libgcc.a(_udivmodhi4.o)
                0x000035c4                __udivmodhi4
 .text.libgcc   0x000035ec        0x0 d:/cources/enmbededd_imt/new folder/00-tools/03-imt sdk/03- imt sdk/imt_sdk_win_64/winavr/bin/../lib/gcc/avr/4.3.3/avr5\libgcc.a(_exit.o)
 .text.libgcc   0x000035ec        0x0 d:/cources/enmbededd_imt/new folder/00-tools/03-imt sdk/03- imt sdk/imt_sdk_win_64/winavr/bin/../lib/gcc/avr/4.3.3/avr5\libgcc.a(_copy_data.o)
 .text.libgcc   0x000035ec        0x0 d:/cources/enmbededd_imt/new folder/00-tools/03-imt sdk/03- imt sdk/imt_sdk_win_64/winavr/bin/../lib/gcc/avr/4.3.3/avr5\libgcc.a(_clear_bss.o)
 .text.libgcc   0x000035ec       0x38 d:/cources/enmbededd_imt/new folder/00-tools/03-imt sdk/03- imt sdk/imt_sdk_win_64/winavr/bin/../lib/gcc/avr/4.3.3/avr5\libgcc.a(_prologue.o)
                0x000035ec                __prologue_saves__
 .text.libgcc   0x00003624       0x36 d:/cources/enmbededd_imt/new folder/00-tools/03-imt sdk/03- imt sdk/imt_sdk_win_64/winavr/bin/../lib/gcc/avr/4.3.3/avr5\libgcc.a(_epilogue.o)
                0x00003624                __epilogue_restores__
                0x0000365a                . = ALIGN (0x2)
 *(.fini9)
 .fini9         0x0000365a        0x0 d:/cources/enmbededd_imt/new folder/00-tools/03-imt sdk/03- imt sdk/imt_sdk_win_64/winavr/bin/../lib/gcc/avr/4.3.3/avr5\libgcc.a(_exit.o)
                0x0000365a                exit
                0x0000365a                _exit
 *(.fini9)
 *(.fini8)
 *(.fini8)
 *(.fini7)
 *(.fini7)
 *(.fini6)
 *(.fini6)
 *(.fini5)
 *(.fini5)
 *(.fini4)
 *(.fini4)
 *(.fini3)
 *(.fini3)
 *(.fini2)
 *(.fini2)
 *(.fini1)
 *(.fini1)
 *(.fini0)
 .fini0         0x0000365a        0x4 d:/cources/enmbededd_imt/new folder/00-tools/03-imt sdk/03- imt sdk/imt_sdk_win_64/winavr/bin/../lib/gcc/avr/4.3.3/avr5\libgcc.a(_exit.o)
 *(.fini0)
                0x0000365e                _etext = .

.data           0x00800060      0x1dc load address 0x0000365e
                0x00800060                PROVIDE (__data_start, .)
 *(.data)
 .data          0x00800060        0x0 d:/cources/enmbededd_imt/new folder/00-tools/03-imt sdk/03- imt sdk/imt_sdk_win_64/winavr/bin/../lib/gcc/avr/4.3.3/../../../../avr/lib/avr5/crtm32.o
 .data          0x00800060        0x0 ./MCAL/PORT_Driver/PORT_Program.o
 .data          0x00800060        0x0 ./MCAL/GIE_Driver/GIE_Program.o
 .data          0x00800060        0x0 ./MCAL/External_Interrupt_Driver/External_Interrupt_Program.o
 .data          0x00800060        0x0 ./MCAL/DIO_Driver/DIO_Program.o
 .data          0x00800060        0x0 ./MCAL/ADC_Driver/ADC_Program.o
 .data          0x00800060        0x0 ./HAL/LM35_Module/LM35_Program.o
 .data          0x00800060        0x0 ./HAL/LED_Module/LED1_Program.o
 .data          0x00800060        0x0 ./HAL/LCD_Module/LCD_Program.o
 .data          0x00800060        0x0 ./HAL/Keypad_Module/Keypad_Program.o
 .data          0x00800060        0x0 ./HAL/DC_MOTOR/DC_MOTOR_Program.o
 .data          0x00800060       0xb2 ./APP/main.o
 .data          0x00800112        0x0 d:/cources/enmbededd_imt/new folder/00-tools/03-imt sdk/03- imt sdk/imt_sdk_win_64/winavr/bin/../lib/gcc/avr/4.3.3/avr5\libgcc.a(_udivmodhi4.o)
 .data          0x00800112        0x0 d:/cources/enmbededd_imt/new folder/00-tools/03-imt sdk/03- imt sdk/imt_sdk_win_64/winavr/bin/../lib/gcc/avr/4.3.3/avr5\libgcc.a(_exit.o)
 .data          0x00800112        0x0 d:/cources/enmbededd_imt/new folder/00-tools/03-imt sdk/03- imt sdk/imt_sdk_win_64/winavr/bin/../lib/gcc/avr/4.3.3/avr5\libgcc.a(_copy_data.o)
 .data          0x00800112        0x0 d:/cources/enmbededd_imt/new folder/00-tools/03-imt sdk/03- imt sdk/imt_sdk_win_64/winavr/bin/../lib/gcc/avr/4.3.3/avr5\libgcc.a(_clear_bss.o)
 .data          0x00800112        0x0 d:/cources/enmbededd_imt/new folder/00-tools/03-imt sdk/03- imt sdk/imt_sdk_win_64/winavr/bin/../lib/gcc/avr/4.3.3/avr5\libgcc.a(_fixunssfsi.o)
 .data          0x00800112        0x0 d:/cources/enmbededd_imt/new folder/00-tools/03-imt sdk/03- imt sdk/imt_sdk_win_64/winavr/bin/../lib/gcc/avr/4.3.3/avr5\libgcc.a(_addsub_sf.o)
 .data          0x00800112        0x0 d:/cources/enmbededd_imt/new folder/00-tools/03-imt sdk/03- imt sdk/imt_sdk_win_64/winavr/bin/../lib/gcc/avr/4.3.3/avr5\libgcc.a(_mul_sf.o)
 .data          0x00800112        0x0 d:/cources/enmbededd_imt/new folder/00-tools/03-imt sdk/03- imt sdk/imt_sdk_win_64/winavr/bin/../lib/gcc/avr/4.3.3/avr5\libgcc.a(_div_sf.o)
 .data          0x00800112        0x0 d:/cources/enmbededd_imt/new folder/00-tools/03-imt sdk/03- imt sdk/imt_sdk_win_64/winavr/bin/../lib/gcc/avr/4.3.3/avr5\libgcc.a(_gt_sf.o)
 .data          0x00800112        0x0 d:/cources/enmbededd_imt/new folder/00-tools/03-imt sdk/03- imt sdk/imt_sdk_win_64/winavr/bin/../lib/gcc/avr/4.3.3/avr5\libgcc.a(_ge_sf.o)
 .data          0x00800112        0x0 d:/cources/enmbededd_imt/new folder/00-tools/03-imt sdk/03- imt sdk/imt_sdk_win_64/winavr/bin/../lib/gcc/avr/4.3.3/avr5\libgcc.a(_lt_sf.o)
 .data          0x00800112        0x0 d:/cources/enmbededd_imt/new folder/00-tools/03-imt sdk/03- imt sdk/imt_sdk_win_64/winavr/bin/../lib/gcc/avr/4.3.3/avr5\libgcc.a(_sf_to_si.o)
 .data          0x00800112        0x8 d:/cources/enmbededd_imt/new folder/00-tools/03-imt sdk/03- imt sdk/imt_sdk_win_64/winavr/bin/../lib/gcc/avr/4.3.3/avr5\libgcc.a(_thenan_sf.o)
                0x00800112                __thenan_sf
 .data          0x0080011a        0x0 d:/cources/enmbededd_imt/new folder/00-tools/03-imt sdk/03- imt sdk/imt_sdk_win_64/winavr/bin/../lib/gcc/avr/4.3.3/avr5\libgcc.a(_usi_to_sf.o)
 .data          0x0080011a        0x0 d:/cources/enmbededd_imt/new folder/00-tools/03-imt sdk/03- imt sdk/imt_sdk_win_64/winavr/bin/../lib/gcc/avr/4.3.3/avr5\libgcc.a(_prologue.o)
 .data          0x0080011a        0x0 d:/cources/enmbededd_imt/new folder/00-tools/03-imt sdk/03- imt sdk/imt_sdk_win_64/winavr/bin/../lib/gcc/avr/4.3.3/avr5\libgcc.a(_epilogue.o)
 .data          0x0080011a        0x0 d:/cources/enmbededd_imt/new folder/00-tools/03-imt sdk/03- imt sdk/imt_sdk_win_64/winavr/bin/../lib/gcc/avr/4.3.3/avr5\libgcc.a(_clzsi2.o)
 .data          0x0080011a        0x0 d:/cources/enmbededd_imt/new folder/00-tools/03-imt sdk/03- imt sdk/imt_sdk_win_64/winavr/bin/../lib/gcc/avr/4.3.3/avr5\libgcc.a(_pack_sf.o)
 .data          0x0080011a        0x0 d:/cources/enmbededd_imt/new folder/00-tools/03-imt sdk/03- imt sdk/imt_sdk_win_64/winavr/bin/../lib/gcc/avr/4.3.3/avr5\libgcc.a(_unpack_sf.o)
 .data          0x0080011a        0x0 d:/cources/enmbededd_imt/new folder/00-tools/03-imt sdk/03- imt sdk/imt_sdk_win_64/winavr/bin/../lib/gcc/avr/4.3.3/avr5\libgcc.a(_fpcmp_parts_sf.o)
 .data          0x0080011a      0x100 d:/cources/enmbededd_imt/new folder/00-tools/03-imt sdk/03- imt sdk/imt_sdk_win_64/winavr/bin/../lib/gcc/avr/4.3.3/avr5\libgcc.a(_clz.o)
                0x0080011a                __clz_tab
 *(.data*)
 .data.Global_u8State
                0x0080021a        0x1 ./MCAL/ADC_Driver/ADC_Program.o
                0x0080021a                Global_u8State
 .data.Local_u8KeypadRows.1295
                0x0080021b        0x4 ./HAL/Keypad_Module/Keypad_Program.o
 .data.Local_u8KeypadCoulums.1294
                0x0080021f        0x4 ./HAL/Keypad_Module/Keypad_Program.o
 .data.Local__u8KeypadValues.1293
                0x00800223       0x10 ./HAL/Keypad_Module/Keypad_Program.o
 .data.top      0x00800233        0x1 ./APP/main.o
                0x00800233                top
 *(.rodata)
 *(.rodata*)
 .rodata.Step   0x00800234        0x4 ./MCAL/ADC_Driver/ADC_Program.o
                0x00800234                Step
 .rodata.ADC_STEP
                0x00800238        0x4 ./HAL/LM35_Module/LM35_Program.o
                0x00800238                ADC_STEP
 *(.gnu.linkonce.d*)
                0x0080023c                . = ALIGN (0x2)
                0x0080023c                _edata = .
                0x0080023c                PROVIDE (__data_end, .)

.bss            0x0080023c       0x12
                0x0080023c                PROVIDE (__bss_start, .)
 *(.bss)
 .bss           0x0080023c        0x0 d:/cources/enmbededd_imt/new folder/00-tools/03-imt sdk/03- imt sdk/imt_sdk_win_64/winavr/bin/../lib/gcc/avr/4.3.3/../../../../avr/lib/avr5/crtm32.o
 .bss           0x0080023c        0x0 ./MCAL/PORT_Driver/PORT_Program.o
 .bss           0x0080023c        0x0 ./MCAL/GIE_Driver/GIE_Program.o
 .bss           0x0080023c        0x0 ./MCAL/External_Interrupt_Driver/External_Interrupt_Program.o
 .bss           0x0080023c        0x0 ./MCAL/DIO_Driver/DIO_Program.o
 .bss           0x0080023c        0x0 ./MCAL/ADC_Driver/ADC_Program.o
 .bss           0x0080023c        0x0 ./HAL/LM35_Module/LM35_Program.o
 .bss           0x0080023c        0x0 ./HAL/LED_Module/LED1_Program.o
 .bss           0x0080023c        0x0 ./HAL/LCD_Module/LCD_Program.o
 .bss           0x0080023c        0x0 ./HAL/Keypad_Module/Keypad_Program.o
 .bss           0x0080023c        0x0 ./HAL/DC_MOTOR/DC_MOTOR_Program.o
 .bss           0x0080023c        0x0 ./APP/main.o
 .bss           0x0080023c        0x0 d:/cources/enmbededd_imt/new folder/00-tools/03-imt sdk/03- imt sdk/imt_sdk_win_64/winavr/bin/../lib/gcc/avr/4.3.3/avr5\libgcc.a(_udivmodhi4.o)
 .bss           0x0080023c        0x0 d:/cources/enmbededd_imt/new folder/00-tools/03-imt sdk/03- imt sdk/imt_sdk_win_64/winavr/bin/../lib/gcc/avr/4.3.3/avr5\libgcc.a(_exit.o)
 .bss           0x0080023c        0x0 d:/cources/enmbededd_imt/new folder/00-tools/03-imt sdk/03- imt sdk/imt_sdk_win_64/winavr/bin/../lib/gcc/avr/4.3.3/avr5\libgcc.a(_copy_data.o)
 .bss           0x0080023c        0x0 d:/cources/enmbededd_imt/new folder/00-tools/03-imt sdk/03- imt sdk/imt_sdk_win_64/winavr/bin/../lib/gcc/avr/4.3.3/avr5\libgcc.a(_clear_bss.o)
 .bss           0x0080023c        0x0 d:/cources/enmbededd_imt/new folder/00-tools/03-imt sdk/03- imt sdk/imt_sdk_win_64/winavr/bin/../lib/gcc/avr/4.3.3/avr5\libgcc.a(_fixunssfsi.o)
 .bss           0x0080023c        0x0 d:/cources/enmbededd_imt/new folder/00-tools/03-imt sdk/03- imt sdk/imt_sdk_win_64/winavr/bin/../lib/gcc/avr/4.3.3/avr5\libgcc.a(_addsub_sf.o)
 .bss           0x0080023c        0x0 d:/cources/enmbededd_imt/new folder/00-tools/03-imt sdk/03- imt sdk/imt_sdk_win_64/winavr/bin/../lib/gcc/avr/4.3.3/avr5\libgcc.a(_mul_sf.o)
 .bss           0x0080023c        0x0 d:/cources/enmbededd_imt/new folder/00-tools/03-imt sdk/03- imt sdk/imt_sdk_win_64/winavr/bin/../lib/gcc/avr/4.3.3/avr5\libgcc.a(_div_sf.o)
 .bss           0x0080023c        0x0 d:/cources/enmbededd_imt/new folder/00-tools/03-imt sdk/03- imt sdk/imt_sdk_win_64/winavr/bin/../lib/gcc/avr/4.3.3/avr5\libgcc.a(_gt_sf.o)
 .bss           0x0080023c        0x0 d:/cources/enmbededd_imt/new folder/00-tools/03-imt sdk/03- imt sdk/imt_sdk_win_64/winavr/bin/../lib/gcc/avr/4.3.3/avr5\libgcc.a(_ge_sf.o)
 .bss           0x0080023c        0x0 d:/cources/enmbededd_imt/new folder/00-tools/03-imt sdk/03- imt sdk/imt_sdk_win_64/winavr/bin/../lib/gcc/avr/4.3.3/avr5\libgcc.a(_lt_sf.o)
 .bss           0x0080023c        0x0 d:/cources/enmbededd_imt/new folder/00-tools/03-imt sdk/03- imt sdk/imt_sdk_win_64/winavr/bin/../lib/gcc/avr/4.3.3/avr5\libgcc.a(_sf_to_si.o)
 .bss           0x0080023c        0x0 d:/cources/enmbededd_imt/new folder/00-tools/03-imt sdk/03- imt sdk/imt_sdk_win_64/winavr/bin/../lib/gcc/avr/4.3.3/avr5\libgcc.a(_thenan_sf.o)
 .bss           0x0080023c        0x0 d:/cources/enmbededd_imt/new folder/00-tools/03-imt sdk/03- imt sdk/imt_sdk_win_64/winavr/bin/../lib/gcc/avr/4.3.3/avr5\libgcc.a(_usi_to_sf.o)
 .bss           0x0080023c        0x0 d:/cources/enmbededd_imt/new folder/00-tools/03-imt sdk/03- imt sdk/imt_sdk_win_64/winavr/bin/../lib/gcc/avr/4.3.3/avr5\libgcc.a(_prologue.o)
 .bss           0x0080023c        0x0 d:/cources/enmbededd_imt/new folder/00-tools/03-imt sdk/03- imt sdk/imt_sdk_win_64/winavr/bin/../lib/gcc/avr/4.3.3/avr5\libgcc.a(_epilogue.o)
 .bss           0x0080023c        0x0 d:/cources/enmbededd_imt/new folder/00-tools/03-imt sdk/03- imt sdk/imt_sdk_win_64/winavr/bin/../lib/gcc/avr/4.3.3/avr5\libgcc.a(_clzsi2.o)
 .bss           0x0080023c        0x0 d:/cources/enmbededd_imt/new folder/00-tools/03-imt sdk/03- imt sdk/imt_sdk_win_64/winavr/bin/../lib/gcc/avr/4.3.3/avr5\libgcc.a(_pack_sf.o)
 .bss           0x0080023c        0x0 d:/cources/enmbededd_imt/new folder/00-tools/03-imt sdk/03- imt sdk/imt_sdk_win_64/winavr/bin/../lib/gcc/avr/4.3.3/avr5\libgcc.a(_unpack_sf.o)
 .bss           0x0080023c        0x0 d:/cources/enmbededd_imt/new folder/00-tools/03-imt sdk/03- imt sdk/imt_sdk_win_64/winavr/bin/../lib/gcc/avr/4.3.3/avr5\libgcc.a(_fpcmp_parts_sf.o)
 .bss           0x0080023c        0x0 d:/cources/enmbededd_imt/new folder/00-tools/03-imt sdk/03- imt sdk/imt_sdk_win_64/winavr/bin/../lib/gcc/avr/4.3.3/avr5\libgcc.a(_clz.o)
 *(.bss*)
 .bss.ADC_VidCallBack_ISR_Funtion
                0x0080023c        0x2 ./MCAL/ADC_Driver/ADC_Program.o
 .bss.Global_pu16ADC_Reading
                0x0080023e        0x2 ./MCAL/ADC_Driver/ADC_Program.o
 .bss.Global_u8Clear
                0x00800240        0x1 ./HAL/LCD_Module/LCD_Program.o
                0x00800240                Global_u8Clear
 .bss.Global_u8XPos
                0x00800241        0x1 ./HAL/LCD_Module/LCD_Program.o
                0x00800241                Global_u8XPos
 .bss.Global_u8YPos
                0x00800242        0x1 ./HAL/LCD_Module/LCD_Program.o
                0x00800242                Global_u8YPos
 .bss.Global_u8EnterGoToFunc
                0x00800243        0x1 ./HAL/LCD_Module/LCD_Program.o
                0x00800243                Global_u8EnterGoToFunc
 .bss.Global_u8SetTemp
                0x00800244        0x2 ./APP/main.o
 .bss.Global_u16Temp
                0x00800246        0x2 ./APP/main.o
                0x00800246                Global_u16Temp
 .bss.Global_u16LDR_Measure
                0x00800248        0x2 ./APP/main.o
                0x00800248                Global_u16LDR_Measure
 *(COMMON)
 COMMON         0x0080024a        0x4 ./APP/main.o
                0x0080024a                Local_u8KeyPressed
                0x0080024b                item
                0x0080024e                PROVIDE (__bss_end, .)
                0x0000365e                __data_load_start = LOADADDR (.data)
                0x0000383a                __data_load_end = (__data_load_start + SIZEOF (.data))

.noinit         0x0080024e        0x0
                0x0080024e                PROVIDE (__noinit_start, .)
 *(.noinit*)
                0x0080024e                PROVIDE (__noinit_end, .)
                0x0080024e                _end = .
                0x0080024e                PROVIDE (__heap_start, .)

.eeprom         0x00810000        0x0
 *(.eeprom*)
                0x00810000                __eeprom_end = .

.fuse
 *(.fuse)
 *(.lfuse)
 *(.hfuse)
 *(.efuse)

.lock
 *(.lock*)

.signature
 *(.signature*)

.stab           0x00000000     0x3ed0
 *(.stab)
 .stab          0x00000000      0x390 ./MCAL/PORT_Driver/PORT_Program.o
 .stab          0x00000390      0x1b0 ./MCAL/GIE_Driver/GIE_Program.o
                                0x1bc (size before relaxing)
 .stab          0x00000540      0x468 ./MCAL/External_Interrupt_Driver/External_Interrupt_Program.o
                                0x474 (size before relaxing)
 .stab          0x000009a8      0x6e4 ./MCAL/DIO_Driver/DIO_Program.o
                                0x6f0 (size before relaxing)
 .stab          0x0000108c      0x960 ./MCAL/ADC_Driver/ADC_Program.o
                                0x96c (size before relaxing)
 .stab          0x000019ec      0x2ac ./HAL/LM35_Module/LM35_Program.o
                                0x2b8 (size before relaxing)
 .stab          0x00001c98      0x2d0 ./HAL/LED_Module/LED1_Program.o
                                0x2dc (size before relaxing)
 .stab          0x00001f68      0xc6c ./HAL/LCD_Module/LCD_Program.o
                                0xe04 (size before relaxing)
 .stab          0x00002bd4      0x30c ./HAL/Keypad_Module/Keypad_Program.o
                                0x4a4 (size before relaxing)
 .stab          0x00002ee0      0x234 ./HAL/DC_MOTOR/DC_MOTOR_Program.o
                                0x240 (size before relaxing)
 .stab          0x00003114      0xdbc ./APP/main.o
                                0xf54 (size before relaxing)

.stabstr        0x00000000     0x21a1
 *(.stabstr)
 .stabstr       0x00000000     0x21a1 ./MCAL/PORT_Driver/PORT_Program.o

.stab.excl
 *(.stab.excl)

.stab.exclstr
 *(.stab.exclstr)

.stab.index
 *(.stab.index)

.stab.indexstr
 *(.stab.indexstr)

.comment
 *(.comment)

.debug
 *(.debug)

.line
 *(.line)

.debug_srcinfo
 *(.debug_srcinfo)

.debug_sfnames
 *(.debug_sfnames)

.debug_aranges  0x00000000      0x1a0
 *(.debug_aranges)
 .debug_aranges
                0x00000000       0x20 d:/cources/enmbededd_imt/new folder/00-tools/03-imt sdk/03- imt sdk/imt_sdk_win_64/winavr/bin/../lib/gcc/avr/4.3.3/avr5\libgcc.a(_fixunssfsi.o)
 .debug_aranges
                0x00000020       0x20 d:/cources/enmbededd_imt/new folder/00-tools/03-imt sdk/03- imt sdk/imt_sdk_win_64/winavr/bin/../lib/gcc/avr/4.3.3/avr5\libgcc.a(_addsub_sf.o)
 .debug_aranges
                0x00000040       0x20 d:/cources/enmbededd_imt/new folder/00-tools/03-imt sdk/03- imt sdk/imt_sdk_win_64/winavr/bin/../lib/gcc/avr/4.3.3/avr5\libgcc.a(_mul_sf.o)
 .debug_aranges
                0x00000060       0x20 d:/cources/enmbededd_imt/new folder/00-tools/03-imt sdk/03- imt sdk/imt_sdk_win_64/winavr/bin/../lib/gcc/avr/4.3.3/avr5\libgcc.a(_div_sf.o)
 .debug_aranges
                0x00000080       0x20 d:/cources/enmbededd_imt/new folder/00-tools/03-imt sdk/03- imt sdk/imt_sdk_win_64/winavr/bin/../lib/gcc/avr/4.3.3/avr5\libgcc.a(_gt_sf.o)
 .debug_aranges
                0x000000a0       0x20 d:/cources/enmbededd_imt/new folder/00-tools/03-imt sdk/03- imt sdk/imt_sdk_win_64/winavr/bin/../lib/gcc/avr/4.3.3/avr5\libgcc.a(_ge_sf.o)
 .debug_aranges
                0x000000c0       0x20 d:/cources/enmbededd_imt/new folder/00-tools/03-imt sdk/03- imt sdk/imt_sdk_win_64/winavr/bin/../lib/gcc/avr/4.3.3/avr5\libgcc.a(_lt_sf.o)
 .debug_aranges
                0x000000e0       0x20 d:/cources/enmbededd_imt/new folder/00-tools/03-imt sdk/03- imt sdk/imt_sdk_win_64/winavr/bin/../lib/gcc/avr/4.3.3/avr5\libgcc.a(_sf_to_si.o)
 .debug_aranges
                0x00000100       0x20 d:/cources/enmbededd_imt/new folder/00-tools/03-imt sdk/03- imt sdk/imt_sdk_win_64/winavr/bin/../lib/gcc/avr/4.3.3/avr5\libgcc.a(_usi_to_sf.o)
 .debug_aranges
                0x00000120       0x20 d:/cources/enmbededd_imt/new folder/00-tools/03-imt sdk/03- imt sdk/imt_sdk_win_64/winavr/bin/../lib/gcc/avr/4.3.3/avr5\libgcc.a(_clzsi2.o)
 .debug_aranges
                0x00000140       0x20 d:/cources/enmbededd_imt/new folder/00-tools/03-imt sdk/03- imt sdk/imt_sdk_win_64/winavr/bin/../lib/gcc/avr/4.3.3/avr5\libgcc.a(_pack_sf.o)
 .debug_aranges
                0x00000160       0x20 d:/cources/enmbededd_imt/new folder/00-tools/03-imt sdk/03- imt sdk/imt_sdk_win_64/winavr/bin/../lib/gcc/avr/4.3.3/avr5\libgcc.a(_unpack_sf.o)
 .debug_aranges
                0x00000180       0x20 d:/cources/enmbededd_imt/new folder/00-tools/03-imt sdk/03- imt sdk/imt_sdk_win_64/winavr/bin/../lib/gcc/avr/4.3.3/avr5\libgcc.a(_fpcmp_parts_sf.o)

.debug_pubnames
                0x00000000      0x1f2
 *(.debug_pubnames)
 .debug_pubnames
                0x00000000       0x23 d:/cources/enmbededd_imt/new folder/00-tools/03-imt sdk/03- imt sdk/imt_sdk_win_64/winavr/bin/../lib/gcc/avr/4.3.3/avr5\libgcc.a(_fixunssfsi.o)
 .debug_pubnames
                0x00000023       0x2c d:/cources/enmbededd_imt/new folder/00-tools/03-imt sdk/03- imt sdk/imt_sdk_win_64/winavr/bin/../lib/gcc/avr/4.3.3/avr5\libgcc.a(_addsub_sf.o)
 .debug_pubnames
                0x0000004f       0x1f d:/cources/enmbededd_imt/new folder/00-tools/03-imt sdk/03- imt sdk/imt_sdk_win_64/winavr/bin/../lib/gcc/avr/4.3.3/avr5\libgcc.a(_mul_sf.o)
 .debug_pubnames
                0x0000006e       0x1f d:/cources/enmbededd_imt/new folder/00-tools/03-imt sdk/03- imt sdk/imt_sdk_win_64/winavr/bin/../lib/gcc/avr/4.3.3/avr5\libgcc.a(_div_sf.o)
 .debug_pubnames
                0x0000008d       0x1e d:/cources/enmbededd_imt/new folder/00-tools/03-imt sdk/03- imt sdk/imt_sdk_win_64/winavr/bin/../lib/gcc/avr/4.3.3/avr5\libgcc.a(_gt_sf.o)
 .debug_pubnames
                0x000000ab       0x1e d:/cources/enmbededd_imt/new folder/00-tools/03-imt sdk/03- imt sdk/imt_sdk_win_64/winavr/bin/../lib/gcc/avr/4.3.3/avr5\libgcc.a(_ge_sf.o)
 .debug_pubnames
                0x000000c9       0x1e d:/cources/enmbededd_imt/new folder/00-tools/03-imt sdk/03- imt sdk/imt_sdk_win_64/winavr/bin/../lib/gcc/avr/4.3.3/avr5\libgcc.a(_lt_sf.o)
 .debug_pubnames
                0x000000e7       0x20 d:/cources/enmbededd_imt/new folder/00-tools/03-imt sdk/03- imt sdk/imt_sdk_win_64/winavr/bin/../lib/gcc/avr/4.3.3/avr5\libgcc.a(_sf_to_si.o)
 .debug_pubnames
                0x00000107       0x22 d:/cources/enmbededd_imt/new folder/00-tools/03-imt sdk/03- imt sdk/imt_sdk_win_64/winavr/bin/../lib/gcc/avr/4.3.3/avr5\libgcc.a(_thenan_sf.o)
 .debug_pubnames
                0x00000129       0x24 d:/cources/enmbededd_imt/new folder/00-tools/03-imt sdk/03- imt sdk/imt_sdk_win_64/winavr/bin/../lib/gcc/avr/4.3.3/avr5\libgcc.a(_usi_to_sf.o)
 .debug_pubnames
                0x0000014d       0x1f d:/cources/enmbededd_imt/new folder/00-tools/03-imt sdk/03- imt sdk/imt_sdk_win_64/winavr/bin/../lib/gcc/avr/4.3.3/avr5\libgcc.a(_clzsi2.o)
 .debug_pubnames
                0x0000016c       0x1f d:/cources/enmbededd_imt/new folder/00-tools/03-imt sdk/03- imt sdk/imt_sdk_win_64/winavr/bin/../lib/gcc/avr/4.3.3/avr5\libgcc.a(_pack_sf.o)
 .debug_pubnames
                0x0000018b       0x21 d:/cources/enmbededd_imt/new folder/00-tools/03-imt sdk/03- imt sdk/imt_sdk_win_64/winavr/bin/../lib/gcc/avr/4.3.3/avr5\libgcc.a(_unpack_sf.o)
 .debug_pubnames
                0x000001ac       0x26 d:/cources/enmbededd_imt/new folder/00-tools/03-imt sdk/03- imt sdk/imt_sdk_win_64/winavr/bin/../lib/gcc/avr/4.3.3/avr5\libgcc.a(_fpcmp_parts_sf.o)
 .debug_pubnames
                0x000001d2       0x20 d:/cources/enmbededd_imt/new folder/00-tools/03-imt sdk/03- imt sdk/imt_sdk_win_64/winavr/bin/../lib/gcc/avr/4.3.3/avr5\libgcc.a(_clz.o)

.debug_info     0x00000000     0x240b
 *(.debug_info)
 .debug_info    0x00000000       0xb1 d:/cources/enmbededd_imt/new folder/00-tools/03-imt sdk/03- imt sdk/imt_sdk_win_64/winavr/bin/../lib/gcc/avr/4.3.3/avr5\libgcc.a(_fixunssfsi.o)
 .debug_info    0x000000b1      0x47a d:/cources/enmbededd_imt/new folder/00-tools/03-imt sdk/03- imt sdk/imt_sdk_win_64/winavr/bin/../lib/gcc/avr/4.3.3/avr5\libgcc.a(_addsub_sf.o)
 .debug_info    0x0000052b      0x485 d:/cources/enmbededd_imt/new folder/00-tools/03-imt sdk/03- imt sdk/imt_sdk_win_64/winavr/bin/../lib/gcc/avr/4.3.3/avr5\libgcc.a(_mul_sf.o)
 .debug_info    0x000009b0      0x3fc d:/cources/enmbededd_imt/new folder/00-tools/03-imt sdk/03- imt sdk/imt_sdk_win_64/winavr/bin/../lib/gcc/avr/4.3.3/avr5\libgcc.a(_div_sf.o)
 .debug_info    0x00000dac      0x27f d:/cources/enmbededd_imt/new folder/00-tools/03-imt sdk/03- imt sdk/imt_sdk_win_64/winavr/bin/../lib/gcc/avr/4.3.3/avr5\libgcc.a(_gt_sf.o)
 .debug_info    0x0000102b      0x27f d:/cources/enmbededd_imt/new folder/00-tools/03-imt sdk/03- imt sdk/imt_sdk_win_64/winavr/bin/../lib/gcc/avr/4.3.3/avr5\libgcc.a(_ge_sf.o)
 .debug_info    0x000012aa      0x27f d:/cources/enmbededd_imt/new folder/00-tools/03-imt sdk/03- imt sdk/imt_sdk_win_64/winavr/bin/../lib/gcc/avr/4.3.3/avr5\libgcc.a(_lt_sf.o)
 .debug_info    0x00001529      0x2b0 d:/cources/enmbededd_imt/new folder/00-tools/03-imt sdk/03- imt sdk/imt_sdk_win_64/winavr/bin/../lib/gcc/avr/4.3.3/avr5\libgcc.a(_sf_to_si.o)
 .debug_info    0x000017d9      0x12c d:/cources/enmbededd_imt/new folder/00-tools/03-imt sdk/03- imt sdk/imt_sdk_win_64/winavr/bin/../lib/gcc/avr/4.3.3/avr5\libgcc.a(_thenan_sf.o)
 .debug_info    0x00001905      0x206 d:/cources/enmbededd_imt/new folder/00-tools/03-imt sdk/03- imt sdk/imt_sdk_win_64/winavr/bin/../lib/gcc/avr/4.3.3/avr5\libgcc.a(_usi_to_sf.o)
 .debug_info    0x00001b0b      0x117 d:/cources/enmbededd_imt/new folder/00-tools/03-imt sdk/03- imt sdk/imt_sdk_win_64/winavr/bin/../lib/gcc/avr/4.3.3/avr5\libgcc.a(_clzsi2.o)
 .debug_info    0x00001c22      0x2df d:/cources/enmbededd_imt/new folder/00-tools/03-imt sdk/03- imt sdk/imt_sdk_win_64/winavr/bin/../lib/gcc/avr/4.3.3/avr5\libgcc.a(_pack_sf.o)
 .debug_info    0x00001f01      0x251 d:/cources/enmbededd_imt/new folder/00-tools/03-imt sdk/03- imt sdk/imt_sdk_win_64/winavr/bin/../lib/gcc/avr/4.3.3/avr5\libgcc.a(_unpack_sf.o)
 .debug_info    0x00002152      0x210 d:/cources/enmbededd_imt/new folder/00-tools/03-imt sdk/03- imt sdk/imt_sdk_win_64/winavr/bin/../lib/gcc/avr/4.3.3/avr5\libgcc.a(_fpcmp_parts_sf.o)
 .debug_info    0x00002362       0xa9 d:/cources/enmbededd_imt/new folder/00-tools/03-imt sdk/03- imt sdk/imt_sdk_win_64/winavr/bin/../lib/gcc/avr/4.3.3/avr5\libgcc.a(_clz.o)
 *(.gnu.linkonce.wi.*)

.debug_abbrev   0x00000000     0x1386
 *(.debug_abbrev)
 .debug_abbrev  0x00000000       0x5d d:/cources/enmbededd_imt/new folder/00-tools/03-imt sdk/03- imt sdk/imt_sdk_win_64/winavr/bin/../lib/gcc/avr/4.3.3/avr5\libgcc.a(_fixunssfsi.o)
 .debug_abbrev  0x0000005d      0x1ea d:/cources/enmbededd_imt/new folder/00-tools/03-imt sdk/03- imt sdk/imt_sdk_win_64/winavr/bin/../lib/gcc/avr/4.3.3/avr5\libgcc.a(_addsub_sf.o)
 .debug_abbrev  0x00000247      0x21b d:/cources/enmbededd_imt/new folder/00-tools/03-imt sdk/03- imt sdk/imt_sdk_win_64/winavr/bin/../lib/gcc/avr/4.3.3/avr5\libgcc.a(_mul_sf.o)
 .debug_abbrev  0x00000462      0x216 d:/cources/enmbededd_imt/new folder/00-tools/03-imt sdk/03- imt sdk/imt_sdk_win_64/winavr/bin/../lib/gcc/avr/4.3.3/avr5\libgcc.a(_div_sf.o)
 .debug_abbrev  0x00000678      0x15a d:/cources/enmbededd_imt/new folder/00-tools/03-imt sdk/03- imt sdk/imt_sdk_win_64/winavr/bin/../lib/gcc/avr/4.3.3/avr5\libgcc.a(_gt_sf.o)
 .debug_abbrev  0x000007d2      0x15a d:/cources/enmbededd_imt/new folder/00-tools/03-imt sdk/03- imt sdk/imt_sdk_win_64/winavr/bin/../lib/gcc/avr/4.3.3/avr5\libgcc.a(_ge_sf.o)
 .debug_abbrev  0x0000092c      0x15a d:/cources/enmbededd_imt/new folder/00-tools/03-imt sdk/03- imt sdk/imt_sdk_win_64/winavr/bin/../lib/gcc/avr/4.3.3/avr5\libgcc.a(_lt_sf.o)
 .debug_abbrev  0x00000a86      0x17f d:/cources/enmbededd_imt/new folder/00-tools/03-imt sdk/03- imt sdk/imt_sdk_win_64/winavr/bin/../lib/gcc/avr/4.3.3/avr5\libgcc.a(_sf_to_si.o)
 .debug_abbrev  0x00000c05       0xad d:/cources/enmbededd_imt/new folder/00-tools/03-imt sdk/03- imt sdk/imt_sdk_win_64/winavr/bin/../lib/gcc/avr/4.3.3/avr5\libgcc.a(_thenan_sf.o)
 .debug_abbrev  0x00000cb2      0x157 d:/cources/enmbededd_imt/new folder/00-tools/03-imt sdk/03- imt sdk/imt_sdk_win_64/winavr/bin/../lib/gcc/avr/4.3.3/avr5\libgcc.a(_usi_to_sf.o)
 .debug_abbrev  0x00000e09       0xc4 d:/cources/enmbededd_imt/new folder/00-tools/03-imt sdk/03- imt sdk/imt_sdk_win_64/winavr/bin/../lib/gcc/avr/4.3.3/avr5\libgcc.a(_clzsi2.o)
 .debug_abbrev  0x00000ecd      0x1c0 d:/cources/enmbededd_imt/new folder/00-tools/03-imt sdk/03- imt sdk/imt_sdk_win_64/winavr/bin/../lib/gcc/avr/4.3.3/avr5\libgcc.a(_pack_sf.o)
 .debug_abbrev  0x0000108d      0x154 d:/cources/enmbededd_imt/new folder/00-tools/03-imt sdk/03- imt sdk/imt_sdk_win_64/winavr/bin/../lib/gcc/avr/4.3.3/avr5\libgcc.a(_unpack_sf.o)
 .debug_abbrev  0x000011e1      0x13b d:/cources/enmbededd_imt/new folder/00-tools/03-imt sdk/03- imt sdk/imt_sdk_win_64/winavr/bin/../lib/gcc/avr/4.3.3/avr5\libgcc.a(_fpcmp_parts_sf.o)
 .debug_abbrev  0x0000131c       0x6a d:/cources/enmbededd_imt/new folder/00-tools/03-imt sdk/03- imt sdk/imt_sdk_win_64/winavr/bin/../lib/gcc/avr/4.3.3/avr5\libgcc.a(_clz.o)

.debug_line     0x00000000     0x11d6
 *(.debug_line)
 .debug_line    0x00000000       0xa7 d:/cources/enmbededd_imt/new folder/00-tools/03-imt sdk/03- imt sdk/imt_sdk_win_64/winavr/bin/../lib/gcc/avr/4.3.3/avr5\libgcc.a(_fixunssfsi.o)
 .debug_line    0x000000a7      0x2af d:/cources/enmbededd_imt/new folder/00-tools/03-imt sdk/03- imt sdk/imt_sdk_win_64/winavr/bin/../lib/gcc/avr/4.3.3/avr5\libgcc.a(_addsub_sf.o)
 .debug_line    0x00000356      0x239 d:/cources/enmbededd_imt/new folder/00-tools/03-imt sdk/03- imt sdk/imt_sdk_win_64/winavr/bin/../lib/gcc/avr/4.3.3/avr5\libgcc.a(_mul_sf.o)
 .debug_line    0x0000058f      0x1d5 d:/cources/enmbededd_imt/new folder/00-tools/03-imt sdk/03- imt sdk/imt_sdk_win_64/winavr/bin/../lib/gcc/avr/4.3.3/avr5\libgcc.a(_div_sf.o)
 .debug_line    0x00000764       0xd3 d:/cources/enmbededd_imt/new folder/00-tools/03-imt sdk/03- imt sdk/imt_sdk_win_64/winavr/bin/../lib/gcc/avr/4.3.3/avr5\libgcc.a(_gt_sf.o)
 .debug_line    0x00000837       0xd3 d:/cources/enmbededd_imt/new folder/00-tools/03-imt sdk/03- imt sdk/imt_sdk_win_64/winavr/bin/../lib/gcc/avr/4.3.3/avr5\libgcc.a(_ge_sf.o)
 .debug_line    0x0000090a       0xd3 d:/cources/enmbededd_imt/new folder/00-tools/03-imt sdk/03- imt sdk/imt_sdk_win_64/winavr/bin/../lib/gcc/avr/4.3.3/avr5\libgcc.a(_lt_sf.o)
 .debug_line    0x000009dd      0x109 d:/cources/enmbededd_imt/new folder/00-tools/03-imt sdk/03- imt sdk/imt_sdk_win_64/winavr/bin/../lib/gcc/avr/4.3.3/avr5\libgcc.a(_sf_to_si.o)
 .debug_line    0x00000ae6       0x90 d:/cources/enmbededd_imt/new folder/00-tools/03-imt sdk/03- imt sdk/imt_sdk_win_64/winavr/bin/../lib/gcc/avr/4.3.3/avr5\libgcc.a(_thenan_sf.o)
 .debug_line    0x00000b76      0x133 d:/cources/enmbededd_imt/new folder/00-tools/03-imt sdk/03- imt sdk/imt_sdk_win_64/winavr/bin/../lib/gcc/avr/4.3.3/avr5\libgcc.a(_usi_to_sf.o)
 .debug_line    0x00000ca9       0xa5 d:/cources/enmbededd_imt/new folder/00-tools/03-imt sdk/03- imt sdk/imt_sdk_win_64/winavr/bin/../lib/gcc/avr/4.3.3/avr5\libgcc.a(_clzsi2.o)
 .debug_line    0x00000d4e      0x18a d:/cources/enmbededd_imt/new folder/00-tools/03-imt sdk/03- imt sdk/imt_sdk_win_64/winavr/bin/../lib/gcc/avr/4.3.3/avr5\libgcc.a(_pack_sf.o)
 .debug_line    0x00000ed8      0x14b d:/cources/enmbededd_imt/new folder/00-tools/03-imt sdk/03- imt sdk/imt_sdk_win_64/winavr/bin/../lib/gcc/avr/4.3.3/avr5\libgcc.a(_unpack_sf.o)
 .debug_line    0x00001023      0x137 d:/cources/enmbededd_imt/new folder/00-tools/03-imt sdk/03- imt sdk/imt_sdk_win_64/winavr/bin/../lib/gcc/avr/4.3.3/avr5\libgcc.a(_fpcmp_parts_sf.o)
 .debug_line    0x0000115a       0x7c d:/cources/enmbededd_imt/new folder/00-tools/03-imt sdk/03- imt sdk/imt_sdk_win_64/winavr/bin/../lib/gcc/avr/4.3.3/avr5\libgcc.a(_clz.o)

.debug_frame    0x00000000      0x1c0
 *(.debug_frame)
 .debug_frame   0x00000000       0x20 d:/cources/enmbededd_imt/new folder/00-tools/03-imt sdk/03- imt sdk/imt_sdk_win_64/winavr/bin/../lib/gcc/avr/4.3.3/avr5\libgcc.a(_fixunssfsi.o)
 .debug_frame   0x00000020       0x40 d:/cources/enmbededd_imt/new folder/00-tools/03-imt sdk/03- imt sdk/imt_sdk_win_64/winavr/bin/../lib/gcc/avr/4.3.3/avr5\libgcc.a(_addsub_sf.o)
 .debug_frame   0x00000060       0x20 d:/cources/enmbededd_imt/new folder/00-tools/03-imt sdk/03- imt sdk/imt_sdk_win_64/winavr/bin/../lib/gcc/avr/4.3.3/avr5\libgcc.a(_mul_sf.o)
 .debug_frame   0x00000080       0x20 d:/cources/enmbededd_imt/new folder/00-tools/03-imt sdk/03- imt sdk/imt_sdk_win_64/winavr/bin/../lib/gcc/avr/4.3.3/avr5\libgcc.a(_div_sf.o)
 .debug_frame   0x000000a0       0x20 d:/cources/enmbededd_imt/new folder/00-tools/03-imt sdk/03- imt sdk/imt_sdk_win_64/winavr/bin/../lib/gcc/avr/4.3.3/avr5\libgcc.a(_gt_sf.o)
 .debug_frame   0x000000c0       0x20 d:/cources/enmbededd_imt/new folder/00-tools/03-imt sdk/03- imt sdk/imt_sdk_win_64/winavr/bin/../lib/gcc/avr/4.3.3/avr5\libgcc.a(_ge_sf.o)
 .debug_frame   0x000000e0       0x20 d:/cources/enmbededd_imt/new folder/00-tools/03-imt sdk/03- imt sdk/imt_sdk_win_64/winavr/bin/../lib/gcc/avr/4.3.3/avr5\libgcc.a(_lt_sf.o)
 .debug_frame   0x00000100       0x20 d:/cources/enmbededd_imt/new folder/00-tools/03-imt sdk/03- imt sdk/imt_sdk_win_64/winavr/bin/../lib/gcc/avr/4.3.3/avr5\libgcc.a(_sf_to_si.o)
 .debug_frame   0x00000120       0x20 d:/cources/enmbededd_imt/new folder/00-tools/03-imt sdk/03- imt sdk/imt_sdk_win_64/winavr/bin/../lib/gcc/avr/4.3.3/avr5\libgcc.a(_usi_to_sf.o)
 .debug_frame   0x00000140       0x20 d:/cources/enmbededd_imt/new folder/00-tools/03-imt sdk/03- imt sdk/imt_sdk_win_64/winavr/bin/../lib/gcc/avr/4.3.3/avr5\libgcc.a(_clzsi2.o)
 .debug_frame   0x00000160       0x20 d:/cources/enmbededd_imt/new folder/00-tools/03-imt sdk/03- imt sdk/imt_sdk_win_64/winavr/bin/../lib/gcc/avr/4.3.3/avr5\libgcc.a(_pack_sf.o)
 .debug_frame   0x00000180       0x20 d:/cources/enmbededd_imt/new folder/00-tools/03-imt sdk/03- imt sdk/imt_sdk_win_64/winavr/bin/../lib/gcc/avr/4.3.3/avr5\libgcc.a(_unpack_sf.o)
 .debug_frame   0x000001a0       0x20 d:/cources/enmbededd_imt/new folder/00-tools/03-imt sdk/03- imt sdk/imt_sdk_win_64/winavr/bin/../lib/gcc/avr/4.3.3/avr5\libgcc.a(_fpcmp_parts_sf.o)

.debug_str      0x00000000      0x2f6
 *(.debug_str)
 .debug_str     0x00000000       0xbf d:/cources/enmbededd_imt/new folder/00-tools/03-imt sdk/03- imt sdk/imt_sdk_win_64/winavr/bin/../lib/gcc/avr/4.3.3/avr5\libgcc.a(_fixunssfsi.o)
                                 0xfe (size before relaxing)
 .debug_str     0x000000bf      0x14d d:/cources/enmbededd_imt/new folder/00-tools/03-imt sdk/03- imt sdk/imt_sdk_win_64/winavr/bin/../lib/gcc/avr/4.3.3/avr5\libgcc.a(_addsub_sf.o)
                                0x206 (size before relaxing)
 .debug_str     0x0000020c       0x27 d:/cources/enmbededd_imt/new folder/00-tools/03-imt sdk/03- imt sdk/imt_sdk_win_64/winavr/bin/../lib/gcc/avr/4.3.3/avr5\libgcc.a(_mul_sf.o)
                                0x1bf (size before relaxing)
 .debug_str     0x00000233       0x35 d:/cources/enmbededd_imt/new folder/00-tools/03-imt sdk/03- imt sdk/imt_sdk_win_64/winavr/bin/../lib/gcc/avr/4.3.3/avr5\libgcc.a(_div_sf.o)
                                0x1c8 (size before relaxing)
 .debug_str     0x00000268        0x8 d:/cources/enmbededd_imt/new folder/00-tools/03-imt sdk/03- imt sdk/imt_sdk_win_64/winavr/bin/../lib/gcc/avr/4.3.3/avr5\libgcc.a(_gt_sf.o)
                                0x195 (size before relaxing)
 .debug_str     0x00000270        0x8 d:/cources/enmbededd_imt/new folder/00-tools/03-imt sdk/03- imt sdk/imt_sdk_win_64/winavr/bin/../lib/gcc/avr/4.3.3/avr5\libgcc.a(_ge_sf.o)
                                0x195 (size before relaxing)
 .debug_str     0x00000278        0x8 d:/cources/enmbededd_imt/new folder/00-tools/03-imt sdk/03- imt sdk/imt_sdk_win_64/winavr/bin/../lib/gcc/avr/4.3.3/avr5\libgcc.a(_lt_sf.o)
                                0x195 (size before relaxing)
 .debug_str     0x00000280        0xa d:/cources/enmbededd_imt/new folder/00-tools/03-imt sdk/03- imt sdk/imt_sdk_win_64/winavr/bin/../lib/gcc/avr/4.3.3/avr5\libgcc.a(_sf_to_si.o)
                                0x19e (size before relaxing)
 .debug_str     0x00000000      0x103 d:/cources/enmbededd_imt/new folder/00-tools/03-imt sdk/03- imt sdk/imt_sdk_win_64/winavr/bin/../lib/gcc/avr/4.3.3/avr5\libgcc.a(_thenan_sf.o)
 .debug_str     0x0000028a       0x21 d:/cources/enmbededd_imt/new folder/00-tools/03-imt sdk/03- imt sdk/imt_sdk_win_64/winavr/bin/../lib/gcc/avr/4.3.3/avr5\libgcc.a(_usi_to_sf.o)
                                0x177 (size before relaxing)
 .debug_str     0x000002ab       0x20 d:/cources/enmbededd_imt/new folder/00-tools/03-imt sdk/03- imt sdk/imt_sdk_win_64/winavr/bin/../lib/gcc/avr/4.3.3/avr5\libgcc.a(_clzsi2.o)
                                0x111 (size before relaxing)
 .debug_str     0x000002cb       0x10 d:/cources/enmbededd_imt/new folder/00-tools/03-imt sdk/03- imt sdk/imt_sdk_win_64/winavr/bin/../lib/gcc/avr/4.3.3/avr5\libgcc.a(_pack_sf.o)
                                0x19d (size before relaxing)
 .debug_str     0x000002db        0xb d:/cources/enmbededd_imt/new folder/00-tools/03-imt sdk/03- imt sdk/imt_sdk_win_64/winavr/bin/../lib/gcc/avr/4.3.3/avr5\libgcc.a(_unpack_sf.o)
                                0x17f (size before relaxing)
 .debug_str     0x000002e6       0x10 d:/cources/enmbededd_imt/new folder/00-tools/03-imt sdk/03- imt sdk/imt_sdk_win_64/winavr/bin/../lib/gcc/avr/4.3.3/avr5\libgcc.a(_fpcmp_parts_sf.o)
                                0x163 (size before relaxing)
 .debug_str     0x00000000       0xf4 d:/cources/enmbededd_imt/new folder/00-tools/03-imt sdk/03- imt sdk/imt_sdk_win_64/winavr/bin/../lib/gcc/avr/4.3.3/avr5\libgcc.a(_clz.o)

.debug_loc      0x00000000      0x96e
 *(.debug_loc)
 .debug_loc     0x00000000       0x34 d:/cources/enmbededd_imt/new folder/00-tools/03-imt sdk/03- imt sdk/imt_sdk_win_64/winavr/bin/../lib/gcc/avr/4.3.3/avr5\libgcc.a(_fixunssfsi.o)
 .debug_loc     0x00000034      0x32a d:/cources/enmbededd_imt/new folder/00-tools/03-imt sdk/03- imt sdk/imt_sdk_win_64/winavr/bin/../lib/gcc/avr/4.3.3/avr5\libgcc.a(_addsub_sf.o)
 .debug_loc     0x0000035e      0x104 d:/cources/enmbededd_imt/new folder/00-tools/03-imt sdk/03- imt sdk/imt_sdk_win_64/winavr/bin/../lib/gcc/avr/4.3.3/avr5\libgcc.a(_mul_sf.o)
 .debug_loc     0x00000462       0xc0 d:/cources/enmbededd_imt/new folder/00-tools/03-imt sdk/03- imt sdk/imt_sdk_win_64/winavr/bin/../lib/gcc/avr/4.3.3/avr5\libgcc.a(_div_sf.o)
 .debug_loc     0x00000522       0x3c d:/cources/enmbededd_imt/new folder/00-tools/03-imt sdk/03- imt sdk/imt_sdk_win_64/winavr/bin/../lib/gcc/avr/4.3.3/avr5\libgcc.a(_gt_sf.o)
 .debug_loc     0x0000055e       0x3c d:/cources/enmbededd_imt/new folder/00-tools/03-imt sdk/03- imt sdk/imt_sdk_win_64/winavr/bin/../lib/gcc/avr/4.3.3/avr5\libgcc.a(_ge_sf.o)
 .debug_loc     0x0000059a       0x3c d:/cources/enmbededd_imt/new folder/00-tools/03-imt sdk/03- imt sdk/imt_sdk_win_64/winavr/bin/../lib/gcc/avr/4.3.3/avr5\libgcc.a(_lt_sf.o)
 .debug_loc     0x000005d6       0x7e d:/cources/enmbededd_imt/new folder/00-tools/03-imt sdk/03- imt sdk/imt_sdk_win_64/winavr/bin/../lib/gcc/avr/4.3.3/avr5\libgcc.a(_sf_to_si.o)
 .debug_loc     0x00000654       0x4c d:/cources/enmbededd_imt/new folder/00-tools/03-imt sdk/03- imt sdk/imt_sdk_win_64/winavr/bin/../lib/gcc/avr/4.3.3/avr5\libgcc.a(_usi_to_sf.o)
 .debug_loc     0x000006a0       0x94 d:/cources/enmbededd_imt/new folder/00-tools/03-imt sdk/03- imt sdk/imt_sdk_win_64/winavr/bin/../lib/gcc/avr/4.3.3/avr5\libgcc.a(_clzsi2.o)
 .debug_loc     0x00000734      0x13e d:/cources/enmbededd_imt/new folder/00-tools/03-imt sdk/03- imt sdk/imt_sdk_win_64/winavr/bin/../lib/gcc/avr/4.3.3/avr5\libgcc.a(_pack_sf.o)
 .debug_loc     0x00000872       0xac d:/cources/enmbededd_imt/new folder/00-tools/03-imt sdk/03- imt sdk/imt_sdk_win_64/winavr/bin/../lib/gcc/avr/4.3.3/avr5\libgcc.a(_unpack_sf.o)
 .debug_loc     0x0000091e       0x50 d:/cources/enmbededd_imt/new folder/00-tools/03-imt sdk/03- imt sdk/imt_sdk_win_64/winavr/bin/../lib/gcc/avr/4.3.3/avr5\libgcc.a(_fpcmp_parts_sf.o)

.debug_macinfo
 *(.debug_macinfo)
OUTPUT(ADC_Driver.elf elf32-avr)
LOAD linker stubs

.debug_ranges   0x00000000       0x50
 .debug_ranges  0x00000000       0x50 d:/cources/enmbededd_imt/new folder/00-tools/03-imt sdk/03- imt sdk/imt_sdk_win_64/winavr/bin/../lib/gcc/avr/4.3.3/avr5\libgcc.a(_mul_sf.o)
