Archive member included because of file (symbol)

d:/cources/enmbededd_imt/new folder/00-tools/03-imt sdk/03- imt sdk/imt_sdk_win_64/winavr/bin/../lib/gcc/avr/4.3.3/avr5\libgcc.a(_udivmodhi4.o)
                              ./HAL/LCD_Module/LCD_Program.o (__udivmodhi4)
d:/cources/enmbededd_imt/new folder/00-tools/03-imt sdk/03- imt sdk/imt_sdk_win_64/winavr/bin/../lib/gcc/avr/4.3.3/avr5\libgcc.a(_exit.o)
                              d:/cources/enmbededd_imt/new folder/00-tools/03-imt sdk/03- imt sdk/imt_sdk_win_64/winavr/bin/../lib/gcc/avr/4.3.3/../../../../avr/lib/avr5/crtm32.o (exit)
d:/cources/enmbededd_imt/new folder/00-tools/03-imt sdk/03- imt sdk/imt_sdk_win_64/winavr/bin/../lib/gcc/avr/4.3.3/avr5\libgcc.a(_copy_data.o)
                              ./MCAL/ADC_Driver/ADC_Program.o (__do_copy_data)
d:/cources/enmbededd_imt/new folder/00-tools/03-imt sdk/03- imt sdk/imt_sdk_win_64/winavr/bin/../lib/gcc/avr/4.3.3/avr5\libgcc.a(_clear_bss.o)
                              ./MCAL/ADC_Driver/ADC_Program.o (__do_clear_bss)
d:/cources/enmbededd_imt/new folder/00-tools/03-imt sdk/03- imt sdk/imt_sdk_win_64/winavr/bin/../lib/gcc/avr/4.3.3/avr5\libgcc.a(_fixunssfsi.o)
                              ./HAL/LM35_Module/LM35_Program.o (__fixunssfsi)
d:/cources/enmbededd_imt/new folder/00-tools/03-imt sdk/03- imt sdk/imt_sdk_win_64/winavr/bin/../lib/gcc/avr/4.3.3/avr5\libgcc.a(_addsub_sf.o)
                              d:/cources/enmbededd_imt/new folder/00-tools/03-imt sdk/03- imt sdk/imt_sdk_win_64/winavr/bin/../lib/gcc/avr/4.3.3/avr5\libgcc.a(_fixunssfsi.o) (__subsf3)
d:/cources/enmbededd_imt/new folder/00-tools/03-imt sdk/03- imt sdk/imt_sdk_win_64/winavr/bin/../lib/gcc/avr/4.3.3/avr5\libgcc.a(_mul_sf.o)
                              ./HAL/LM35_Module/LM35_Program.o (__mulsf3)
d:/cources/enmbededd_imt/new folder/00-tools/03-imt sdk/03- imt sdk/imt_sdk_win_64/winavr/bin/../lib/gcc/avr/4.3.3/avr5\libgcc.a(_div_sf.o)
                              ./HAL/LM35_Module/LM35_Program.o (__divsf3)
d:/cources/enmbededd_imt/new folder/00-tools/03-imt sdk/03- imt sdk/imt_sdk_win_64/winavr/bin/../lib/gcc/avr/4.3.3/avr5\libgcc.a(_ge_sf.o)
                              d:/cources/enmbededd_imt/new folder/00-tools/03-imt sdk/03- imt sdk/imt_sdk_win_64/winavr/bin/../lib/gcc/avr/4.3.3/avr5\libgcc.a(_fixunssfsi.o) (__gesf2)
d:/cources/enmbededd_imt/new folder/00-tools/03-imt sdk/03- imt sdk/imt_sdk_win_64/winavr/bin/../lib/gcc/avr/4.3.3/avr5\libgcc.a(_sf_to_si.o)
                              d:/cources/enmbededd_imt/new folder/00-tools/03-imt sdk/03- imt sdk/imt_sdk_win_64/winavr/bin/../lib/gcc/avr/4.3.3/avr5\libgcc.a(_fixunssfsi.o) (__fixsfsi)
d:/cources/enmbededd_imt/new folder/00-tools/03-imt sdk/03- imt sdk/imt_sdk_win_64/winavr/bin/../lib/gcc/avr/4.3.3/avr5\libgcc.a(_thenan_sf.o)
                              d:/cources/enmbededd_imt/new folder/00-tools/03-imt sdk/03- imt sdk/imt_sdk_win_64/winavr/bin/../lib/gcc/avr/4.3.3/avr5\libgcc.a(_addsub_sf.o) (__thenan_sf)
d:/cources/enmbededd_imt/new folder/00-tools/03-imt sdk/03- imt sdk/imt_sdk_win_64/winavr/bin/../lib/gcc/avr/4.3.3/avr5\libgcc.a(_usi_to_sf.o)
                              ./HAL/LM35_Module/LM35_Program.o (__floatunsisf)
d:/cources/enmbededd_imt/new folder/00-tools/03-imt sdk/03- imt sdk/imt_sdk_win_64/winavr/bin/../lib/gcc/avr/4.3.3/avr5\libgcc.a(_prologue.o)
                              d:/cources/enmbededd_imt/new folder/00-tools/03-imt sdk/03- imt sdk/imt_sdk_win_64/winavr/bin/../lib/gcc/avr/4.3.3/avr5\libgcc.a(_addsub_sf.o) (__prologue_saves__)
d:/cources/enmbededd_imt/new folder/00-tools/03-imt sdk/03- imt sdk/imt_sdk_win_64/winavr/bin/../lib/gcc/avr/4.3.3/avr5\libgcc.a(_epilogue.o)
                              d:/cources/enmbededd_imt/new folder/00-tools/03-imt sdk/03- imt sdk/imt_sdk_win_64/winavr/bin/../lib/gcc/avr/4.3.3/avr5\libgcc.a(_addsub_sf.o) (__epilogue_restores__)
d:/cources/enmbededd_imt/new folder/00-tools/03-imt sdk/03- imt sdk/imt_sdk_win_64/winavr/bin/../lib/gcc/avr/4.3.3/avr5\libgcc.a(_clzsi2.o)
                              d:/cources/enmbededd_imt/new folder/00-tools/03-imt sdk/03- imt sdk/imt_sdk_win_64/winavr/bin/../lib/gcc/avr/4.3.3/avr5\libgcc.a(_usi_to_sf.o) (__clzsi2)
d:/cources/enmbededd_imt/new folder/00-tools/03-imt sdk/03- imt sdk/imt_sdk_win_64/winavr/bin/../lib/gcc/avr/4.3.3/avr5\libgcc.a(_pack_sf.o)
                              d:/cources/enmbededd_imt/new folder/00-tools/03-imt sdk/03- imt sdk/imt_sdk_win_64/winavr/bin/../lib/gcc/avr/4.3.3/avr5\libgcc.a(_addsub_sf.o) (__pack_f)
d:/cources/enmbededd_imt/new folder/00-tools/03-imt sdk/03- imt sdk/imt_sdk_win_64/winavr/bin/../lib/gcc/avr/4.3.3/avr5\libgcc.a(_unpack_sf.o)
                              d:/cources/enmbededd_imt/new folder/00-tools/03-imt sdk/03- imt sdk/imt_sdk_win_64/winavr/bin/../lib/gcc/avr/4.3.3/avr5\libgcc.a(_addsub_sf.o) (__unpack_f)
d:/cources/enmbededd_imt/new folder/00-tools/03-imt sdk/03- imt sdk/imt_sdk_win_64/winavr/bin/../lib/gcc/avr/4.3.3/avr5\libgcc.a(_fpcmp_parts_sf.o)
                              d:/cources/enmbededd_imt/new folder/00-tools/03-imt sdk/03- imt sdk/imt_sdk_win_64/winavr/bin/../lib/gcc/avr/4.3.3/avr5\libgcc.a(_ge_sf.o) (__fpcmp_parts_f)
d:/cources/enmbededd_imt/new folder/00-tools/03-imt sdk/03- imt sdk/imt_sdk_win_64/winavr/bin/../lib/gcc/avr/4.3.3/avr5\libgcc.a(_clz.o)
                              d:/cources/enmbededd_imt/new folder/00-tools/03-imt sdk/03- imt sdk/imt_sdk_win_64/winavr/bin/../lib/gcc/avr/4.3.3/avr5\libgcc.a(_clzsi2.o) (__clz_tab)

Allocating common symbols
Common symbol       size              file

Local_u8KeyPressed  0x1               ./APP/main.o
item                0x3               ./APP/main.o

Memory Configuration

Name             Origin             Length             Attributes
text             0x00000000         0x00020000         xr
data             0x00800060         0x0000ffa0         rw !x
eeprom           0x00810000         0x00010000         rw !x
fuse             0x00820000         0x00000400         rw !x
lock             0x00830000         0x00000400         rw !x
signature        0x00840000         0x00000400         rw !x
*default*        0x00000000         0xffffffff

Linker script and memory map

LOAD d:/cources/enmbededd_imt/new folder/00-tools/03-imt sdk/03- imt sdk/imt_sdk_win_64/winavr/bin/../lib/gcc/avr/4.3.3/../../../../avr/lib/avr5/crtm32.o
LOAD ./MCAL/PORT_Driver/PORT_Program.o
LOAD ./MCAL/GIE_Driver/GIE_Program.o
LOAD ./MCAL/External_Interrupt_Driver/External_Interrupt_Program.o
LOAD ./MCAL/DIO_Driver/DIO_Program.o
LOAD ./MCAL/ADC_Driver/ADC_Program.o
LOAD ./HAL/LM35_Module/LM35_Program.o
LOAD ./HAL/LED_Module/LED1_Program.o
LOAD ./HAL/LCD_Module/LCD_Program.o
LOAD ./HAL/Keypad_Module/Keypad_Program.o
LOAD ./HAL/DC_MOTOR/DC_MOTOR_Program.o
LOAD ./APP/main.o
LOAD d:/cources/enmbededd_imt/new folder/00-tools/03-imt sdk/03- imt sdk/imt_sdk_win_64/winavr/bin/../lib/gcc/avr/4.3.3/avr5\libgcc.a
LOAD d:/cources/enmbededd_imt/new folder/00-tools/03-imt sdk/03- imt sdk/imt_sdk_win_64/winavr/bin/../lib/gcc/avr/4.3.3/../../../../avr/lib/avr5\libc.a
LOAD d:/cources/enmbededd_imt/new folder/00-tools/03-imt sdk/03- imt sdk/imt_sdk_win_64/winavr/bin/../lib/gcc/avr/4.3.3/avr5\libgcc.a

.hash
 *(.hash)

.dynsym
 *(.dynsym)

.dynstr
 *(.dynstr)

.gnu.version
 *(.gnu.version)

.gnu.version_d
 *(.gnu.version_d)

.gnu.version_r
 *(.gnu.version_r)

.rel.init
 *(.rel.init)

.rela.init
 *(.rela.init)

.rel.text
 *(.rel.text)
 *(.rel.text.*)
 *(.rel.gnu.linkonce.t*)

.rela.text
 *(.rela.text)
 *(.rela.text.*)
 *(.rela.gnu.linkonce.t*)

.rel.fini
 *(.rel.fini)

.rela.fini
 *(.rela.fini)

.rel.rodata
 *(.rel.rodata)
 *(.rel.rodata.*)
 *(.rel.gnu.linkonce.r*)

.rela.rodata
 *(.rela.rodata)
 *(.rela.rodata.*)
 *(.rela.gnu.linkonce.r*)

.rel.data
 *(.rel.data)
 *(.rel.data.*)
 *(.rel.gnu.linkonce.d*)

.rela.data
 *(.rela.data)
 *(.rela.data.*)
 *(.rela.gnu.linkonce.d*)

.rel.ctors
 *(.rel.ctors)

.rela.ctors
 *(.rela.ctors)

.rel.dtors
 *(.rel.dtors)

.rela.dtors
 *(.rela.dtors)

.rel.got
 *(.rel.got)

.rela.got
 *(.rela.got)

.rel.bss
 *(.rel.bss)

.rela.bss
 *(.rela.bss)

.rel.plt
 *(.rel.plt)

.rela.plt
 *(.rela.plt)

.text           0x00000000     0x1e58
 *(.vectors)
 .vectors       0x00000000       0x54 d:/cources/enmbededd_imt/new folder/00-tools/03-imt sdk/03- imt sdk/imt_sdk_win_64/winavr/bin/../lib/gcc/avr/4.3.3/../../../../avr/lib/avr5/crtm32.o
                0x00000000                __vectors
                0x00000000                __vector_default
 *(.vectors)
 *(.progmem.gcc*)
 *(.progmem*)
                0x00000054                . = ALIGN (0x2)
                0x00000054                __trampolines_start = .
 *(.trampolines)
 .trampolines   0x00000054        0x0 linker stubs
 *(.trampolines*)
                0x00000054                __trampolines_end = .
 *(.jumptables)
 *(.jumptables*)
 *(.lowtext)
 *(.lowtext*)
                0x00000054                __ctors_start = .
 *(.ctors)
                0x00000054                __ctors_end = .
                0x00000054                __dtors_start = .
 *(.dtors)
                0x00000054                __dtors_end = .
 SORT(*)(.ctors)
 SORT(*)(.dtors)
 *(.init0)
 .init0         0x00000054        0x0 d:/cources/enmbededd_imt/new folder/00-tools/03-imt sdk/03- imt sdk/imt_sdk_win_64/winavr/bin/../lib/gcc/avr/4.3.3/../../../../avr/lib/avr5/crtm32.o
                0x00000054                __init
 *(.init0)
 *(.init1)
 *(.init1)
 *(.init2)
 .init2         0x00000054        0xc d:/cources/enmbededd_imt/new folder/00-tools/03-imt sdk/03- imt sdk/imt_sdk_win_64/winavr/bin/../lib/gcc/avr/4.3.3/../../../../avr/lib/avr5/crtm32.o
 *(.init2)
 *(.init3)
 *(.init3)
 *(.init4)
 .init4         0x00000060       0x16 d:/cources/enmbededd_imt/new folder/00-tools/03-imt sdk/03- imt sdk/imt_sdk_win_64/winavr/bin/../lib/gcc/avr/4.3.3/avr5\libgcc.a(_copy_data.o)
                0x00000060                __do_copy_data
 .init4         0x00000076       0x10 d:/cources/enmbededd_imt/new folder/00-tools/03-imt sdk/03- imt sdk/imt_sdk_win_64/winavr/bin/../lib/gcc/avr/4.3.3/avr5\libgcc.a(_clear_bss.o)
                0x00000076                __do_clear_bss
 *(.init4)
 *(.init5)
 *(.init5)
 *(.init6)
 *(.init6)
 *(.init7)
 *(.init7)
 *(.init8)
 *(.init8)
 *(.init9)
 .init9         0x00000086        0x8 d:/cources/enmbededd_imt/new folder/00-tools/03-imt sdk/03- imt sdk/imt_sdk_win_64/winavr/bin/../lib/gcc/avr/4.3.3/../../../../avr/lib/avr5/crtm32.o
 *(.init9)
 *(.text)
 .text          0x0000008e        0x4 d:/cources/enmbededd_imt/new folder/00-tools/03-imt sdk/03- imt sdk/imt_sdk_win_64/winavr/bin/../lib/gcc/avr/4.3.3/../../../../avr/lib/avr5/crtm32.o
                0x0000008e                __vector_1
                0x0000008e                __vector_12
                0x0000008e                __bad_interrupt
                0x0000008e                __vector_6
                0x0000008e                __vector_3
                0x0000008e                __vector_11
                0x0000008e                __vector_13
                0x0000008e                __vector_17
                0x0000008e                __vector_19
                0x0000008e                __vector_7
                0x0000008e                __vector_5
                0x0000008e                __vector_4
                0x0000008e                __vector_9
                0x0000008e                __vector_2
                0x0000008e                __vector_15
                0x0000008e                __vector_8
                0x0000008e                __vector_14
                0x0000008e                __vector_10
                0x0000008e                __vector_18
                0x0000008e                __vector_20
 .text          0x00000092        0x0 ./MCAL/PORT_Driver/PORT_Program.o
 .text          0x00000092        0x0 ./MCAL/GIE_Driver/GIE_Program.o
 .text          0x00000092        0x0 ./MCAL/External_Interrupt_Driver/External_Interrupt_Program.o
 .text          0x00000092        0x0 ./MCAL/DIO_Driver/DIO_Program.o
 .text          0x00000092        0x0 ./MCAL/ADC_Driver/ADC_Program.o
 .text          0x00000092        0x0 ./HAL/LM35_Module/LM35_Program.o
 .text          0x00000092        0x0 ./HAL/LED_Module/LED1_Program.o
 .text          0x00000092        0x0 ./HAL/LCD_Module/LCD_Program.o
 .text          0x00000092        0x0 ./HAL/Keypad_Module/Keypad_Program.o
 .text          0x00000092        0x0 ./HAL/DC_MOTOR/DC_MOTOR_Program.o
 .text          0x00000092        0x0 ./APP/main.o
 .text          0x00000092        0x0 d:/cources/enmbededd_imt/new folder/00-tools/03-imt sdk/03- imt sdk/imt_sdk_win_64/winavr/bin/../lib/gcc/avr/4.3.3/avr5\libgcc.a(_udivmodhi4.o)
 .text          0x00000092        0x0 d:/cources/enmbededd_imt/new folder/00-tools/03-imt sdk/03- imt sdk/imt_sdk_win_64/winavr/bin/../lib/gcc/avr/4.3.3/avr5\libgcc.a(_exit.o)
 .text          0x00000092        0x0 d:/cources/enmbededd_imt/new folder/00-tools/03-imt sdk/03- imt sdk/imt_sdk_win_64/winavr/bin/../lib/gcc/avr/4.3.3/avr5\libgcc.a(_copy_data.o)
 .text          0x00000092        0x0 d:/cources/enmbededd_imt/new folder/00-tools/03-imt sdk/03- imt sdk/imt_sdk_win_64/winavr/bin/../lib/gcc/avr/4.3.3/avr5\libgcc.a(_clear_bss.o)
 .text          0x00000092       0x58 d:/cources/enmbededd_imt/new folder/00-tools/03-imt sdk/03- imt sdk/imt_sdk_win_64/winavr/bin/../lib/gcc/avr/4.3.3/avr5\libgcc.a(_fixunssfsi.o)
                0x00000092                __fixunssfsi
 .text          0x000000ea      0x354 d:/cources/enmbededd_imt/new folder/00-tools/03-imt sdk/03- imt sdk/imt_sdk_win_64/winavr/bin/../lib/gcc/avr/4.3.3/avr5\libgcc.a(_addsub_sf.o)
                0x00000382                __subsf3
                0x000003e4                __addsf3
 .text          0x0000043e      0x1f4 d:/cources/enmbededd_imt/new folder/00-tools/03-imt sdk/03- imt sdk/imt_sdk_win_64/winavr/bin/../lib/gcc/avr/4.3.3/avr5\libgcc.a(_mul_sf.o)
                0x0000043e                __mulsf3
 .text          0x00000632      0x158 d:/cources/enmbededd_imt/new folder/00-tools/03-imt sdk/03- imt sdk/imt_sdk_win_64/winavr/bin/../lib/gcc/avr/4.3.3/avr5\libgcc.a(_div_sf.o)
                0x00000632                __divsf3
 .text          0x0000078a       0x60 d:/cources/enmbededd_imt/new folder/00-tools/03-imt sdk/03- imt sdk/imt_sdk_win_64/winavr/bin/../lib/gcc/avr/4.3.3/avr5\libgcc.a(_ge_sf.o)
                0x0000078a                __gesf2
 .text          0x000007ea       0xa8 d:/cources/enmbededd_imt/new folder/00-tools/03-imt sdk/03- imt sdk/imt_sdk_win_64/winavr/bin/../lib/gcc/avr/4.3.3/avr5\libgcc.a(_sf_to_si.o)
                0x000007ea                __fixsfsi
 .text          0x00000892        0x0 d:/cources/enmbededd_imt/new folder/00-tools/03-imt sdk/03- imt sdk/imt_sdk_win_64/winavr/bin/../lib/gcc/avr/4.3.3/avr5\libgcc.a(_thenan_sf.o)
 .text          0x00000892       0xf2 d:/cources/enmbededd_imt/new folder/00-tools/03-imt sdk/03- imt sdk/imt_sdk_win_64/winavr/bin/../lib/gcc/avr/4.3.3/avr5\libgcc.a(_usi_to_sf.o)
                0x00000892                __floatunsisf
 .text          0x00000984        0x0 d:/cources/enmbededd_imt/new folder/00-tools/03-imt sdk/03- imt sdk/imt_sdk_win_64/winavr/bin/../lib/gcc/avr/4.3.3/avr5\libgcc.a(_prologue.o)
 .text          0x00000984        0x0 d:/cources/enmbededd_imt/new folder/00-tools/03-imt sdk/03- imt sdk/imt_sdk_win_64/winavr/bin/../lib/gcc/avr/4.3.3/avr5\libgcc.a(_epilogue.o)
 .text          0x00000984       0x9e d:/cources/enmbededd_imt/new folder/00-tools/03-imt sdk/03- imt sdk/imt_sdk_win_64/winavr/bin/../lib/gcc/avr/4.3.3/avr5\libgcc.a(_clzsi2.o)
                0x00000984                __clzsi2
 .text          0x00000a22      0x1aa d:/cources/enmbededd_imt/new folder/00-tools/03-imt sdk/03- imt sdk/imt_sdk_win_64/winavr/bin/../lib/gcc/avr/4.3.3/avr5\libgcc.a(_pack_sf.o)
                0x00000a22                __pack_f
 .text          0x00000bcc       0xf0 d:/cources/enmbededd_imt/new folder/00-tools/03-imt sdk/03- imt sdk/imt_sdk_win_64/winavr/bin/../lib/gcc/avr/4.3.3/avr5\libgcc.a(_unpack_sf.o)
                0x00000bcc                __unpack_f
 .text          0x00000cbc       0xb2 d:/cources/enmbededd_imt/new folder/00-tools/03-imt sdk/03- imt sdk/imt_sdk_win_64/winavr/bin/../lib/gcc/avr/4.3.3/avr5\libgcc.a(_fpcmp_parts_sf.o)
                0x00000cbc                __fpcmp_parts_f
 .text          0x00000d6e        0x0 d:/cources/enmbededd_imt/new folder/00-tools/03-imt sdk/03- imt sdk/imt_sdk_win_64/winavr/bin/../lib/gcc/avr/4.3.3/avr5\libgcc.a(_clz.o)
                0x00000d6e                . = ALIGN (0x2)
 *(.text.*)
 .text.PORT_VoidInit
                0x00000d6e       0x1a ./MCAL/PORT_Driver/PORT_Program.o
                0x00000d6e                PORT_VoidInit
 .text.EXTI_VidEnableOrDisableGIE
                0x00000d88       0x18 ./MCAL/GIE_Driver/GIE_Program.o
                0x00000d88                EXTI_VidEnableOrDisableGIE
 .text.EXTI_u8EnableOrDisableInterruptPin_Postbuild
                0x00000da0       0x58 ./MCAL/External_Interrupt_Driver/External_Interrupt_Program.o
                0x00000da0                EXTI_u8EnableOrDisableInterruptPin_Postbuild
 .text.EXTI_voidEnableOrDisableInterruptPin_Prebuild
                0x00000df8       0x14 ./MCAL/External_Interrupt_Driver/External_Interrupt_Program.o
                0x00000df8                EXTI_voidEnableOrDisableInterruptPin_Prebuild
 .text.EXTI_u8ControlSense_Postbuild
                0x00000e0c       0x7e ./MCAL/External_Interrupt_Driver/External_Interrupt_Program.o
                0x00000e0c                EXTI_u8ControlSense_Postbuild
 .text.EXTI_VidControlSense_Prebuild
                0x00000e8a       0x10 ./MCAL/External_Interrupt_Driver/External_Interrupt_Program.o
                0x00000e8a                EXTI_VidControlSense_Prebuild
 .text.DIO_U8SetPortDir
                0x00000e9a       0x2e ./MCAL/DIO_Driver/DIO_Program.o
                0x00000e9a                DIO_U8SetPortDir
 .text.DIO_U8SetPortVal
                0x00000ec8       0x2e ./MCAL/DIO_Driver/DIO_Program.o
                0x00000ec8                DIO_U8SetPortVal
 .text.DIO_U8GetPortVal
                0x00000ef6       0x34 ./MCAL/DIO_Driver/DIO_Program.o
                0x00000ef6                DIO_U8GetPortVal
 .text.DIO_U8SetPinDir
                0x00000f2a       0xf0 ./MCAL/DIO_Driver/DIO_Program.o
                0x00000f2a                DIO_U8SetPinDir
 .text.DIO_U8SetPinVal
                0x0000101a       0xf0 ./MCAL/DIO_Driver/DIO_Program.o
                0x0000101a                DIO_U8SetPinVal
 .text.DIO_U8GetPinVal
                0x0000110a       0x36 ./MCAL/DIO_Driver/DIO_Program.o
                0x0000110a                DIO_U8GetPinVal
 .text.ADC_VoidInit_PreBuild
                0x00001140        0xa ./MCAL/ADC_Driver/ADC_Program.o
                0x00001140                ADC_VoidInit_PreBuild
 .text.ADC_u8AdjustmentSelect_Postbuild
                0x0000114a       0x18 ./MCAL/ADC_Driver/ADC_Program.o
                0x0000114a                ADC_u8AdjustmentSelect_Postbuild
 .text.ADC_VoidVrefSelect_Postbuild
                0x00001162        0xa ./MCAL/ADC_Driver/ADC_Program.o
                0x00001162                ADC_VoidVrefSelect_Postbuild
 .text.ADC_VoidPrescalerSelect_Postbuild
                0x0000116c        0xa ./MCAL/ADC_Driver/ADC_Program.o
                0x0000116c                ADC_VoidPrescalerSelect_Postbuild
 .text.ADC_u8ONO_OFFStateSelect_Postbuild
                0x00001176       0x18 ./MCAL/ADC_Driver/ADC_Program.o
                0x00001176                ADC_u8ONO_OFFStateSelect_Postbuild
 .text.ADC_u8AutoTriggerEnable_Postbuild
                0x0000118e       0x20 ./MCAL/ADC_Driver/ADC_Program.o
                0x0000118e                ADC_u8AutoTriggerEnable_Postbuild
 .text.ADC_u8GetDigitalValChannel
                0x000011ae       0x6e ./MCAL/ADC_Driver/ADC_Program.o
                0x000011ae                ADC_u8GetDigitalValChannel
 .text.ADC_u8GetDigitalValChannelAsynchronus
                0x0000121c       0x42 ./MCAL/ADC_Driver/ADC_Program.o
                0x0000121c                ADC_u8GetDigitalValChannelAsynchronus
 .text.SendAddress_Callback
                0x0000125e       0x14 ./MCAL/ADC_Driver/ADC_Program.o
                0x0000125e                SendAddress_Callback
 .text.__vector_16
                0x00001272       0x8e ./MCAL/ADC_Driver/ADC_Program.o
                0x00001272                __vector_16
 .text.LM35_u16GetTempretureWithUnit
                0x00001300       0x66 ./HAL/LM35_Module/LM35_Program.o
                0x00001300                LM35_u16GetTempretureWithUnit
 .text.LM35_VoidInit
                0x00001366        0x6 ./HAL/LM35_Module/LM35_Program.o
                0x00001366                LM35_VoidInit
 .text.LED_U8ON_OFF
                0x0000136c      0x118 ./HAL/LED_Module/LED1_Program.o
                0x0000136c                LED_U8ON_OFF
 .text.LCD_VoidSendData
                0x00001484       0x40 ./HAL/LCD_Module/LCD_Program.o
                0x00001484                LCD_VoidSendData
 .text.LCD_VoidSendString
                0x000014c4       0x26 ./HAL/LCD_Module/LCD_Program.o
                0x000014c4                LCD_VoidSendString
 .text.LCD_VoidSendNumber
                0x000014ea       0x9e ./HAL/LCD_Module/LCD_Program.o
                0x000014ea                LCD_VoidSendNumber
 .text.LCD_VoidSendCommand
                0x00001588       0x40 ./HAL/LCD_Module/LCD_Program.o
                0x00001588                LCD_VoidSendCommand
 .text.LCD_VoidDisplayOFF
                0x000015c8        0x8 ./HAL/LCD_Module/LCD_Program.o
                0x000015c8                LCD_VoidDisplayOFF
 .text.LCD_VoidDisplayON
                0x000015d0        0x8 ./HAL/LCD_Module/LCD_Program.o
                0x000015d0                LCD_VoidDisplayON
 .text.LCD_VoidBlinkingCursorON
                0x000015d8        0x8 ./HAL/LCD_Module/LCD_Program.o
                0x000015d8                LCD_VoidBlinkingCursorON
 .text.LCD_VoidCursorOFF
                0x000015e0        0x8 ./HAL/LCD_Module/LCD_Program.o
                0x000015e0                LCD_VoidCursorOFF
 .text.LCD_VoidCursorON
                0x000015e8        0x8 ./HAL/LCD_Module/LCD_Program.o
                0x000015e8                LCD_VoidCursorON
 .text.LCD_VoidClearDisplay
                0x000015f0        0xc ./HAL/LCD_Module/LCD_Program.o
                0x000015f0                LCD_VoidClearDisplay
 .text.LCD_VoidGoToPos
                0x000015fc       0x24 ./HAL/LCD_Module/LCD_Program.o
                0x000015fc                LCD_VoidGoToPos
 .text.LCD_VoidShiftRight
                0x00001620       0x3a ./HAL/LCD_Module/LCD_Program.o
                0x00001620                LCD_VoidShiftRight
 .text.LCD_VoidShiftLeft
                0x0000165a       0x5a ./HAL/LCD_Module/LCD_Program.o
                0x0000165a                LCD_VoidShiftLeft
 .text.LCD_VoidCreateSpecialChar
                0x000016b4       0x5a ./HAL/LCD_Module/LCD_Program.o
                0x000016b4                LCD_VoidCreateSpecialChar
 .text.LCD_VoidInit
                0x0000170e       0x2c ./HAL/LCD_Module/LCD_Program.o
                0x0000170e                LCD_VoidInit
 .text.Keypad_u8GetPressedKey
                0x0000173a       0xc8 ./HAL/Keypad_Module/Keypad_Program.o
                0x0000173a                Keypad_u8GetPressedKey
 .text.DC_MOTOR_VidStop
                0x00001802       0x16 ./HAL/DC_MOTOR/DC_MOTOR_Program.o
                0x00001802                DC_MOTOR_VidStop
 .text.DC_MOTOR_VidRotateUntiClockWise
                0x00001818       0x16 ./HAL/DC_MOTOR/DC_MOTOR_Program.o
                0x00001818                DC_MOTOR_VidRotateUntiClockWise
 .text.DC_MOTOR_VidRotateClockWise
                0x0000182e       0x16 ./HAL/DC_MOTOR/DC_MOTOR_Program.o
                0x0000182e                DC_MOTOR_VidRotateClockWise
 .text.power    0x00001844       0x32 ./APP/main.o
                0x00001844                power
 .text.isEmpty  0x00001876        0xe ./APP/main.o
                0x00001876                isEmpty
 .text.INT17_INTERRUPT
                0x00001884        0xa ./APP/main.o
                0x00001884                INT17_INTERRUPT
 .text.pop      0x0000188e       0x1a ./APP/main.o
                0x0000188e                pop
 .text.push     0x000018a8       0x26 ./APP/main.o
                0x000018a8                push
 .text.main     0x000018ce      0x4f0 ./APP/main.o
                0x000018ce                main
 .text.libgcc   0x00001dbe       0x28 d:/cources/enmbededd_imt/new folder/00-tools/03-imt sdk/03- imt sdk/imt_sdk_win_64/winavr/bin/../lib/gcc/avr/4.3.3/avr5\libgcc.a(_udivmodhi4.o)
                0x00001dbe                __udivmodhi4
 .text.libgcc   0x00001de6        0x0 d:/cources/enmbededd_imt/new folder/00-tools/03-imt sdk/03- imt sdk/imt_sdk_win_64/winavr/bin/../lib/gcc/avr/4.3.3/avr5\libgcc.a(_exit.o)
 .text.libgcc   0x00001de6        0x0 d:/cources/enmbededd_imt/new folder/00-tools/03-imt sdk/03- imt sdk/imt_sdk_win_64/winavr/bin/../lib/gcc/avr/4.3.3/avr5\libgcc.a(_copy_data.o)
 .text.libgcc   0x00001de6        0x0 d:/cources/enmbededd_imt/new folder/00-tools/03-imt sdk/03- imt sdk/imt_sdk_win_64/winavr/bin/../lib/gcc/avr/4.3.3/avr5\libgcc.a(_clear_bss.o)
 .text.libgcc   0x00001de6       0x38 d:/cources/enmbededd_imt/new folder/00-tools/03-imt sdk/03- imt sdk/imt_sdk_win_64/winavr/bin/../lib/gcc/avr/4.3.3/avr5\libgcc.a(_prologue.o)
                0x00001de6                __prologue_saves__
 .text.libgcc   0x00001e1e       0x36 d:/cources/enmbededd_imt/new folder/00-tools/03-imt sdk/03- imt sdk/imt_sdk_win_64/winavr/bin/../lib/gcc/avr/4.3.3/avr5\libgcc.a(_epilogue.o)
                0x00001e1e                __epilogue_restores__
                0x00001e54                . = ALIGN (0x2)
 *(.fini9)
 .fini9         0x00001e54        0x0 d:/cources/enmbededd_imt/new folder/00-tools/03-imt sdk/03- imt sdk/imt_sdk_win_64/winavr/bin/../lib/gcc/avr/4.3.3/avr5\libgcc.a(_exit.o)
                0x00001e54                exit
                0x00001e54                _exit
 *(.fini9)
 *(.fini8)
 *(.fini8)
 *(.fini7)
 *(.fini7)
 *(.fini6)
 *(.fini6)
 *(.fini5)
 *(.fini5)
 *(.fini4)
 *(.fini4)
 *(.fini3)
 *(.fini3)
 *(.fini2)
 *(.fini2)
 *(.fini1)
 *(.fini1)
 *(.fini0)
 .fini0         0x00001e54        0x4 d:/cources/enmbededd_imt/new folder/00-tools/03-imt sdk/03- imt sdk/imt_sdk_win_64/winavr/bin/../lib/gcc/avr/4.3.3/avr5\libgcc.a(_exit.o)
 *(.fini0)
                0x00001e58                _etext = .

.data           0x00800060      0x1dc load address 0x00001e58
                0x00800060                PROVIDE (__data_start, .)
 *(.data)
 .data          0x00800060        0x0 d:/cources/enmbededd_imt/new folder/00-tools/03-imt sdk/03- imt sdk/imt_sdk_win_64/winavr/bin/../lib/gcc/avr/4.3.3/../../../../avr/lib/avr5/crtm32.o
 .data          0x00800060        0x0 ./MCAL/PORT_Driver/PORT_Program.o
 .data          0x00800060        0x0 ./MCAL/GIE_Driver/GIE_Program.o
 .data          0x00800060        0x0 ./MCAL/External_Interrupt_Driver/External_Interrupt_Program.o
 .data          0x00800060        0x0 ./MCAL/DIO_Driver/DIO_Program.o
 .data          0x00800060        0x0 ./MCAL/ADC_Driver/ADC_Program.o
 .data          0x00800060        0x0 ./HAL/LM35_Module/LM35_Program.o
 .data          0x00800060        0x0 ./HAL/LED_Module/LED1_Program.o
 .data          0x00800060        0x0 ./HAL/LCD_Module/LCD_Program.o
 .data          0x00800060        0x0 ./HAL/Keypad_Module/Keypad_Program.o
 .data          0x00800060        0x0 ./HAL/DC_MOTOR/DC_MOTOR_Program.o
 .data          0x00800060       0xb2 ./APP/main.o
 .data          0x00800112        0x0 d:/cources/enmbededd_imt/new folder/00-tools/03-imt sdk/03- imt sdk/imt_sdk_win_64/winavr/bin/../lib/gcc/avr/4.3.3/avr5\libgcc.a(_udivmodhi4.o)
 .data          0x00800112        0x0 d:/cources/enmbededd_imt/new folder/00-tools/03-imt sdk/03- imt sdk/imt_sdk_win_64/winavr/bin/../lib/gcc/avr/4.3.3/avr5\libgcc.a(_exit.o)
 .data          0x00800112        0x0 d:/cources/enmbededd_imt/new folder/00-tools/03-imt sdk/03- imt sdk/imt_sdk_win_64/winavr/bin/../lib/gcc/avr/4.3.3/avr5\libgcc.a(_copy_data.o)
 .data          0x00800112        0x0 d:/cources/enmbededd_imt/new folder/00-tools/03-imt sdk/03- imt sdk/imt_sdk_win_64/winavr/bin/../lib/gcc/avr/4.3.3/avr5\libgcc.a(_clear_bss.o)
 .data          0x00800112        0x0 d:/cources/enmbededd_imt/new folder/00-tools/03-imt sdk/03- imt sdk/imt_sdk_win_64/winavr/bin/../lib/gcc/avr/4.3.3/avr5\libgcc.a(_fixunssfsi.o)
 .data          0x00800112        0x0 d:/cources/enmbededd_imt/new folder/00-tools/03-imt sdk/03- imt sdk/imt_sdk_win_64/winavr/bin/../lib/gcc/avr/4.3.3/avr5\libgcc.a(_addsub_sf.o)
 .data          0x00800112        0x0 d:/cources/enmbededd_imt/new folder/00-tools/03-imt sdk/03- imt sdk/imt_sdk_win_64/winavr/bin/../lib/gcc/avr/4.3.3/avr5\libgcc.a(_mul_sf.o)
 .data          0x00800112        0x0 d:/cources/enmbededd_imt/new folder/00-tools/03-imt sdk/03- imt sdk/imt_sdk_win_64/winavr/bin/../lib/gcc/avr/4.3.3/avr5\libgcc.a(_div_sf.o)
 .data          0x00800112        0x0 d:/cources/enmbededd_imt/new folder/00-tools/03-imt sdk/03- imt sdk/imt_sdk_win_64/winavr/bin/../lib/gcc/avr/4.3.3/avr5\libgcc.a(_ge_sf.o)
 .data          0x00800112        0x0 d:/cources/enmbededd_imt/new folder/00-tools/03-imt sdk/03- imt sdk/imt_sdk_win_64/winavr/bin/../lib/gcc/avr/4.3.3/avr5\libgcc.a(_sf_to_si.o)
 .data          0x00800112        0x8 d:/cources/enmbededd_imt/new folder/00-tools/03-imt sdk/03- imt sdk/imt_sdk_win_64/winavr/bin/../lib/gcc/avr/4.3.3/avr5\libgcc.a(_thenan_sf.o)
                0x00800112                __thenan_sf
 .data          0x0080011a        0x0 d:/cources/enmbededd_imt/new folder/00-tools/03-imt sdk/03- imt sdk/imt_sdk_win_64/winavr/bin/../lib/gcc/avr/4.3.3/avr5\libgcc.a(_usi_to_sf.o)
 .data          0x0080011a        0x0 d:/cources/enmbededd_imt/new folder/00-tools/03-imt sdk/03- imt sdk/imt_sdk_win_64/winavr/bin/../lib/gcc/avr/4.3.3/avr5\libgcc.a(_prologue.o)
 .data          0x0080011a        0x0 d:/cources/enmbededd_imt/new folder/00-tools/03-imt sdk/03- imt sdk/imt_sdk_win_64/winavr/bin/../lib/gcc/avr/4.3.3/avr5\libgcc.a(_epilogue.o)
 .data          0x0080011a        0x0 d:/cources/enmbededd_imt/new folder/00-tools/03-imt sdk/03- imt sdk/imt_sdk_win_64/winavr/bin/../lib/gcc/avr/4.3.3/avr5\libgcc.a(_clzsi2.o)
 .data          0x0080011a        0x0 d:/cources/enmbededd_imt/new folder/00-tools/03-imt sdk/03- imt sdk/imt_sdk_win_64/winavr/bin/../lib/gcc/avr/4.3.3/avr5\libgcc.a(_pack_sf.o)
 .data          0x0080011a        0x0 d:/cources/enmbededd_imt/new folder/00-tools/03-imt sdk/03- imt sdk/imt_sdk_win_64/winavr/bin/../lib/gcc/avr/4.3.3/avr5\libgcc.a(_unpack_sf.o)
 .data          0x0080011a        0x0 d:/cources/enmbededd_imt/new folder/00-tools/03-imt sdk/03- imt sdk/imt_sdk_win_64/winavr/bin/../lib/gcc/avr/4.3.3/avr5\libgcc.a(_fpcmp_parts_sf.o)
 .data          0x0080011a      0x100 d:/cources/enmbededd_imt/new folder/00-tools/03-imt sdk/03- imt sdk/imt_sdk_win_64/winavr/bin/../lib/gcc/avr/4.3.3/avr5\libgcc.a(_clz.o)
                0x0080011a                __clz_tab
 *(.data*)
 .data.Global_u8State
                0x0080021a        0x1 ./MCAL/ADC_Driver/ADC_Program.o
                0x0080021a                Global_u8State
 .data.top      0x0080021b        0x1 ./APP/main.o
                0x0080021b                top
 *(.rodata)
 *(.rodata*)
 .rodata.Step   0x0080021c        0x4 ./MCAL/ADC_Driver/ADC_Program.o
                0x0080021c                Step
 .rodata.ADC_STEP
                0x00800220        0x4 ./HAL/LM35_Module/LM35_Program.o
                0x00800220                ADC_STEP
 .rodata.Local_u8KeypadRows.1283
                0x00800224        0x4 ./HAL/Keypad_Module/Keypad_Program.o
 .rodata.Local_u8KeypadCoulums.1282
                0x00800228        0x4 ./HAL/Keypad_Module/Keypad_Program.o
 .rodata.Local__u8KeypadValues.1281
                0x0080022c       0x10 ./HAL/Keypad_Module/Keypad_Program.o
 *(.gnu.linkonce.d*)
                0x0080023c                . = ALIGN (0x2)
                0x0080023c                _edata = .
                0x0080023c                PROVIDE (__data_end, .)

.bss            0x0080023c       0x12
                0x0080023c                PROVIDE (__bss_start, .)
 *(.bss)
 .bss           0x0080023c        0x0 d:/cources/enmbededd_imt/new folder/00-tools/03-imt sdk/03- imt sdk/imt_sdk_win_64/winavr/bin/../lib/gcc/avr/4.3.3/../../../../avr/lib/avr5/crtm32.o
 .bss           0x0080023c        0x0 ./MCAL/PORT_Driver/PORT_Program.o
 .bss           0x0080023c        0x0 ./MCAL/GIE_Driver/GIE_Program.o
 .bss           0x0080023c        0x0 ./MCAL/External_Interrupt_Driver/External_Interrupt_Program.o
 .bss           0x0080023c        0x0 ./MCAL/DIO_Driver/DIO_Program.o
 .bss           0x0080023c        0x0 ./MCAL/ADC_Driver/ADC_Program.o
 .bss           0x0080023c        0x0 ./HAL/LM35_Module/LM35_Program.o
 .bss           0x0080023c        0x0 ./HAL/LED_Module/LED1_Program.o
 .bss           0x0080023c        0x0 ./HAL/LCD_Module/LCD_Program.o
 .bss           0x0080023c        0x0 ./HAL/Keypad_Module/Keypad_Program.o
 .bss           0x0080023c        0x0 ./HAL/DC_MOTOR/DC_MOTOR_Program.o
 .bss           0x0080023c        0x0 ./APP/main.o
 .bss           0x0080023c        0x0 d:/cources/enmbededd_imt/new folder/00-tools/03-imt sdk/03- imt sdk/imt_sdk_win_64/winavr/bin/../lib/gcc/avr/4.3.3/avr5\libgcc.a(_udivmodhi4.o)
 .bss           0x0080023c        0x0 d:/cources/enmbededd_imt/new folder/00-tools/03-imt sdk/03- imt sdk/imt_sdk_win_64/winavr/bin/../lib/gcc/avr/4.3.3/avr5\libgcc.a(_exit.o)
 .bss           0x0080023c        0x0 d:/cources/enmbededd_imt/new folder/00-tools/03-imt sdk/03- imt sdk/imt_sdk_win_64/winavr/bin/../lib/gcc/avr/4.3.3/avr5\libgcc.a(_copy_data.o)
 .bss           0x0080023c        0x0 d:/cources/enmbededd_imt/new folder/00-tools/03-imt sdk/03- imt sdk/imt_sdk_win_64/winavr/bin/../lib/gcc/avr/4.3.3/avr5\libgcc.a(_clear_bss.o)
 .bss           0x0080023c        0x0 d:/cources/enmbededd_imt/new folder/00-tools/03-imt sdk/03- imt sdk/imt_sdk_win_64/winavr/bin/../lib/gcc/avr/4.3.3/avr5\libgcc.a(_fixunssfsi.o)
 .bss           0x0080023c        0x0 d:/cources/enmbededd_imt/new folder/00-tools/03-imt sdk/03- imt sdk/imt_sdk_win_64/winavr/bin/../lib/gcc/avr/4.3.3/avr5\libgcc.a(_addsub_sf.o)
 .bss           0x0080023c        0x0 d:/cources/enmbededd_imt/new folder/00-tools/03-imt sdk/03- imt sdk/imt_sdk_win_64/winavr/bin/../lib/gcc/avr/4.3.3/avr5\libgcc.a(_mul_sf.o)
 .bss           0x0080023c        0x0 d:/cources/enmbededd_imt/new folder/00-tools/03-imt sdk/03- imt sdk/imt_sdk_win_64/winavr/bin/../lib/gcc/avr/4.3.3/avr5\libgcc.a(_div_sf.o)
 .bss           0x0080023c        0x0 d:/cources/enmbededd_imt/new folder/00-tools/03-imt sdk/03- imt sdk/imt_sdk_win_64/winavr/bin/../lib/gcc/avr/4.3.3/avr5\libgcc.a(_ge_sf.o)
 .bss           0x0080023c        0x0 d:/cources/enmbededd_imt/new folder/00-tools/03-imt sdk/03- imt sdk/imt_sdk_win_64/winavr/bin/../lib/gcc/avr/4.3.3/avr5\libgcc.a(_sf_to_si.o)
 .bss           0x0080023c        0x0 d:/cources/enmbededd_imt/new folder/00-tools/03-imt sdk/03- imt sdk/imt_sdk_win_64/winavr/bin/../lib/gcc/avr/4.3.3/avr5\libgcc.a(_thenan_sf.o)
 .bss           0x0080023c        0x0 d:/cources/enmbededd_imt/new folder/00-tools/03-imt sdk/03- imt sdk/imt_sdk_win_64/winavr/bin/../lib/gcc/avr/4.3.3/avr5\libgcc.a(_usi_to_sf.o)
 .bss           0x0080023c        0x0 d:/cources/enmbededd_imt/new folder/00-tools/03-imt sdk/03- imt sdk/imt_sdk_win_64/winavr/bin/../lib/gcc/avr/4.3.3/avr5\libgcc.a(_prologue.o)
 .bss           0x0080023c        0x0 d:/cources/enmbededd_imt/new folder/00-tools/03-imt sdk/03- imt sdk/imt_sdk_win_64/winavr/bin/../lib/gcc/avr/4.3.3/avr5\libgcc.a(_epilogue.o)
 .bss           0x0080023c        0x0 d:/cources/enmbededd_imt/new folder/00-tools/03-imt sdk/03- imt sdk/imt_sdk_win_64/winavr/bin/../lib/gcc/avr/4.3.3/avr5\libgcc.a(_clzsi2.o)
 .bss           0x0080023c        0x0 d:/cources/enmbededd_imt/new folder/00-tools/03-imt sdk/03- imt sdk/imt_sdk_win_64/winavr/bin/../lib/gcc/avr/4.3.3/avr5\libgcc.a(_pack_sf.o)
 .bss           0x0080023c        0x0 d:/cources/enmbededd_imt/new folder/00-tools/03-imt sdk/03- imt sdk/imt_sdk_win_64/winavr/bin/../lib/gcc/avr/4.3.3/avr5\libgcc.a(_unpack_sf.o)
 .bss           0x0080023c        0x0 d:/cources/enmbededd_imt/new folder/00-tools/03-imt sdk/03- imt sdk/imt_sdk_win_64/winavr/bin/../lib/gcc/avr/4.3.3/avr5\libgcc.a(_fpcmp_parts_sf.o)
 .bss           0x0080023c        0x0 d:/cources/enmbededd_imt/new folder/00-tools/03-imt sdk/03- imt sdk/imt_sdk_win_64/winavr/bin/../lib/gcc/avr/4.3.3/avr5\libgcc.a(_clz.o)
 *(.bss*)
 .bss.Global_pu16ADC_Reading
                0x0080023c        0x2 ./MCAL/ADC_Driver/ADC_Program.o
 .bss.ADC_VidCallBack_ISR_Funtion
                0x0080023e        0x2 ./MCAL/ADC_Driver/ADC_Program.o
 .bss.Global_u8Clear
                0x00800240        0x1 ./HAL/LCD_Module/LCD_Program.o
                0x00800240                Global_u8Clear
 .bss.Global_u8XPos
                0x00800241        0x1 ./HAL/LCD_Module/LCD_Program.o
                0x00800241                Global_u8XPos
 .bss.Global_u8YPos
                0x00800242        0x1 ./HAL/LCD_Module/LCD_Program.o
                0x00800242                Global_u8YPos
 .bss.Global_u8EnterGoToFunc
                0x00800243        0x1 ./HAL/LCD_Module/LCD_Program.o
                0x00800243                Global_u8EnterGoToFunc
 .bss.Global_u16Temp
                0x00800244        0x2 ./APP/main.o
                0x00800244                Global_u16Temp
 .bss.Global_u16LDR_Measure
                0x00800246        0x2 ./APP/main.o
                0x00800246                Global_u16LDR_Measure
 .bss.Global_u8SetTemp
                0x00800248        0x2 ./APP/main.o
 *(COMMON)
 COMMON         0x0080024a        0x4 ./APP/main.o
                0x0080024a                Local_u8KeyPressed
                0x0080024b                item
                0x0080024e                PROVIDE (__bss_end, .)
                0x00001e58                __data_load_start = LOADADDR (.data)
                0x00002034                __data_load_end = (__data_load_start + SIZEOF (.data))

.noinit         0x0080024e        0x0
                0x0080024e                PROVIDE (__noinit_start, .)
 *(.noinit*)
                0x0080024e                PROVIDE (__noinit_end, .)
                0x0080024e                _end = .
                0x0080024e                PROVIDE (__heap_start, .)

.eeprom         0x00810000        0x0
 *(.eeprom*)
                0x00810000                __eeprom_end = .

.fuse
 *(.fuse)
 *(.lfuse)
 *(.hfuse)
 *(.efuse)

.lock
 *(.lock*)

.signature
 *(.signature*)

.stab
 *(.stab)

.stabstr
 *(.stabstr)

.stab.excl
 *(.stab.excl)

.stab.exclstr
 *(.stab.exclstr)

.stab.index
 *(.stab.index)

.stab.indexstr
 *(.stab.indexstr)

.comment
 *(.comment)

.debug
 *(.debug)

.line
 *(.line)

.debug_srcinfo
 *(.debug_srcinfo)

.debug_sfnames
 *(.debug_sfnames)

.debug_aranges  0x00000000      0x160
 *(.debug_aranges)
 .debug_aranges
                0x00000000       0x20 d:/cources/enmbededd_imt/new folder/00-tools/03-imt sdk/03- imt sdk/imt_sdk_win_64/winavr/bin/../lib/gcc/avr/4.3.3/avr5\libgcc.a(_fixunssfsi.o)
 .debug_aranges
                0x00000020       0x20 d:/cources/enmbededd_imt/new folder/00-tools/03-imt sdk/03- imt sdk/imt_sdk_win_64/winavr/bin/../lib/gcc/avr/4.3.3/avr5\libgcc.a(_addsub_sf.o)
 .debug_aranges
                0x00000040       0x20 d:/cources/enmbededd_imt/new folder/00-tools/03-imt sdk/03- imt sdk/imt_sdk_win_64/winavr/bin/../lib/gcc/avr/4.3.3/avr5\libgcc.a(_mul_sf.o)
 .debug_aranges
                0x00000060       0x20 d:/cources/enmbededd_imt/new folder/00-tools/03-imt sdk/03- imt sdk/imt_sdk_win_64/winavr/bin/../lib/gcc/avr/4.3.3/avr5\libgcc.a(_div_sf.o)
 .debug_aranges
                0x00000080       0x20 d:/cources/enmbededd_imt/new folder/00-tools/03-imt sdk/03- imt sdk/imt_sdk_win_64/winavr/bin/../lib/gcc/avr/4.3.3/avr5\libgcc.a(_ge_sf.o)
 .debug_aranges
                0x000000a0       0x20 d:/cources/enmbededd_imt/new folder/00-tools/03-imt sdk/03- imt sdk/imt_sdk_win_64/winavr/bin/../lib/gcc/avr/4.3.3/avr5\libgcc.a(_sf_to_si.o)
 .debug_aranges
                0x000000c0       0x20 d:/cources/enmbededd_imt/new folder/00-tools/03-imt sdk/03- imt sdk/imt_sdk_win_64/winavr/bin/../lib/gcc/avr/4.3.3/avr5\libgcc.a(_usi_to_sf.o)
 .debug_aranges
                0x000000e0       0x20 d:/cources/enmbededd_imt/new folder/00-tools/03-imt sdk/03- imt sdk/imt_sdk_win_64/winavr/bin/../lib/gcc/avr/4.3.3/avr5\libgcc.a(_clzsi2.o)
 .debug_aranges
                0x00000100       0x20 d:/cources/enmbededd_imt/new folder/00-tools/03-imt sdk/03- imt sdk/imt_sdk_win_64/winavr/bin/../lib/gcc/avr/4.3.3/avr5\libgcc.a(_pack_sf.o)
 .debug_aranges
                0x00000120       0x20 d:/cources/enmbededd_imt/new folder/00-tools/03-imt sdk/03- imt sdk/imt_sdk_win_64/winavr/bin/../lib/gcc/avr/4.3.3/avr5\libgcc.a(_unpack_sf.o)
 .debug_aranges
                0x00000140       0x20 d:/cources/enmbededd_imt/new folder/00-tools/03-imt sdk/03- imt sdk/imt_sdk_win_64/winavr/bin/../lib/gcc/avr/4.3.3/avr5\libgcc.a(_fpcmp_parts_sf.o)

.debug_pubnames
                0x00000000      0x1b6
 *(.debug_pubnames)
 .debug_pubnames
                0x00000000       0x23 d:/cources/enmbededd_imt/new folder/00-tools/03-imt sdk/03- imt sdk/imt_sdk_win_64/winavr/bin/../lib/gcc/avr/4.3.3/avr5\libgcc.a(_fixunssfsi.o)
 .debug_pubnames
                0x00000023       0x2c d:/cources/enmbededd_imt/new folder/00-tools/03-imt sdk/03- imt sdk/imt_sdk_win_64/winavr/bin/../lib/gcc/avr/4.3.3/avr5\libgcc.a(_addsub_sf.o)
 .debug_pubnames
                0x0000004f       0x1f d:/cources/enmbededd_imt/new folder/00-tools/03-imt sdk/03- imt sdk/imt_sdk_win_64/winavr/bin/../lib/gcc/avr/4.3.3/avr5\libgcc.a(_mul_sf.o)
 .debug_pubnames
                0x0000006e       0x1f d:/cources/enmbededd_imt/new folder/00-tools/03-imt sdk/03- imt sdk/imt_sdk_win_64/winavr/bin/../lib/gcc/avr/4.3.3/avr5\libgcc.a(_div_sf.o)
 .debug_pubnames
                0x0000008d       0x1e d:/cources/enmbededd_imt/new folder/00-tools/03-imt sdk/03- imt sdk/imt_sdk_win_64/winavr/bin/../lib/gcc/avr/4.3.3/avr5\libgcc.a(_ge_sf.o)
 .debug_pubnames
                0x000000ab       0x20 d:/cources/enmbededd_imt/new folder/00-tools/03-imt sdk/03- imt sdk/imt_sdk_win_64/winavr/bin/../lib/gcc/avr/4.3.3/avr5\libgcc.a(_sf_to_si.o)
 .debug_pubnames
                0x000000cb       0x22 d:/cources/enmbededd_imt/new folder/00-tools/03-imt sdk/03- imt sdk/imt_sdk_win_64/winavr/bin/../lib/gcc/avr/4.3.3/avr5\libgcc.a(_thenan_sf.o)
 .debug_pubnames
                0x000000ed       0x24 d:/cources/enmbededd_imt/new folder/00-tools/03-imt sdk/03- imt sdk/imt_sdk_win_64/winavr/bin/../lib/gcc/avr/4.3.3/avr5\libgcc.a(_usi_to_sf.o)
 .debug_pubnames
                0x00000111       0x1f d:/cources/enmbededd_imt/new folder/00-tools/03-imt sdk/03- imt sdk/imt_sdk_win_64/winavr/bin/../lib/gcc/avr/4.3.3/avr5\libgcc.a(_clzsi2.o)
 .debug_pubnames
                0x00000130       0x1f d:/cources/enmbededd_imt/new folder/00-tools/03-imt sdk/03- imt sdk/imt_sdk_win_64/winavr/bin/../lib/gcc/avr/4.3.3/avr5\libgcc.a(_pack_sf.o)
 .debug_pubnames
                0x0000014f       0x21 d:/cources/enmbededd_imt/new folder/00-tools/03-imt sdk/03- imt sdk/imt_sdk_win_64/winavr/bin/../lib/gcc/avr/4.3.3/avr5\libgcc.a(_unpack_sf.o)
 .debug_pubnames
                0x00000170       0x26 d:/cources/enmbededd_imt/new folder/00-tools/03-imt sdk/03- imt sdk/imt_sdk_win_64/winavr/bin/../lib/gcc/avr/4.3.3/avr5\libgcc.a(_fpcmp_parts_sf.o)
 .debug_pubnames
                0x00000196       0x20 d:/cources/enmbededd_imt/new folder/00-tools/03-imt sdk/03- imt sdk/imt_sdk_win_64/winavr/bin/../lib/gcc/avr/4.3.3/avr5\libgcc.a(_clz.o)

.debug_info     0x00000000     0x1f0d
 *(.debug_info)
 .debug_info    0x00000000       0xb1 d:/cources/enmbededd_imt/new folder/00-tools/03-imt sdk/03- imt sdk/imt_sdk_win_64/winavr/bin/../lib/gcc/avr/4.3.3/avr5\libgcc.a(_fixunssfsi.o)
 .debug_info    0x000000b1      0x47a d:/cources/enmbededd_imt/new folder/00-tools/03-imt sdk/03- imt sdk/imt_sdk_win_64/winavr/bin/../lib/gcc/avr/4.3.3/avr5\libgcc.a(_addsub_sf.o)
 .debug_info    0x0000052b      0x485 d:/cources/enmbededd_imt/new folder/00-tools/03-imt sdk/03- imt sdk/imt_sdk_win_64/winavr/bin/../lib/gcc/avr/4.3.3/avr5\libgcc.a(_mul_sf.o)
 .debug_info    0x000009b0      0x3fc d:/cources/enmbededd_imt/new folder/00-tools/03-imt sdk/03- imt sdk/imt_sdk_win_64/winavr/bin/../lib/gcc/avr/4.3.3/avr5\libgcc.a(_div_sf.o)
 .debug_info    0x00000dac      0x27f d:/cources/enmbededd_imt/new folder/00-tools/03-imt sdk/03- imt sdk/imt_sdk_win_64/winavr/bin/../lib/gcc/avr/4.3.3/avr5\libgcc.a(_ge_sf.o)
 .debug_info    0x0000102b      0x2b0 d:/cources/enmbededd_imt/new folder/00-tools/03-imt sdk/03- imt sdk/imt_sdk_win_64/winavr/bin/../lib/gcc/avr/4.3.3/avr5\libgcc.a(_sf_to_si.o)
 .debug_info    0x000012db      0x12c d:/cources/enmbededd_imt/new folder/00-tools/03-imt sdk/03- imt sdk/imt_sdk_win_64/winavr/bin/../lib/gcc/avr/4.3.3/avr5\libgcc.a(_thenan_sf.o)
 .debug_info    0x00001407      0x206 d:/cources/enmbededd_imt/new folder/00-tools/03-imt sdk/03- imt sdk/imt_sdk_win_64/winavr/bin/../lib/gcc/avr/4.3.3/avr5\libgcc.a(_usi_to_sf.o)
 .debug_info    0x0000160d      0x117 d:/cources/enmbededd_imt/new folder/00-tools/03-imt sdk/03- imt sdk/imt_sdk_win_64/winavr/bin/../lib/gcc/avr/4.3.3/avr5\libgcc.a(_clzsi2.o)
 .debug_info    0x00001724      0x2df d:/cources/enmbededd_imt/new folder/00-tools/03-imt sdk/03- imt sdk/imt_sdk_win_64/winavr/bin/../lib/gcc/avr/4.3.3/avr5\libgcc.a(_pack_sf.o)
 .debug_info    0x00001a03      0x251 d:/cources/enmbededd_imt/new folder/00-tools/03-imt sdk/03- imt sdk/imt_sdk_win_64/winavr/bin/../lib/gcc/avr/4.3.3/avr5\libgcc.a(_unpack_sf.o)
 .debug_info    0x00001c54      0x210 d:/cources/enmbededd_imt/new folder/00-tools/03-imt sdk/03- imt sdk/imt_sdk_win_64/winavr/bin/../lib/gcc/avr/4.3.3/avr5\libgcc.a(_fpcmp_parts_sf.o)
 .debug_info    0x00001e64       0xa9 d:/cources/enmbededd_imt/new folder/00-tools/03-imt sdk/03- imt sdk/imt_sdk_win_64/winavr/bin/../lib/gcc/avr/4.3.3/avr5\libgcc.a(_clz.o)
 *(.gnu.linkonce.wi.*)

.debug_abbrev   0x00000000     0x10d2
 *(.debug_abbrev)
 .debug_abbrev  0x00000000       0x5d d:/cources/enmbededd_imt/new folder/00-tools/03-imt sdk/03- imt sdk/imt_sdk_win_64/winavr/bin/../lib/gcc/avr/4.3.3/avr5\libgcc.a(_fixunssfsi.o)
 .debug_abbrev  0x0000005d      0x1ea d:/cources/enmbededd_imt/new folder/00-tools/03-imt sdk/03- imt sdk/imt_sdk_win_64/winavr/bin/../lib/gcc/avr/4.3.3/avr5\libgcc.a(_addsub_sf.o)
 .debug_abbrev  0x00000247      0x21b d:/cources/enmbededd_imt/new folder/00-tools/03-imt sdk/03- imt sdk/imt_sdk_win_64/winavr/bin/../lib/gcc/avr/4.3.3/avr5\libgcc.a(_mul_sf.o)
 .debug_abbrev  0x00000462      0x216 d:/cources/enmbededd_imt/new folder/00-tools/03-imt sdk/03- imt sdk/imt_sdk_win_64/winavr/bin/../lib/gcc/avr/4.3.3/avr5\libgcc.a(_div_sf.o)
 .debug_abbrev  0x00000678      0x15a d:/cources/enmbededd_imt/new folder/00-tools/03-imt sdk/03- imt sdk/imt_sdk_win_64/winavr/bin/../lib/gcc/avr/4.3.3/avr5\libgcc.a(_ge_sf.o)
 .debug_abbrev  0x000007d2      0x17f d:/cources/enmbededd_imt/new folder/00-tools/03-imt sdk/03- imt sdk/imt_sdk_win_64/winavr/bin/../lib/gcc/avr/4.3.3/avr5\libgcc.a(_sf_to_si.o)
 .debug_abbrev  0x00000951       0xad d:/cources/enmbededd_imt/new folder/00-tools/03-imt sdk/03- imt sdk/imt_sdk_win_64/winavr/bin/../lib/gcc/avr/4.3.3/avr5\libgcc.a(_thenan_sf.o)
 .debug_abbrev  0x000009fe      0x157 d:/cources/enmbededd_imt/new folder/00-tools/03-imt sdk/03- imt sdk/imt_sdk_win_64/winavr/bin/../lib/gcc/avr/4.3.3/avr5\libgcc.a(_usi_to_sf.o)
 .debug_abbrev  0x00000b55       0xc4 d:/cources/enmbededd_imt/new folder/00-tools/03-imt sdk/03- imt sdk/imt_sdk_win_64/winavr/bin/../lib/gcc/avr/4.3.3/avr5\libgcc.a(_clzsi2.o)
 .debug_abbrev  0x00000c19      0x1c0 d:/cources/enmbededd_imt/new folder/00-tools/03-imt sdk/03- imt sdk/imt_sdk_win_64/winavr/bin/../lib/gcc/avr/4.3.3/avr5\libgcc.a(_pack_sf.o)
 .debug_abbrev  0x00000dd9      0x154 d:/cources/enmbededd_imt/new folder/00-tools/03-imt sdk/03- imt sdk/imt_sdk_win_64/winavr/bin/../lib/gcc/avr/4.3.3/avr5\libgcc.a(_unpack_sf.o)
 .debug_abbrev  0x00000f2d      0x13b d:/cources/enmbededd_imt/new folder/00-tools/03-imt sdk/03- imt sdk/imt_sdk_win_64/winavr/bin/../lib/gcc/avr/4.3.3/avr5\libgcc.a(_fpcmp_parts_sf.o)
 .debug_abbrev  0x00001068       0x6a d:/cources/enmbededd_imt/new folder/00-tools/03-imt sdk/03- imt sdk/imt_sdk_win_64/winavr/bin/../lib/gcc/avr/4.3.3/avr5\libgcc.a(_clz.o)

.debug_line     0x00000000     0x1030
 *(.debug_line)
 .debug_line    0x00000000       0xa7 d:/cources/enmbededd_imt/new folder/00-tools/03-imt sdk/03- imt sdk/imt_sdk_win_64/winavr/bin/../lib/gcc/avr/4.3.3/avr5\libgcc.a(_fixunssfsi.o)
 .debug_line    0x000000a7      0x2af d:/cources/enmbededd_imt/new folder/00-tools/03-imt sdk/03- imt sdk/imt_sdk_win_64/winavr/bin/../lib/gcc/avr/4.3.3/avr5\libgcc.a(_addsub_sf.o)
 .debug_line    0x00000356      0x239 d:/cources/enmbededd_imt/new folder/00-tools/03-imt sdk/03- imt sdk/imt_sdk_win_64/winavr/bin/../lib/gcc/avr/4.3.3/avr5\libgcc.a(_mul_sf.o)
 .debug_line    0x0000058f      0x1d5 d:/cources/enmbededd_imt/new folder/00-tools/03-imt sdk/03- imt sdk/imt_sdk_win_64/winavr/bin/../lib/gcc/avr/4.3.3/avr5\libgcc.a(_div_sf.o)
 .debug_line    0x00000764       0xd3 d:/cources/enmbededd_imt/new folder/00-tools/03-imt sdk/03- imt sdk/imt_sdk_win_64/winavr/bin/../lib/gcc/avr/4.3.3/avr5\libgcc.a(_ge_sf.o)
 .debug_line    0x00000837      0x109 d:/cources/enmbededd_imt/new folder/00-tools/03-imt sdk/03- imt sdk/imt_sdk_win_64/winavr/bin/../lib/gcc/avr/4.3.3/avr5\libgcc.a(_sf_to_si.o)
 .debug_line    0x00000940       0x90 d:/cources/enmbededd_imt/new folder/00-tools/03-imt sdk/03- imt sdk/imt_sdk_win_64/winavr/bin/../lib/gcc/avr/4.3.3/avr5\libgcc.a(_thenan_sf.o)
 .debug_line    0x000009d0      0x133 d:/cources/enmbededd_imt/new folder/00-tools/03-imt sdk/03- imt sdk/imt_sdk_win_64/winavr/bin/../lib/gcc/avr/4.3.3/avr5\libgcc.a(_usi_to_sf.o)
 .debug_line    0x00000b03       0xa5 d:/cources/enmbededd_imt/new folder/00-tools/03-imt sdk/03- imt sdk/imt_sdk_win_64/winavr/bin/../lib/gcc/avr/4.3.3/avr5\libgcc.a(_clzsi2.o)
 .debug_line    0x00000ba8      0x18a d:/cources/enmbededd_imt/new folder/00-tools/03-imt sdk/03- imt sdk/imt_sdk_win_64/winavr/bin/../lib/gcc/avr/4.3.3/avr5\libgcc.a(_pack_sf.o)
 .debug_line    0x00000d32      0x14b d:/cources/enmbededd_imt/new folder/00-tools/03-imt sdk/03- imt sdk/imt_sdk_win_64/winavr/bin/../lib/gcc/avr/4.3.3/avr5\libgcc.a(_unpack_sf.o)
 .debug_line    0x00000e7d      0x137 d:/cources/enmbededd_imt/new folder/00-tools/03-imt sdk/03- imt sdk/imt_sdk_win_64/winavr/bin/../lib/gcc/avr/4.3.3/avr5\libgcc.a(_fpcmp_parts_sf.o)
 .debug_line    0x00000fb4       0x7c d:/cources/enmbededd_imt/new folder/00-tools/03-imt sdk/03- imt sdk/imt_sdk_win_64/winavr/bin/../lib/gcc/avr/4.3.3/avr5\libgcc.a(_clz.o)

.debug_frame    0x00000000      0x180
 *(.debug_frame)
 .debug_frame   0x00000000       0x20 d:/cources/enmbededd_imt/new folder/00-tools/03-imt sdk/03- imt sdk/imt_sdk_win_64/winavr/bin/../lib/gcc/avr/4.3.3/avr5\libgcc.a(_fixunssfsi.o)
 .debug_frame   0x00000020       0x40 d:/cources/enmbededd_imt/new folder/00-tools/03-imt sdk/03- imt sdk/imt_sdk_win_64/winavr/bin/../lib/gcc/avr/4.3.3/avr5\libgcc.a(_addsub_sf.o)
 .debug_frame   0x00000060       0x20 d:/cources/enmbededd_imt/new folder/00-tools/03-imt sdk/03- imt sdk/imt_sdk_win_64/winavr/bin/../lib/gcc/avr/4.3.3/avr5\libgcc.a(_mul_sf.o)
 .debug_frame   0x00000080       0x20 d:/cources/enmbededd_imt/new folder/00-tools/03-imt sdk/03- imt sdk/imt_sdk_win_64/winavr/bin/../lib/gcc/avr/4.3.3/avr5\libgcc.a(_div_sf.o)
 .debug_frame   0x000000a0       0x20 d:/cources/enmbededd_imt/new folder/00-tools/03-imt sdk/03- imt sdk/imt_sdk_win_64/winavr/bin/../lib/gcc/avr/4.3.3/avr5\libgcc.a(_ge_sf.o)
 .debug_frame   0x000000c0       0x20 d:/cources/enmbededd_imt/new folder/00-tools/03-imt sdk/03- imt sdk/imt_sdk_win_64/winavr/bin/../lib/gcc/avr/4.3.3/avr5\libgcc.a(_sf_to_si.o)
 .debug_frame   0x000000e0       0x20 d:/cources/enmbededd_imt/new folder/00-tools/03-imt sdk/03- imt sdk/imt_sdk_win_64/winavr/bin/../lib/gcc/avr/4.3.3/avr5\libgcc.a(_usi_to_sf.o)
 .debug_frame   0x00000100       0x20 d:/cources/enmbededd_imt/new folder/00-tools/03-imt sdk/03- imt sdk/imt_sdk_win_64/winavr/bin/../lib/gcc/avr/4.3.3/avr5\libgcc.a(_clzsi2.o)
 .debug_frame   0x00000120       0x20 d:/cources/enmbededd_imt/new folder/00-tools/03-imt sdk/03- imt sdk/imt_sdk_win_64/winavr/bin/../lib/gcc/avr/4.3.3/avr5\libgcc.a(_pack_sf.o)
 .debug_frame   0x00000140       0x20 d:/cources/enmbededd_imt/new folder/00-tools/03-imt sdk/03- imt sdk/imt_sdk_win_64/winavr/bin/../lib/gcc/avr/4.3.3/avr5\libgcc.a(_unpack_sf.o)
 .debug_frame   0x00000160       0x20 d:/cources/enmbededd_imt/new folder/00-tools/03-imt sdk/03- imt sdk/imt_sdk_win_64/winavr/bin/../lib/gcc/avr/4.3.3/avr5\libgcc.a(_fpcmp_parts_sf.o)

.debug_str      0x00000000      0x2e6
 *(.debug_str)
 .debug_str     0x00000000       0xbf d:/cources/enmbededd_imt/new folder/00-tools/03-imt sdk/03- imt sdk/imt_sdk_win_64/winavr/bin/../lib/gcc/avr/4.3.3/avr5\libgcc.a(_fixunssfsi.o)
                                 0xfe (size before relaxing)
 .debug_str     0x000000bf      0x14d d:/cources/enmbededd_imt/new folder/00-tools/03-imt sdk/03- imt sdk/imt_sdk_win_64/winavr/bin/../lib/gcc/avr/4.3.3/avr5\libgcc.a(_addsub_sf.o)
                                0x206 (size before relaxing)
 .debug_str     0x0000020c       0x27 d:/cources/enmbededd_imt/new folder/00-tools/03-imt sdk/03- imt sdk/imt_sdk_win_64/winavr/bin/../lib/gcc/avr/4.3.3/avr5\libgcc.a(_mul_sf.o)
                                0x1bf (size before relaxing)
 .debug_str     0x00000233       0x35 d:/cources/enmbededd_imt/new folder/00-tools/03-imt sdk/03- imt sdk/imt_sdk_win_64/winavr/bin/../lib/gcc/avr/4.3.3/avr5\libgcc.a(_div_sf.o)
                                0x1c8 (size before relaxing)
 .debug_str     0x00000268        0x8 d:/cources/enmbededd_imt/new folder/00-tools/03-imt sdk/03- imt sdk/imt_sdk_win_64/winavr/bin/../lib/gcc/avr/4.3.3/avr5\libgcc.a(_ge_sf.o)
                                0x195 (size before relaxing)
 .debug_str     0x00000270        0xa d:/cources/enmbededd_imt/new folder/00-tools/03-imt sdk/03- imt sdk/imt_sdk_win_64/winavr/bin/../lib/gcc/avr/4.3.3/avr5\libgcc.a(_sf_to_si.o)
                                0x19e (size before relaxing)
 .debug_str     0x00000000      0x103 d:/cources/enmbededd_imt/new folder/00-tools/03-imt sdk/03- imt sdk/imt_sdk_win_64/winavr/bin/../lib/gcc/avr/4.3.3/avr5\libgcc.a(_thenan_sf.o)
 .debug_str     0x0000027a       0x21 d:/cources/enmbededd_imt/new folder/00-tools/03-imt sdk/03- imt sdk/imt_sdk_win_64/winavr/bin/../lib/gcc/avr/4.3.3/avr5\libgcc.a(_usi_to_sf.o)
                                0x177 (size before relaxing)
 .debug_str     0x0000029b       0x20 d:/cources/enmbededd_imt/new folder/00-tools/03-imt sdk/03- imt sdk/imt_sdk_win_64/winavr/bin/../lib/gcc/avr/4.3.3/avr5\libgcc.a(_clzsi2.o)
                                0x111 (size before relaxing)
 .debug_str     0x000002bb       0x10 d:/cources/enmbededd_imt/new folder/00-tools/03-imt sdk/03- imt sdk/imt_sdk_win_64/winavr/bin/../lib/gcc/avr/4.3.3/avr5\libgcc.a(_pack_sf.o)
                                0x19d (size before relaxing)
 .debug_str     0x000002cb        0xb d:/cources/enmbededd_imt/new folder/00-tools/03-imt sdk/03- imt sdk/imt_sdk_win_64/winavr/bin/../lib/gcc/avr/4.3.3/avr5\libgcc.a(_unpack_sf.o)
                                0x17f (size before relaxing)
 .debug_str     0x000002d6       0x10 d:/cources/enmbededd_imt/new folder/00-tools/03-imt sdk/03- imt sdk/imt_sdk_win_64/winavr/bin/../lib/gcc/avr/4.3.3/avr5\libgcc.a(_fpcmp_parts_sf.o)
                                0x163 (size before relaxing)
 .debug_str     0x00000000       0xf4 d:/cources/enmbededd_imt/new folder/00-tools/03-imt sdk/03- imt sdk/imt_sdk_win_64/winavr/bin/../lib/gcc/avr/4.3.3/avr5\libgcc.a(_clz.o)

.debug_loc      0x00000000      0x8f6
 *(.debug_loc)
 .debug_loc     0x00000000       0x34 d:/cources/enmbededd_imt/new folder/00-tools/03-imt sdk/03- imt sdk/imt_sdk_win_64/winavr/bin/../lib/gcc/avr/4.3.3/avr5\libgcc.a(_fixunssfsi.o)
 .debug_loc     0x00000034      0x32a d:/cources/enmbededd_imt/new folder/00-tools/03-imt sdk/03- imt sdk/imt_sdk_win_64/winavr/bin/../lib/gcc/avr/4.3.3/avr5\libgcc.a(_addsub_sf.o)
 .debug_loc     0x0000035e      0x104 d:/cources/enmbededd_imt/new folder/00-tools/03-imt sdk/03- imt sdk/imt_sdk_win_64/winavr/bin/../lib/gcc/avr/4.3.3/avr5\libgcc.a(_mul_sf.o)
 .debug_loc     0x00000462       0xc0 d:/cources/enmbededd_imt/new folder/00-tools/03-imt sdk/03- imt sdk/imt_sdk_win_64/winavr/bin/../lib/gcc/avr/4.3.3/avr5\libgcc.a(_div_sf.o)
 .debug_loc     0x00000522       0x3c d:/cources/enmbededd_imt/new folder/00-tools/03-imt sdk/03- imt sdk/imt_sdk_win_64/winavr/bin/../lib/gcc/avr/4.3.3/avr5\libgcc.a(_ge_sf.o)
 .debug_loc     0x0000055e       0x7e d:/cources/enmbededd_imt/new folder/00-tools/03-imt sdk/03- imt sdk/imt_sdk_win_64/winavr/bin/../lib/gcc/avr/4.3.3/avr5\libgcc.a(_sf_to_si.o)
 .debug_loc     0x000005dc       0x4c d:/cources/enmbededd_imt/new folder/00-tools/03-imt sdk/03- imt sdk/imt_sdk_win_64/winavr/bin/../lib/gcc/avr/4.3.3/avr5\libgcc.a(_usi_to_sf.o)
 .debug_loc     0x00000628       0x94 d:/cources/enmbededd_imt/new folder/00-tools/03-imt sdk/03- imt sdk/imt_sdk_win_64/winavr/bin/../lib/gcc/avr/4.3.3/avr5\libgcc.a(_clzsi2.o)
 .debug_loc     0x000006bc      0x13e d:/cources/enmbededd_imt/new folder/00-tools/03-imt sdk/03- imt sdk/imt_sdk_win_64/winavr/bin/../lib/gcc/avr/4.3.3/avr5\libgcc.a(_pack_sf.o)
 .debug_loc     0x000007fa       0xac d:/cources/enmbededd_imt/new folder/00-tools/03-imt sdk/03- imt sdk/imt_sdk_win_64/winavr/bin/../lib/gcc/avr/4.3.3/avr5\libgcc.a(_unpack_sf.o)
 .debug_loc     0x000008a6       0x50 d:/cources/enmbededd_imt/new folder/00-tools/03-imt sdk/03- imt sdk/imt_sdk_win_64/winavr/bin/../lib/gcc/avr/4.3.3/avr5\libgcc.a(_fpcmp_parts_sf.o)

.debug_macinfo
 *(.debug_macinfo)
OUTPUT(ADC_Driver.elf elf32-avr)
LOAD linker stubs

.debug_ranges   0x00000000       0x50
 .debug_ranges  0x00000000       0x50 d:/cources/enmbededd_imt/new folder/00-tools/03-imt sdk/03- imt sdk/imt_sdk_win_64/winavr/bin/../lib/gcc/avr/4.3.3/avr5\libgcc.a(_mul_sf.o)
